11-30 17:25:27.260      798-798/? W/ResourceType﹕ No known package when getting name for resource number 0x9b040400
11-30 17:25:27.260      798-798/? W/ResourceType﹕ No known package when getting name for resource number 0x9b050500
11-30 17:25:27.260      798-798/? W/ResourceType﹕ No known package when getting name for resource number 0x9b060600
11-30 17:25:27.260      798-798/? W/ResourceType﹕ No known package when getting name for resource number 0x9c010005
11-30 17:25:27.270      798-798/? W/ResourceType﹕ No known package when getting name for resource number 0x9c020201
11-30 17:25:28.290      798-798/? W/ResourceType﹕ No known package when getting name for resource number 0x9b000000
11-30 17:25:28.300      798-798/? W/ResourceType﹕ No known package when getting name for resource number 0x9b020200
11-30 17:25:28.300      798-798/? W/ResourceType﹕ No known package when getting name for resource number 0x9b040400
11-30 17:25:28.300      798-798/? W/ResourceType﹕ No known package when getting name for resource number 0x9b050500
11-30 17:25:28.300      798-798/? W/ResourceType﹕ No known package when getting name for resource number 0x9b060600
11-30 17:25:28.300      798-798/? W/ResourceType﹕ No known package when getting name for resource number 0x9c010005
11-30 17:25:28.300      798-798/? W/ResourceType﹕ No known package when getting name for resource number 0x9c020201
11-30 17:25:29.330      798-798/? W/ResourceType﹕ No known package when getting name for resource number 0x9b000000
11-30 17:25:29.330      798-798/? W/ResourceType﹕ No known package when getting name for resource number 0x9b020200
11-30 17:25:29.330      798-798/? W/ResourceType﹕ No known package when getting name for resource number 0x9b040400
11-30 17:25:29.330      798-798/? W/ResourceType﹕ No known package when getting name for resource number 0x9b050500
11-30 17:25:29.330      798-798/? W/ResourceType﹕ No known package when getting name for resource number 0x9b060600
11-30 17:25:29.330      798-798/? W/ResourceType﹕ No known package when getting name for resource number 0x9c010005
11-30 17:25:29.330      798-798/? W/ResourceType﹕ No known package when getting name for resource number 0x9c020201
11-30 17:25:30.360      798-798/? W/ResourceType﹕ No known package when getting name for resource number 0x9b000000
11-30 17:25:30.360      798-798/? W/ResourceType﹕ No known package when getting name for resource number 0x9b020200
11-30 17:25:30.370      798-798/? W/ResourceType﹕ No known package when getting name for resource number 0x9b040400
11-30 17:25:30.370      798-798/? W/ResourceType﹕ No known package when getting name for resource number 0x9b050500
11-30 17:25:30.370      798-798/? W/ResourceType﹕ No known package when getting name for resource number 0x9b060600
11-30 17:25:30.380      798-798/? W/ResourceType﹕ No known package when getting name for resource number 0x9c010005
11-30 17:25:30.380      798-798/? W/ResourceType﹕ No known package when getting name for resource number 0x9c020201
11-30 17:25:31.410      798-798/? W/ResourceType﹕ No known package when getting name for resource number 0x9b000000
11-30 17:25:31.410      798-798/? W/ResourceType﹕ No known package when getting name for resource number 0x9b020200
11-30 17:25:31.420      798-798/? W/ResourceType﹕ No known package when getting name for resource number 0x9b040400
11-30 17:25:31.420      798-798/? W/ResourceType﹕ No known package when getting name for resource number 0x9b050500
11-30 17:25:31.420      798-798/? W/ResourceType﹕ No known package when getting name for resource number 0x9b060600
11-30 17:25:31.420      798-798/? W/ResourceType﹕ No known package when getting name for resource number 0x9c010005
11-30 17:25:31.420      798-798/? W/ResourceType﹕ No known package when getting name for resource number 0x9c020201
11-30 17:25:31.440    4193-4205/? D/dalvikvm﹕ GC_FOR_ALLOC freed 518K, 86% free 1216K/8184K, paused 9ms, total 9ms
11-30 17:25:32.460      798-798/? W/ResourceType﹕ No known package when getting name for resource number 0x9b000000
11-30 17:25:32.470      798-798/? W/ResourceType﹕ No known package when getting name for resource number 0x9b020200
11-30 17:25:32.470      798-798/? W/ResourceType﹕ No known package when getting name for resource number 0x9b040400
11-30 17:25:32.470      798-798/? W/ResourceType﹕ No known package when getting name for resource number 0x9b050500
11-30 17:25:32.470      798-798/? W/ResourceType﹕ No known package when getting name for resource number 0x9b060600
11-30 17:25:32.470      798-798/? W/ResourceType﹕ No known package when getting name for resource number 0x9c010005
11-30 17:25:32.470      798-798/? W/ResourceType﹕ No known package when getting name for resource number 0x9c020201
11-30 17:25:33.480    4193-4205/? W/org.droidmate.uiad﹕ No wifi switch found while in the process of ensuring that wifi is on!
11-30 17:25:33.510      487-561/? I/ActivityManager﹕ START u0 {act=android.intent.action.MAIN cat=[android.intent.category.HOME] flg=0x10200000 cmp=com.android.launcher/com.android.launcher2.Launcher} from pid 487
11-30 17:25:33.520    4193-4205/? V/org.droidmate.uiad﹕ Waiting for GUI to stabilize...
11-30 17:25:34.020    4193-4205/? V/org.droidmate.uiad﹕ waitForGuiToStabilize: initial waitForIdle took 503ms
11-30 17:25:35.220    4193-4205/? V/org.droidmate.uiad﹕ waitForGuiToStabilize: iteration 1 waitForWindowUpdate took 1201ms
11-30 17:25:35.220    4193-4205/? V/org.droidmate.uiad﹕ waitForGuiToStabilize: iteration 1 waitForIdle took 0ms
11-30 17:25:35.220    4193-4205/? V/org.droidmate.uiad﹕ GUI stabilized after 1 iterations / 1704ms
11-30 17:25:35.230    4193-4205/? D/ServerRunnable59778﹕ Accepting socket from client on port 59778...
11-30 17:25:35.240    4193-4205/? V/ServerRunnable59778﹕ Socket accepted.
11-30 17:25:35.250    4193-4205/? D/org.droidmate.uiad﹕ Executing device command: get_uiautomator_window_hierarchy_dump
11-30 17:25:35.260      798-798/? W/ResourceType﹕ No known package when getting name for resource number 0x9b000000
11-30 17:25:35.260      798-798/? W/ResourceType﹕ No known package when getting name for resource number 0x9b020200
11-30 17:25:35.260      798-798/? W/ResourceType﹕ No known package when getting name for resource number 0x9b040400
11-30 17:25:35.260      798-798/? W/ResourceType﹕ No known package when getting name for resource number 0x9b050500
11-30 17:25:35.260      798-798/? W/ResourceType﹕ No known package when getting name for resource number 0x9b060600
11-30 17:25:35.260      798-798/? W/ResourceType﹕ No known package when getting name for resource number 0x9c010005
11-30 17:25:35.260      798-798/? W/ResourceType﹕ No known package when getting name for resource number 0x9c020201
11-30 17:25:35.280    4193-4205/? I/AccessibilityNodeInfoDumper﹕ Skipping invisible child: android.view.accessibility.AccessibilityNodeInfo@a150; boundsInParent: Rect(0, 0 - 800, 950); boundsInScreen: Rect(-1599, 104 - -799, 1054); packageName: com.android.launcher; className: android.view.View; text: null; contentDescription: Home screen 1; viewIdResName: com.android.launcher:id/cell1; checkable: false; checked: false; focusable: false; focused: false; selected: false; clickable: true; longClickable: true; enabled: true; password: false; scrollable: false; [ACTION_SELECT, ACTION_CLEAR_SELECTION, ACTION_CLICK, ACTION_LONG_CLICK, ACTION_ACCESSIBILITY_FOCUS, ACTION_NEXT_AT_MOVEMENT_GRANULARITY, ACTION_PREVIOUS_AT_MOVEMENT_GRANULARITY, ACTION_SET_SELECTION]
11-30 17:25:35.280    4193-4205/? I/AccessibilityNodeInfoDumper﹕ Skipping invisible child: android.view.accessibility.AccessibilityNodeInfo@a511; boundsInParent: Rect(0, 0 - 800, 950); boundsInScreen: Rect(-799, 104 - 0, 1054); packageName: com.android.launcher; className: android.view.View; text: null; contentDescription: Home screen 2; viewIdResName: com.android.launcher:id/cell2; checkable: false; checked: false; focusable: false; focused: false; selected: false; clickable: true; longClickable: true; enabled: true; password: false; scrollable: false; [ACTION_SELECT, ACTION_CLEAR_SELECTION, ACTION_CLICK, ACTION_LONG_CLICK, ACTION_ACCESSIBILITY_FOCUS, ACTION_NEXT_AT_MOVEMENT_GRANULARITY, ACTION_PREVIOUS_AT_MOVEMENT_GRANULARITY, ACTION_SET_SELECTION]
11-30 17:25:35.280    4193-4205/? I/AccessibilityNodeInfoDumper﹕ Skipping invisible child: android.view.accessibility.AccessibilityNodeInfo@ac93; boundsInParent: Rect(0, 0 - 800, 950); boundsInScreen: Rect(800, 104 - 1600, 1054); packageName: com.android.launcher; className: android.view.View; text: null; contentDescription: Home screen 4; viewIdResName: com.android.launcher:id/cell4; checkable: false; checked: false; focusable: false; focused: false; selected: false; clickable: true; longClickable: true; enabled: true; password: false; scrollable: false; [ACTION_SELECT, ACTION_CLEAR_SELECTION, ACTION_CLICK, ACTION_LONG_CLICK, ACTION_ACCESSIBILITY_FOCUS, ACTION_NEXT_AT_MOVEMENT_GRANULARITY, ACTION_PREVIOUS_AT_MOVEMENT_GRANULARITY, ACTION_SET_SELECTION]
11-30 17:25:35.280    4193-4205/? I/AccessibilityNodeInfoDumper﹕ Skipping invisible child: android.view.accessibility.AccessibilityNodeInfo@b054; boundsInParent: Rect(0, 0 - 800, 950); boundsInScreen: Rect(1600, 104 - 2400, 1054); packageName: com.android.launcher; className: android.view.View; text: null; contentDescription: Home screen 5; viewIdResName: com.android.launcher:id/cell5; checkable: false; checked: false; focusable: false; focused: false; selected: false; clickable: true; longClickable: true; enabled: true; password: false; scrollable: false; [ACTION_SELECT, ACTION_CLEAR_SELECTION, ACTION_CLICK, ACTION_LONG_CLICK, ACTION_ACCESSIBILITY_FOCUS, ACTION_NEXT_AT_MOVEMENT_GRANULARITY, ACTION_PREVIOUS_AT_MOVEMENT_GRANULARITY, ACTION_SET_SELECTION]
11-30 17:25:35.280    4193-4205/? I/AccessibilityNodeInfoDumper﹕ Skipping invisible child: android.view.accessibility.AccessibilityNodeInfo@b415; boundsInParent: Rect(0, 0 - 758, 72); boundsInScreen: Rect(21, -38 - 779, 33); packageName: com.android.launcher; className: android.widget.LinearLayout; text: null; contentDescription: null; viewIdResName: com.android.launcher:id/drag_target_bar; checkable: false; checked: false; focusable: false; focused: false; selected: false; clickable: false; longClickable: false; enabled: true; password: false; scrollable: false; [ACTION_SELECT, ACTION_CLEAR_SELECTION, ACTION_ACCESSIBILITY_FOCUS]
11-30 17:25:35.290    4193-4205/? W/AccessibilityNodeInfoDumper﹕ Fetch time: 13ms
11-30 17:25:35.290    4193-4205/? D/ServerRunnable59778﹕ Accepting socket from client on port 59778...
11-30 17:25:35.300    4193-4205/? V/ServerRunnable59778﹕ Socket accepted.
11-30 17:25:35.310    4193-4205/? D/org.droidmate.uiad﹕ Executing device command: get_uiautomator_window_hierarchy_dump
11-30 17:25:35.320      798-798/? W/ResourceType﹕ No known package when getting name for resource number 0x9b000000
11-30 17:25:35.320      798-798/? W/ResourceType﹕ No known package when getting name for resource number 0x9b020200
11-30 17:25:35.320      798-798/? W/ResourceType﹕ No known package when getting name for resource number 0x9b040400
11-30 17:25:35.320      798-798/? W/ResourceType﹕ No known package when getting name for resource number 0x9b050500
11-30 17:25:35.320      798-798/? W/ResourceType﹕ No known package when getting name for resource number 0x9b060600
11-30 17:25:35.320      798-798/? W/ResourceType﹕ No known package when getting name for resource number 0x9c010005
11-30 17:25:35.320      798-798/? W/ResourceType﹕ No known package when getting name for resource number 0x9c020201
11-30 17:25:35.350    4193-4205/? D/dalvikvm﹕ GC_FOR_ALLOC freed 510K, 86% free 1216K/8184K, paused 8ms, total 8ms
11-30 17:25:35.350    4193-4205/? I/AccessibilityNodeInfoDumper﹕ Skipping invisible child: android.view.accessibility.AccessibilityNodeInfo@a150; boundsInParent: Rect(0, 0 - 800, 950); boundsInScreen: Rect(-1599, 104 - -799, 1054); packageName: com.android.launcher; className: android.view.View; text: null; contentDescription: Home screen 1; viewIdResName: com.android.launcher:id/cell1; checkable: false; checked: false; focusable: false; focused: false; selected: false; clickable: true; longClickable: true; enabled: true; password: false; scrollable: false; [ACTION_SELECT, ACTION_CLEAR_SELECTION, ACTION_CLICK, ACTION_LONG_CLICK, ACTION_ACCESSIBILITY_FOCUS, ACTION_NEXT_AT_MOVEMENT_GRANULARITY, ACTION_PREVIOUS_AT_MOVEMENT_GRANULARITY, ACTION_SET_SELECTION]
11-30 17:25:35.350    4193-4205/? I/AccessibilityNodeInfoDumper﹕ Skipping invisible child: android.view.accessibility.AccessibilityNodeInfo@a511; boundsInParent: Rect(0, 0 - 800, 950); boundsInScreen: Rect(-799, 104 - 0, 1054); packageName: com.android.launcher; className: android.view.View; text: null; contentDescription: Home screen 2; viewIdResName: com.android.launcher:id/cell2; checkable: false; checked: false; focusable: false; focused: false; selected: false; clickable: true; longClickable: true; enabled: true; password: false; scrollable: false; [ACTION_SELECT, ACTION_CLEAR_SELECTION, ACTION_CLICK, ACTION_LONG_CLICK, ACTION_ACCESSIBILITY_FOCUS, ACTION_NEXT_AT_MOVEMENT_GRANULARITY, ACTION_PREVIOUS_AT_MOVEMENT_GRANULARITY, ACTION_SET_SELECTION]
11-30 17:25:35.350    4193-4205/? I/AccessibilityNodeInfoDumper﹕ Skipping invisible child: android.view.accessibility.AccessibilityNodeInfo@ac93; boundsInParent: Rect(0, 0 - 800, 950); boundsInScreen: Rect(800, 104 - 1600, 1054); packageName: com.android.launcher; className: android.view.View; text: null; contentDescription: Home screen 4; viewIdResName: com.android.launcher:id/cell4; checkable: false; checked: false; focusable: false; focused: false; selected: false; clickable: true; longClickable: true; enabled: true; password: false; scrollable: false; [ACTION_SELECT, ACTION_CLEAR_SELECTION, ACTION_CLICK, ACTION_LONG_CLICK, ACTION_ACCESSIBILITY_FOCUS, ACTION_NEXT_AT_MOVEMENT_GRANULARITY, ACTION_PREVIOUS_AT_MOVEMENT_GRANULARITY, ACTION_SET_SELECTION]
11-30 17:25:35.350    4193-4205/? I/AccessibilityNodeInfoDumper﹕ Skipping invisible child: android.view.accessibility.AccessibilityNodeInfo@b054; boundsInParent: Rect(0, 0 - 800, 950); boundsInScreen: Rect(1600, 104 - 2400, 1054); packageName: com.android.launcher; className: android.view.View; text: null; contentDescription: Home screen 5; viewIdResName: com.android.launcher:id/cell5; checkable: false; checked: false; focusable: false; focused: false; selected: false; clickable: true; longClickable: true; enabled: true; password: false; scrollable: false; [ACTION_SELECT, ACTION_CLEAR_SELECTION, ACTION_CLICK, ACTION_LONG_CLICK, ACTION_ACCESSIBILITY_FOCUS, ACTION_NEXT_AT_MOVEMENT_GRANULARITY, ACTION_PREVIOUS_AT_MOVEMENT_GRANULARITY, ACTION_SET_SELECTION]
11-30 17:25:35.350    4193-4205/? I/AccessibilityNodeInfoDumper﹕ Skipping invisible child: android.view.accessibility.AccessibilityNodeInfo@b415; boundsInParent: Rect(0, 0 - 758, 72); boundsInScreen: Rect(21, -38 - 779, 33); packageName: com.android.launcher; className: android.widget.LinearLayout; text: null; contentDescription: null; viewIdResName: com.android.launcher:id/drag_target_bar; checkable: false; checked: false; focusable: false; focused: false; selected: false; clickable: false; longClickable: false; enabled: true; password: false; scrollable: false; [ACTION_SELECT, ACTION_CLEAR_SELECTION, ACTION_ACCESSIBILITY_FOCUS]
11-30 17:25:35.360    4193-4205/? W/AccessibilityNodeInfoDumper﹕ Fetch time: 22ms
11-30 17:25:35.360    4193-4205/? D/ServerRunnable59778﹕ Accepting socket from client on port 59778...
11-30 17:25:35.870    4412-4412/? D/AndroidRuntime﹕ >>>>>> AndroidRuntime START com.android.internal.os.RuntimeInit <<<<<<
11-30 17:25:35.870    4412-4412/? D/AndroidRuntime﹕ CheckJNI is OFF
11-30 17:25:35.880    4412-4412/? D/dalvikvm﹕ Trying to load lib libjavacore.so 0x0
11-30 17:25:35.880    4412-4412/? D/dalvikvm﹕ Added shared lib libjavacore.so 0x0
11-30 17:25:35.890    4412-4412/? D/dalvikvm﹕ Trying to load lib libnativehelper.so 0x0
11-30 17:25:35.890    4412-4412/? D/dalvikvm﹕ Added shared lib libnativehelper.so 0x0
11-30 17:25:35.890    4412-4412/? D/dalvikvm﹕ No JNI_OnLoad found in libnativehelper.so 0x0, skipping init
11-30 17:25:35.920    4412-4412/? D/dalvikvm﹕ Note: class Landroid/app/ActivityManagerNative; has 179 unimplemented (abstract) methods
11-30 17:25:36.070    4412-4412/? E/memtrack﹕ Couldn't load memtrack module (No such file or directory)
11-30 17:25:36.070    4412-4412/? E/android.os.Debug﹕ failed to load memtrack module: -2
11-30 17:25:36.130    4412-4412/? D/AndroidRuntime﹕ Calling main entry com.android.commands.am.Am
11-30 17:25:36.140      487-497/? I/ActivityManager﹕ Force stopping net.zedge.android appid=10151 user=0: from pid 4412
11-30 17:25:36.400      487-689/? I/ActivityManager﹕ START u0 {act=android.intent.action.MAIN cat=[android.intent.category.LAUNCHER] flg=0x10000000 cmp=net.zedge.android/.Main} from pid 4412
11-30 17:25:36.420     487-1229/? I/ActivityManager﹕ Start proc net.zedge.android for activity net.zedge.android/.Main: pid=4423 uid=10151 gids={50151, 3003, 1028, 1015}
11-30 17:25:36.470    4423-4423/? I/System.out﹕ Extracting lib/armeabi/libinstrumentation.so to /data/data/net.zedge.android/files/appguard_monitor_libs/libinstrumentation.so
11-30 17:25:36.480    4423-4423/? I/System.out﹕ Extracting lib/armeabi-v7a/libinstrumentation.so to /data/data/net.zedge.android/files/appguard_monitor_libs/libinstrumentation.so
11-30 17:25:36.490    4423-4423/? D/dalvikvm﹕ DexOpt: --- BEGIN 'monitor.apk' (bootstrap=0) ---
11-30 17:25:36.580    4435-4435/? D/dalvikvm﹕ DexOpt: load 6ms, verify+opt 49ms, 305364 bytes
11-30 17:25:36.640    4423-4423/? D/dalvikvm﹕ DexOpt: --- END 'monitor.apk' (success) ---
11-30 17:25:36.640    4423-4423/? D/dalvikvm﹕ DEX prep '/data/local/tmp/monitor.apk': unzip in 7ms, rewrite 144ms
11-30 17:25:36.660    4423-4423/? D/Monitor_server﹕ Starting monitor TCP server...
11-30 17:25:36.660    4423-4436/? D/MonitorServerRunnable59776﹕ Started MonitorServerRunnable.
11-30 17:25:36.660    4423-4436/? D/MonitorServerRunnable59776﹕ Creating server socket bound to port 59776...
11-30 17:25:36.660    4423-4423/? D/Monitor_server﹕ Starting monitor TCP server succeeded.
11-30 17:25:36.660    4423-4423/? I/Monitor_init﹕ Monitor constructed successfully.
11-30 17:25:36.660    4423-4436/? D/MonitorServerRunnable59776﹕ Accepting socket from client on port 59776...
11-30 17:25:36.660    4423-4423/? D/dalvikvm﹕ Trying to load lib /data/data/net.zedge.android/files/appguard_monitor_libs/libinstrumentation.so 0x42075738
11-30 17:25:36.670    4423-4423/? D/dalvikvm﹕ Added shared lib /data/data/net.zedge.android/files/appguard_monitor_libs/libinstrumentation.so 0x42075738
11-30 17:25:36.670    4423-4423/? D/dalvikvm﹕ No JNI_OnLoad found in /data/data/net.zedge.android/files/appguard_monitor_libs/libinstrumentation.so 0x42075738, skipping init
11-30 17:25:36.690    4423-4423/? I/Instrumentation﹕ Redirected android.app.ActivityManager->getRecentTasks
11-30 17:25:36.700    4423-4423/? I/Instrumentation﹕ Redirected android.app.ActivityManager->getRunningTasks
11-30 17:25:36.710    4423-4423/? I/Instrumentation﹕ Redirected android.app.ActivityThread->installContentProviders
11-30 17:25:36.760    4423-4423/? I/Instrumentation﹕ Redirected android.app.Activity->onResume
11-30 17:25:36.780    4423-4423/? I/Instrumentation﹕ Redirected android.app.Activity->startActivityForResult
11-30 17:25:36.790    4423-4427/? D/dalvikvm﹕ GC_CONCURRENT freed 355K, 5% free 7757K/8148K, paused 5ms+3ms, total 74ms
11-30 17:25:36.810    4423-4423/? I/Instrumentation﹕ Redirected android.app.Activity->startActivityFromChild
11-30 17:25:36.820    4423-4423/? I/Instrumentation﹕ Redirected android.app.Activity->startActivityIfNeeded
11-30 17:25:36.840    4423-4423/? I/Instrumentation﹕ Redirected android.bluetooth.BluetoothHeadset->startVoiceRecognition
11-30 17:25:36.840    4423-4423/? I/Instrumentation﹕ Redirected android.bluetooth.BluetoothHeadset->stopVoiceRecognition
11-30 17:25:36.850    4423-4423/? I/Instrumentation﹕ Redirected android.content.ContentProviderClient->bulkInsert
11-30 17:25:36.860    4423-4423/? I/Instrumentation﹕ Redirected android.content.ContentProviderClient->delete
11-30 17:25:36.870    4423-4423/? I/Instrumentation﹕ Redirected android.content.ContentProviderClient->insert
11-30 17:25:36.870    4423-4423/? I/Instrumentation﹕ Redirected android.content.ContentProviderClient->openFile
11-30 17:25:36.880    4423-4423/? I/Instrumentation﹕ Redirected android.content.ContentProviderClient->query
11-30 17:25:36.890    4423-4423/? I/Instrumentation﹕ Redirected android.content.ContentProviderClient->update
11-30 17:25:36.910    4423-4423/? I/Instrumentation﹕ Redirected android.content.ContentResolver->bulkInsert
11-30 17:25:36.910    4423-4427/? D/dalvikvm﹕ GC_CONCURRENT freed 468K, 7% free 7743K/8248K, paused 3ms+1ms, total 31ms
11-30 17:25:36.920    4423-4423/? I/Instrumentation﹕ Redirected android.content.ContentResolver->delete
11-30 17:25:36.920    4423-4423/? I/Instrumentation﹕ Redirected android.content.ContentResolver->insert
11-30 17:25:36.930    4423-4423/? I/Instrumentation﹕ Redirected android.content.ContentResolver->openFileDescriptor
11-30 17:25:36.930    4423-4423/? I/Instrumentation﹕ Redirected android.content.ContentResolver->openInputStream
11-30 17:25:36.940    4423-4423/? I/Instrumentation﹕ Redirected android.content.ContentResolver->query
11-30 17:25:36.950    4423-4423/? I/Instrumentation﹕ Redirected android.content.ContentResolver->registerContentObserver
11-30 17:25:36.950    4423-4423/? I/Instrumentation﹕ Redirected android.content.ContentResolver->update
11-30 17:25:36.960    4423-4423/? I/Instrumentation﹕ Redirected android.hardware.Camera->open
11-30 17:25:36.960    4423-4423/? I/Instrumentation﹕ Redirected android.location.LocationManager->addGpsStatusListener
11-30 17:25:36.980    4423-4423/? I/Instrumentation﹕ Redirected android.location.LocationManager->addNmeaListener
11-30 17:25:36.980    4423-4427/? D/dalvikvm﹕ GC_CONCURRENT freed 433K, 6% free 7762K/8248K, paused 2ms+2ms, total 18ms
11-30 17:25:36.990    4423-4423/? I/Instrumentation﹕ Redirected android.location.LocationManager->addProximityAlert
11-30 17:25:37.000    4423-4423/? I/Instrumentation﹕ Redirected android.location.LocationManager->addTestProvider
11-30 17:25:37.010    4423-4423/? I/Instrumentation﹕ Redirected android.location.LocationManager->clearTestProviderEnabled
11-30 17:25:37.010    4423-4423/? I/Instrumentation﹕ Redirected android.location.LocationManager->clearTestProviderLocation
11-30 17:25:37.010    4423-4423/? I/Instrumentation﹕ Redirected android.location.LocationManager->clearTestProviderStatus
11-30 17:25:37.020    4423-4423/? I/Instrumentation﹕ Redirected android.location.LocationManager->getBestProvider
11-30 17:25:37.020    4423-4423/? I/Instrumentation﹕ Redirected android.location.LocationManager->getLastKnownLocation
11-30 17:25:37.030    4423-4423/? I/Instrumentation﹕ Redirected android.location.LocationManager->getProvider
11-30 17:25:37.030    4423-4423/? I/Instrumentation﹕ Redirected android.location.LocationManager->getProviders
11-30 17:25:37.040    4423-4423/? I/Instrumentation﹕ Redirected android.location.LocationManager->getProviders
11-30 17:25:37.050    4423-4423/? I/Instrumentation﹕ Redirected android.location.LocationManager->isProviderEnabled
11-30 17:25:37.050    4423-4423/? I/Instrumentation﹕ Redirected android.location.LocationManager->removeTestProvider
11-30 17:25:37.060    4423-4423/? I/Instrumentation﹕ Redirected android.location.LocationManager->requestLocationUpdates
11-30 17:25:37.070    4423-4427/? D/dalvikvm﹕ GC_CONCURRENT freed 465K, 7% free 7779K/8284K, paused 2ms+2ms, total 18ms
11-30 17:25:37.070    4423-4423/? I/Instrumentation﹕ Redirected android.location.LocationManager->requestLocationUpdates
11-30 17:25:37.080    4423-4423/? I/Instrumentation﹕ Redirected android.location.LocationManager->requestLocationUpdates
11-30 17:25:37.090    4423-4423/? I/Instrumentation﹕ Redirected android.location.LocationManager->requestLocationUpdates
11-30 17:25:37.090    4423-4423/? I/Instrumentation﹕ Redirected android.location.LocationManager->requestLocationUpdates
11-30 17:25:37.100    4423-4423/? I/Instrumentation﹕ Redirected android.location.LocationManager->requestSingleUpdate
11-30 17:25:37.100    4423-4423/? I/Instrumentation﹕ Redirected android.location.LocationManager->requestSingleUpdate
11-30 17:25:37.110    4423-4423/? I/Instrumentation﹕ Redirected android.location.LocationManager->requestSingleUpdate
11-30 17:25:37.110    4423-4423/? I/Instrumentation﹕ Redirected android.location.LocationManager->requestSingleUpdate
11-30 17:25:37.120    4423-4423/? I/Instrumentation﹕ Redirected android.location.LocationManager->sendExtraCommand
11-30 17:25:37.130    4423-4423/? I/Instrumentation﹕ Redirected android.location.LocationManager->setTestProviderEnabled
11-30 17:25:37.130    4423-4427/? D/dalvikvm﹕ GC_CONCURRENT freed 426K, 7% free 7775K/8284K, paused 3ms+2ms, total 19ms
11-30 17:25:37.140    4423-4423/? I/Instrumentation﹕ Redirected android.location.LocationManager->setTestProviderLocation
11-30 17:25:37.150    4423-4423/? I/Instrumentation﹕ Redirected android.location.LocationManager->setTestProviderStatus
11-30 17:25:37.150    4423-4423/? I/Instrumentation﹕ Redirected android.media.AudioManager->isBluetoothA2dpOn
11-30 17:25:37.160    4423-4423/? I/Instrumentation﹕ Redirected android.media.AudioManager->isWiredHeadsetOn
11-30 17:25:37.170    4423-4423/? I/Instrumentation﹕ Redirected android.media.AudioManager->setBluetoothScoOn
11-30 17:25:37.170    4423-4423/? I/Instrumentation﹕ Redirected android.media.AudioManager->setMicrophoneMute
11-30 17:25:37.180    4423-4423/? I/Instrumentation﹕ Redirected android.media.AudioManager->setMode
11-30 17:25:37.180    4423-4423/? I/Instrumentation﹕ Redirected android.media.AudioManager->setParameter
11-30 17:25:37.190    4423-4423/? I/Instrumentation﹕ Redirected android.media.AudioManager->setParameters
11-30 17:25:37.200    4423-4423/? I/Instrumentation﹕ Redirected android.media.AudioManager->setSpeakerphoneOn
11-30 17:25:37.210    4423-4423/? I/Instrumentation﹕ Redirected android.media.AudioManager->startBluetoothSco
11-30 17:25:37.210    4423-4427/? D/dalvikvm﹕ GC_CONCURRENT freed 420K, 6% free 7788K/8284K, paused 2ms+2ms, total 18ms
11-30 17:25:37.210    4423-4423/? I/Instrumentation﹕ Redirected android.media.AudioManager->stopBluetoothSco
11-30 17:25:37.220    4423-4423/? I/Instrumentation﹕ Redirected android.media.MediaPlayer->setWakeMode
11-30 17:25:37.230    4423-4423/? I/Instrumentation﹕ Redirected android.media.MediaRecorder->setAudioSource
11-30 17:25:37.230    4423-4423/? I/Instrumentation﹕ Redirected android.media.MediaRecorder->setVideoSource
11-30 17:25:37.240    4423-4423/? I/Instrumentation﹕ Redirected android.net.ConnectivityManager->requestRouteToHost
11-30 17:25:37.250    4423-4423/? I/Instrumentation﹕ Redirected android.net.ConnectivityManager->setMobileDataEnabled
11-30 17:25:37.250    4423-4423/? I/Instrumentation﹕ Redirected android.net.ConnectivityManager->setNetworkPreference
11-30 17:25:37.260    4423-4423/? I/Instrumentation﹕ Redirected android.net.ConnectivityManager->setRadio
11-30 17:25:37.260    4423-4423/? I/Instrumentation﹕ Redirected android.net.ConnectivityManager->setRadios
11-30 17:25:37.270    4423-4423/? I/Instrumentation﹕ Redirected android.net.ConnectivityManager->startUsingNetworkFeature
11-30 17:25:37.280    4423-4423/? I/Instrumentation﹕ Redirected android.net.ConnectivityManager->stopUsingNetworkFeature
11-30 17:25:37.290    4423-4423/? I/Instrumentation﹕ Redirected android.net.ConnectivityManager->tether
11-30 17:25:37.300    4423-4427/? D/dalvikvm﹕ GC_CONCURRENT freed 420K, 6% free 7814K/8284K, paused 2ms+2ms, total 18ms
11-30 17:25:37.300    4423-4423/? I/Instrumentation﹕ Redirected android.net.ConnectivityManager->untether
11-30 17:25:37.300    4423-4423/? I/Instrumentation﹕ Redirected android.net.wifi.WifiManager.MulticastLock->acquire
11-30 17:25:37.300    4423-4423/? I/Instrumentation﹕ Redirected android.net.wifi.WifiManager.MulticastLock->release
11-30 17:25:37.310    4423-4423/? I/Instrumentation﹕ Redirected android.net.wifi.WifiManager.WifiLock->acquire
11-30 17:25:37.310    4423-4423/? I/Instrumentation﹕ Redirected android.net.wifi.WifiManager.WifiLock->release
11-30 17:25:37.320    4423-4423/? I/Instrumentation﹕ Redirected android.net.wifi.WifiManager->addNetwork
11-30 17:25:37.320    4423-4423/? I/Instrumentation﹕ Redirected android.net.wifi.WifiManager->disableNetwork
11-30 17:25:37.330    4423-4423/? I/Instrumentation﹕ Redirected android.net.wifi.WifiManager->disconnect
11-30 17:25:37.340    4423-4423/? I/Instrumentation﹕ Redirected android.net.wifi.WifiManager->enableNetwork
11-30 17:25:37.340    4423-4423/? I/Instrumentation﹕ Redirected android.net.wifi.WifiManager->initializeMulticastFiltering
11-30 17:25:37.350    4423-4423/? I/Instrumentation﹕ Redirected android.net.wifi.WifiManager->pingSupplicant
11-30 17:25:37.350    4423-4423/? I/Instrumentation﹕ Redirected android.net.wifi.WifiManager->reassociate
11-30 17:25:37.360    4423-4423/? I/Instrumentation﹕ Redirected android.net.wifi.WifiManager->reconnect
11-30 17:25:37.370    4423-4423/? I/Instrumentation﹕ Redirected android.net.wifi.WifiManager->removeNetwork
11-30 17:25:37.380    4423-4423/? I/Instrumentation﹕ Redirected android.net.wifi.WifiManager->saveConfiguration
11-30 17:25:37.380    4423-4427/? D/dalvikvm﹕ GC_CONCURRENT freed 419K, 6% free 7819K/8284K, paused 2ms+2ms, total 18ms
11-30 17:25:37.390    4423-4423/? I/Instrumentation﹕ Redirected android.net.wifi.WifiManager->setWifiApEnabled
11-30 17:25:37.390    4423-4423/? I/Instrumentation﹕ Redirected android.net.wifi.WifiManager->setWifiEnabled
11-30 17:25:37.400    4423-4423/? I/Instrumentation﹕ Redirected android.net.wifi.WifiManager->startScan
11-30 17:25:37.400    4423-4423/? I/Instrumentation﹕ Redirected android.os.PowerManager.WakeLock->acquire
11-30 17:25:37.410    4423-4423/? I/Instrumentation﹕ Redirected android.os.PowerManager.WakeLock->acquire
11-30 17:25:37.410    4423-4423/? I/Instrumentation﹕ Redirected android.os.PowerManager.WakeLock->release
11-30 17:25:37.420    4423-4423/? I/Instrumentation﹕ Redirected android.os.PowerManager.WakeLock->release
11-30 17:25:37.420    4423-4423/? I/Instrumentation﹕ Redirected android.speech.SpeechRecognizer->cancel
11-30 17:25:37.430    4423-4423/? I/Instrumentation﹕ Redirected android.speech.SpeechRecognizer->handleCancelMessage
11-30 17:25:37.430    4423-4423/? I/Instrumentation﹕ Redirected android.speech.SpeechRecognizer->handleStartListening
11-30 17:25:37.430    4423-4423/? I/Instrumentation﹕ Redirected android.speech.SpeechRecognizer->handleStopMessage
11-30 17:25:37.440    4423-4423/? I/Instrumentation﹕ Redirected android.speech.SpeechRecognizer->startListening
11-30 17:25:37.440    4423-4423/? I/Instrumentation﹕ Redirected android.speech.SpeechRecognizer->stopListening
11-30 17:25:37.450    4423-4423/? I/Instrumentation﹕ Redirected android.telephony.TelephonyManager->getCellLocation
11-30 17:25:37.460    4423-4423/? I/Instrumentation﹕ Redirected android.telephony.TelephonyManager->getDeviceId
11-30 17:25:37.460    4423-4427/? D/dalvikvm﹕ GC_CONCURRENT freed 444K, 6% free 7836K/8320K, paused 3ms+2ms, total 19ms
11-30 17:25:37.470    4423-4423/? I/Instrumentation﹕ Redirected android.telephony.TelephonyManager->getDeviceSoftwareVersion
11-30 17:25:37.470    4423-4423/? I/Instrumentation﹕ Redirected android.telephony.TelephonyManager->getLine1Number
11-30 17:25:37.480    4423-4423/? I/Instrumentation﹕ Redirected android.telephony.TelephonyManager->getNeighboringCellInfo
11-30 17:25:37.480    4423-4423/? I/Instrumentation﹕ Redirected android.telephony.TelephonyManager->getSimSerialNumber
11-30 17:25:37.490    4423-4423/? I/Instrumentation﹕ Redirected android.telephony.TelephonyManager->getSubscriberId
11-30 17:25:37.490    4423-4423/? I/Instrumentation﹕ Redirected android.telephony.TelephonyManager->getVoiceMailAlphaTag
11-30 17:25:37.500    4423-4423/? I/Instrumentation﹕ Redirected android.telephony.TelephonyManager->getVoiceMailNumber
11-30 17:25:37.510    4423-4423/? I/Instrumentation﹕ Redirected android.telephony.TelephonyManager->listen
11-30 17:25:37.510    4423-4423/? I/Instrumentation﹕ Redirected android.webkit.WebView->loadDataWithBaseURL
11-30 17:25:37.530    4423-4423/? I/Instrumentation﹕ Redirected android.webkit.WebView->loadUrl
11-30 17:25:37.530    4423-4427/? D/dalvikvm﹕ GC_CONCURRENT freed 380K, 6% free 7872K/8320K, paused 2ms+2ms, total 18ms
11-30 17:25:37.540    4423-4423/? I/Instrumentation﹕ Redirected android.webkit.WebView->loadUrl
11-30 17:25:37.540    4423-4423/? I/Instrumentation﹕ Redirected java.net.DatagramSocket->connect
11-30 17:25:37.540    4423-4423/? I/Instrumentation﹕ Redirected java.net.DatagramSocket->connect
11-30 17:25:37.550    4423-4423/? I/Instrumentation﹕ Redirected java.net.MulticastSocket->joinGroup
11-30 17:25:37.550    4423-4423/? I/Instrumentation﹕ Redirected java.net.MulticastSocket->joinGroup
11-30 17:25:37.550    4423-4423/? I/Instrumentation﹕ Redirected java.net.Socket->connect
11-30 17:25:37.550    4423-4423/? I/Instrumentation﹕ Redirected java.net.Socket->connect
11-30 17:25:37.550    4423-4423/? I/Instrumentation﹕ Redirected java.net.URL->openConnection
11-30 17:25:37.560    4423-4423/? I/Instrumentation﹕ Redirected org.apache.http.impl.client.AbstractHttpClient->execute
11-30 17:25:37.570    4423-4423/? I/Instrumentation﹕ Redirected android.media.AudioRecord-><init>
11-30 17:25:37.570    4423-4423/? I/Instrumentation﹕ Redirected java.net.Socket-><init>
11-30 17:25:37.570    4423-4423/? I/Instrumentation﹕ Redirected java.net.Socket-><init>
11-30 17:25:37.570    4423-4423/? I/Instrumentation﹕ Redirected java.net.Socket-><init>
11-30 17:25:37.580    4423-4423/? I/Instrumentation﹕ Redirected java.net.Socket-><init>
11-30 17:25:37.580    4423-4423/? I/Instrumentation﹕ Redirected java.net.Socket-><init>
11-30 17:25:37.580    4423-4423/? I/Instrumentation﹕ Redirected java.net.Socket-><init>
11-30 17:25:37.580    4423-4423/? I/Monitor_init﹕ Monitor initialized for package net.zedge.android
11-30 17:25:37.580    4423-4423/? D/AppDexLoader﹕ Loading app-1448900700750.apk
11-30 17:25:37.590    4423-4427/? D/dalvikvm﹕ GC_CONCURRENT freed 531K, 7% free 7846K/8420K, paused 3ms+2ms, total 21ms
11-30 17:25:37.590    4423-4423/? D/dalvikvm﹕ WAIT_FOR_CONCURRENT_GC blocked 9ms
11-30 17:25:39.380    1028-1300/? I/Icing﹕ Indexing 7554E2D2C0BD4494F4A0CC27CC1694461318661F from com.android.chrome
11-30 17:25:39.390    3516-3516/? W/chromium﹕ [WARNING:data_provider.cc(49)] No data for url http://facebook.com/PicsArtPhotoStudio
11-30 17:25:39.390    3516-3516/? W/chromium﹕ [WARNING:data_provider.cc(49)] No data for url https://facebook.com/PicsArtPhotoStudio
11-30 17:25:39.390    3516-3516/? W/chromium﹕ [WARNING:data_provider.cc(49)] No data for url https://www.facebook.com/PicsArtPhotoStudio?_rdr=p
11-30 17:25:39.390    3516-3516/? W/chromium﹕ [WARNING:data_provider.cc(49)] No data for url https://www.facebook.com/fbrdr/274/338534792839928/?src=https%3A%2F%2Fwww.facebook.com%2FPicsArtPhotoStudio
11-30 17:25:39.390    3516-3516/? W/chromium﹕ [WARNING:data_provider.cc(49)] No data for url https://m.facebook.com/fbrdr/274/338534792839928/?src=https%3A%2F%2Fwww.facebook.com%2FPicsArtPhotoStudio
11-30 17:25:39.390    3516-3516/? W/chromium﹕ [WARNING:data_provider.cc(49)] No data for url https://www.facebook.com/PicsArtPhotoStudio?__nodl&refsrc=https%3A%2F%2Fm.facebook.com%2Ffbrdr%2F274%2F338534792839928%2F&_rdr
11-30 17:25:39.430    1028-1300/? I/Icing﹕ Indexing done 7554E2D2C0BD4494F4A0CC27CC1694461318661F
11-30 17:25:41.100    4423-4423/? D/dalvikvm﹕ DexOpt: --- BEGIN 'app-1448900700750.apk' (bootstrap=0) ---
11-30 17:25:41.550    4452-4452/? W/dalvikvm﹕ method Lcom/actionbarsherlock/internal/widget/IcsLinearLayout;.drawDividersHorizontal incorrectly overrides package-private method with same name in Landroid/widget/LinearLayout;
11-30 17:25:41.550    4452-4452/? W/dalvikvm﹕ method Lcom/actionbarsherlock/internal/widget/IcsLinearLayout;.drawDividersVertical incorrectly overrides package-private method with same name in Landroid/widget/LinearLayout;
11-30 17:25:41.550    4452-4452/? W/dalvikvm﹕ method Lcom/actionbarsherlock/internal/widget/IcsLinearLayout;.drawHorizontalDivider incorrectly overrides package-private method with same name in Landroid/widget/LinearLayout;
11-30 17:25:41.550    4452-4452/? W/dalvikvm﹕ method Lcom/actionbarsherlock/internal/widget/IcsLinearLayout;.drawVerticalDivider incorrectly overrides package-private method with same name in Landroid/widget/LinearLayout;
11-30 17:25:41.660    4452-4452/? D/dalvikvm﹕ Note: class Lcom/google/android/gms/games/internal/IGamesService$Stub; has 191 unimplemented (abstract) methods
11-30 17:25:44.280    4452-4452/? D/dalvikvm﹕ DexOpt: load 362ms, verify+opt 2434ms, 5936380 bytes
11-30 17:25:46.410      487-503/? W/ActivityManager﹕ Launch timeout has expired, giving up wake lock!
11-30 17:25:46.410      487-502/? E/WindowManager﹕ Starting window AppWindowToken{42bef8c8 token=Token{4260be70 ActivityRecord{42661350 u0 net.zedge.android/.Main t6}}} timed out
11-30 17:25:46.440    4412-4412/? D/AndroidRuntime﹕ Shutting down VM
11-30 17:25:46.440    4412-4419/? D/jdwp﹕ Got wake-up signal, bailing out of select
11-30 17:25:46.440    4412-4419/? D/dalvikvm﹕ Debugger has detached; object registry had 1 entries
11-30 17:25:46.480    4423-4423/? D/dalvikvm﹕ DexOpt: --- END 'app-1448900700750.apk' (success) ---
11-30 17:25:46.480    4423-4423/? D/dalvikvm﹕ DEX prep '/data/data/net.zedge.android/app_appguard_dex/app-1448900700750.apk': unzip in 156ms, rewrite 5374ms
11-30 17:25:47.020    4423-4427/? D/dalvikvm﹕ GC_CONCURRENT freed 188K, 3% free 8169K/8416K, paused 3ms+2ms, total 27ms
11-30 17:25:47.020    4423-4423/? D/dalvikvm﹕ WAIT_FOR_CONCURRENT_GC blocked 6ms
11-30 17:25:47.030    4423-4423/? I/Monitored_API_method_call﹕ TId: 1 objCls: android.app.ActivityThread mthd: installContentProviders retCls: void params: android.content.Context com.srt.appguard.loader.MonitorLoaderApplication@42065978 java.util.List [ContentProviderInfo{name=net.zedge.android.provider.ZedgeSearchSuggestionsProvider_className=net.zedge.android.provider.ZedgeSearchSuggestionsProvider}] stacktrace: dalvik.system.VMStack.getThreadStackTrace(Native Method)->java.lang.Thread.getStackTrace(Thread.java:579)->org.droidmate.monitor_generator.generated.Monitor.getStackTrace(Monitor.java:442)->org.droidmate.monitor_generator.generated.Monitor.redir_android_app_ActivityThread_installContentProviders2(Monitor.java:720)->java.lang.reflect.Method.invokeNative(Native Method)->java.lang.reflect.Method.invoke(Method.java:515)->android.app.ActivityThread.installContentProviders(ActivityThread.java)->android.app.ActivityThread.handleBindApplication(ActivityThread.java:4309)->android.app.ActivityThread.access$1500(ActivityThread.java:135)->android.app.ActivityThread$H.handleMessage(ActivityThread.java:1256)->android.os.Handler.dispatchMessage(Handler.java:102)->android.os.Looper.loop(Looper.java:136)->android.app.ActivityThread.main(ActivityThread.java:5001)->java.lang.reflect.Method.invokeNative(Native Method)->java.lang.reflect.Method.invoke(Method.java:515)->com.android.internal.os.ZygoteInit$MethodAndArgsCaller.run(ZygoteInit.java:785)->com.android.internal.os.ZygoteInit.main(ZygoteInit.java:601)->dalvik.system.NativeStart.main(Native Method)
11-30 17:25:47.030    4423-4423/? V/Monitor_server﹕ addCurrentLogs(TId: 1 objCls: android.app.ActivityThread mthd: installContentProviders retCls: void params: android.content.Context com.srt.appguard.loader.MonitorLoaderApplication@42065978 java.util.List [ContentProviderInfo{name=net.zedge.android.provider.ZedgeSearchSuggestionsProvider_className=net.zedge.android.provider.ZedgeSearchSuggestionsProvider}] stacktrace: dalvik.system.VMStack.getThreadStackTrace(Native Method)->java.lang.Thread.getStackTrace(Thread.java:579)->org.droidmate.monitor_generator.generated.Monitor.getStackTrace(Monitor.java:442)->org.droidmate.monitor_generator.generated.Monitor.redir_android_app_ActivityThread_installContentProviders2(Monitor.java:720)->java.lang.reflect.Method.invokeNative(Native Method)->java.lang.reflect.Method.invoke(Method.java:515)->android.app.ActivityThread.installContentProviders(ActivityThread.java)->android.app.ActivityThread.handleBindApplication(ActivityThread.java:4309)->android.app.ActivityThread.access$1500(ActivityThread.java:135)->android.app.ActivityThread$H.handleMessage(ActivityThread.java:1256)->android.os.Handler.dispatchMessage(Handler.java:102)->android.os.Looper.loop(Looper.java:136)->android.app.ActivityThread.main(ActivityThread.java:5001)->java.lang.reflect.Method.invokeNative(Native Method)->java.lang.reflect.Method.invoke(Method.java:515)->com.android.internal.os.ZygoteInit$MethodAndArgsCaller.run(ZygoteInit.java:785)->com.android.internal.os.ZygoteInit.main(ZygoteInit.java:601)->dalvik.system.NativeStart.main(Native Method))
11-30 17:25:47.030    4423-4423/? V/Monitor_server﹕ final Date nowDate = new Date(startDate.getTime() + (System.nanoTime() - startNanoTime) / 1000000);
11-30 17:25:47.040    4423-4423/? V/Monitor_server﹕ final String formattedDate = monitor_time_formatter.format(nowDate);
11-30 17:25:47.040    4423-4423/? V/Monitor_server﹕ return formattedDate;
11-30 17:25:47.050    4423-4423/? V/WebViewChromiumFactoryProvider﹕ Binding Chromium to main looper Looper (main, tid 1) {4205f308}
11-30 17:25:47.050    4423-4423/? I/LibraryLoader﹕ Expected native library version number "",actual native library version number ""
11-30 17:25:47.050    4423-4423/? I/chromium﹕ [INFO:library_loader_hooks.cc(116)] Chromium logging enabled: level = 0, default verbosity = 0
11-30 17:25:47.050    4423-4423/? I/BrowserStartupController﹕ Initializing chromium process, renderers=0
11-30 17:25:47.060    4423-4423/? E/AudioManagerAndroid﹕ BLUETOOTH permission is missing!
11-30 17:25:47.060    4423-4461/? I/Monitored_API_method_call﹕ TId: 222 objCls: android.content.ContentResolver mthd: registerContentObserver retCls: void params: android.net.Uri content://settings/system boolean true android.database.ContentObserver com.android.org.chromium.media.AudioManagerAndroid$SettingsObserver@42126d98 stacktrace: dalvik.system.VMStack.getThreadStackTrace(Native Method)->java.lang.Thread.getStackTrace(Thread.java:579)->org.droidmate.monitor_generator.generated.Monitor.getStackTrace(Monitor.java:442)->org.droidmate.monitor_generator.generated.Monitor.redir_android_content_ContentResolver_registerContentObserver3(Monitor.java:951)->java.lang.reflect.Method.invokeNative(Native Method)->java.lang.reflect.Method.invoke(Method.java:515)->android.content.ContentResolver.registerContentObserver(ContentResolver.java)->com.android.org.chromium.media.AudioManagerAndroid$SettingsObserver.<init>(AudioManagerAndroid.java:619)->com.android.org.chromium.media.AudioManagerAndroid$SettingsObserverThread.run(AudioManagerAndroid.java:643)
11-30 17:25:47.060    4423-4461/? V/Monitor_server﹕ addCurrentLogs(TId: 222 objCls: android.content.ContentResolver mthd: registerContentObserver retCls: void params: android.net.Uri content://settings/system boolean true android.database.ContentObserver com.android.org.chromium.media.AudioManagerAndroid$SettingsObserver@42126d98 stacktrace: dalvik.system.VMStack.getThreadStackTrace(Native Method)->java.lang.Thread.getStackTrace(Thread.java:579)->org.droidmate.monitor_generator.generated.Monitor.getStackTrace(Monitor.java:442)->org.droidmate.monitor_generator.generated.Monitor.redir_android_content_ContentResolver_registerContentObserver3(Monitor.java:951)->java.lang.reflect.Method.invokeNative(Native Method)->java.lang.reflect.Method.invoke(Method.java:515)->android.content.ContentResolver.registerContentObserver(ContentResolver.java)->com.android.org.chromium.media.AudioManagerAndroid$SettingsObserver.<init>(AudioManagerAndroid.java:619)->com.android.org.chromium.media.AudioManagerAndroid$SettingsObserverThread.run(AudioManagerAndroid.java:643))
11-30 17:25:47.060    4423-4461/? V/Monitor_server﹕ final Date nowDate = new Date(startDate.getTime() + (System.nanoTime() - startNanoTime) / 1000000);
11-30 17:25:47.060    4423-4461/? V/Monitor_server﹕ final String formattedDate = monitor_time_formatter.format(nowDate);
11-30 17:25:47.060    4423-4461/? V/Monitor_server﹕ return formattedDate;
11-30 17:25:47.070    4423-4423/? D/libEGL﹕ loaded /system/lib/egl/libEGL_tegra.so
11-30 17:25:47.080    4423-4423/? D/libEGL﹕ loaded /system/lib/egl/libGLESv1_CM_tegra.so
11-30 17:25:47.100    4423-4423/? D/libEGL﹕ loaded /system/lib/egl/libGLESv2_tegra.so
11-30 17:25:47.240    4423-4427/? D/dalvikvm﹕ GC_CONCURRENT freed 267K, 4% free 8310K/8616K, paused 3ms+4ms, total 24ms
11-30 17:25:47.250    4423-4423/? I/dalvikvm﹕ Could not find method android.view.Window.setStatusBarColor, referenced from method net.zedge.android.util.ActivityNotificationBarUtil.setNotificationBarColor
11-30 17:25:47.250    4423-4423/? W/dalvikvm﹕ VFY: unable to resolve virtual method 6025: Landroid/view/Window;.setStatusBarColor (I)V
11-30 17:25:47.250    4423-4423/? D/dalvikvm﹕ VFY: replacing opcode 0x6e at 0x0017
11-30 17:25:47.260    4423-4423/? I/Monitored_API_method_call﹕ TId: 1 objCls: android.app.Activity mthd: onResume retCls: void params:  stacktrace: dalvik.system.VMStack.getThreadStackTrace(Native Method)->java.lang.Thread.getStackTrace(Thread.java:579)->org.droidmate.monitor_generator.generated.Monitor.getStackTrace(Monitor.java:442)->org.droidmate.monitor_generator.generated.Monitor.redir_android_app_Activity_onResume0(Monitor.java:731)->java.lang.reflect.Method.invokeNative(Native Method)->java.lang.reflect.Method.invoke(Method.java:515)->android.app.Activity.onResume(Activity.java)->android.support.v4.app.FragmentActivity.onResume(Unknown Source)->net.zedge.android.activity.ZedgeBaseActivity.onResume(Unknown Source)->net.zedge.android.activity.StartupActivity.onResume(Unknown Source)->android.app.Instrumentation.callActivityOnResume(Instrumentation.java:1192)->android.app.Activity.performResume(Activity.java:5310)->android.app.ActivityThread.performResumeActivity(ActivityThread.java:2764)->android.app.ActivityThread.handleResumeActivity(ActivityThread.java:2803)->android.app.ActivityThread.handleLaunchActivity(ActivityThread.java:2238)->android.app.ActivityThread.access$800(ActivityThread.java:135)->android.app.ActivityThread$H.handleMessage(ActivityThread.java:1196)->android.os.Handler.dispatchMessage(Handler.java:102)->android.os.Looper.loop(Looper.java:136)->android.app.ActivityThread.main(ActivityThread.java:5001)->java.lang.reflect.Method.invokeNative(Native Method)->java.lang.reflect.Method.invoke(Method.java:515)->com.android.internal.os.ZygoteInit$MethodAndArgsCaller.run(ZygoteInit.java:785)->com.android.internal.os.ZygoteInit.main(ZygoteInit.java:601)->dalvik.system.NativeStart.main(Native Method)
11-30 17:25:47.270    4423-4423/? V/Monitor_server﹕ addCurrentLogs(TId: 1 objCls: android.app.Activity mthd: onResume retCls: void params:  stacktrace: dalvik.system.VMStack.getThreadStackTrace(Native Method)->java.lang.Thread.getStackTrace(Thread.java:579)->org.droidmate.monitor_generator.generated.Monitor.getStackTrace(Monitor.java:442)->org.droidmate.monitor_generator.generated.Monitor.redir_android_app_Activity_onResume0(Monitor.java:731)->java.lang.reflect.Method.invokeNative(Native Method)->java.lang.reflect.Method.invoke(Method.java:515)->android.app.Activity.onResume(Activity.java)->android.support.v4.app.FragmentActivity.onResume(Unknown Source)->net.zedge.android.activity.ZedgeBaseActivity.onResume(Unknown Source)->net.zedge.android.activity.StartupActivity.onResume(Unknown Source)->android.app.Instrumentation.callActivityOnResume(Instrumentation.java:1192)->android.app.Activity.performResume(Activity.java:5310)->android.app.ActivityThread.performResumeActivity(ActivityThread.java:2764)->android.app.ActivityThread.handleResumeActivity(ActivityThread.java:2803)->android.app.ActivityThread.handleLaunchActivity(ActivityThread.java:2238)->android.app.ActivityThread.access$800(ActivityThread.java:135)->android.app.ActivityThread$H.handleMessage(ActivityThread.java:1196)->android.os.Handler.dispatchMessage(Handler.java:102)->android.os.Looper.loop(Looper.java:136)->android.app.ActivityThread.main(ActivityThread.java:5001)->java.lang.reflect.Method.invokeNative(Native Method)->java.lang.reflect.Method.invoke(Method.java:515)->com.android.internal.os.ZygoteInit$MethodAndArgsCaller.run(ZygoteInit.java:785)->com.android.internal.os.ZygoteInit.main(ZygoteInit.java:601)->dalvik.system.NativeStart.main(Native Method))
11-30 17:25:47.270    4423-4423/? V/Monitor_server﹕ final Date nowDate = new Date(startDate.getTime() + (System.nanoTime() - startNanoTime) / 1000000);
11-30 17:25:47.270    4423-4423/? V/Monitor_server﹕ final String formattedDate = monitor_time_formatter.format(nowDate);
11-30 17:25:47.270    4423-4423/? V/Monitor_server﹕ return formattedDate;
11-30 17:25:47.300    4423-4423/? D/OpenGLRenderer﹕ Enabling debug mode 0
11-30 17:25:47.310      722-722/? I/Keyboard.Facilitator﹕ onFinishInput()
11-30 17:25:47.380      487-502/? I/ActivityManager﹕ Displayed net.zedge.android/.Main: +10s975ms
11-30 17:25:47.420    4423-4427/? D/dalvikvm﹕ GC_CONCURRENT freed 608K, 8% free 8155K/8800K, paused 6ms+3ms, total 59ms
11-30 17:25:47.490    4423-4482/? D/dalvikvm﹕ GC_FOR_ALLOC freed 104K, 7% free 8229K/8800K, paused 15ms, total 15ms
11-30 17:25:47.490    4423-4482/? I/dalvikvm-heap﹕ Grow heap (frag case) to 8.085MB for 16400-byte allocation
