11-30 17:23:37.020    1028-3461/? D/gH_CompatibleDatabase﹕ Acquire reference of SQLiteDatabase: /data/data/com.google.android.gms/databases/auto_complete_suggestions.db: 2
11-30 17:23:37.030    1028-3461/? D/gH_CompatibleDatabase﹕ Release reference of SQLiteDatabase: /data/data/com.google.android.gms/databases/auto_complete_suggestions.db: 1
11-30 17:23:37.030    1028-3461/? D/gH_CompatibleDatabase﹕ Close SQLiteDatabase: /data/data/com.google.android.gms/databases/metrics.db, release reference: 0
11-30 17:23:37.030    1028-3461/? D/gH_CompatibleDatabase﹕ Close SQLiteDatabase: /data/data/com.google.android.gms/databases/help_responses.db, release reference: 0
11-30 17:23:37.040    1028-3461/? D/gH_CompatibleDatabase﹕ Close SQLiteDatabase: /data/data/com.google.android.gms/databases/auto_complete_suggestions.db, release reference: 0
11-30 17:23:37.120      487-574/? D/ConnectivityService﹕ handleInetConditionHoldEnd: net=1, condition=100, published condition=100
11-30 17:23:37.260      487-572/? D/WifiStateMachine﹕ VerifyingLinkState enter
11-30 17:23:37.270      487-572/? D/WifiStateMachine﹕ VerifyingLinkState GOOD_LINK_DETECTED: transition to captive portal check
11-30 17:23:37.270      487-572/? D/WifiStateMachine﹕ CaptivePortalCheckState enter
11-30 17:23:37.270      487-572/? D/WifiStateMachine﹕ CaptivePortalCheckState CMD_CAPTIVE_CHECK_COMPLETE
11-30 17:23:37.270      487-574/? D/ConnectivityService﹕ Captive portal check NetworkInfo: type: WIFI[], state: CONNECTING/CAPTIVE_PORTAL_CHECK, reason: (unspecified), extra: "eduroam", roaming: false, failover: false, isAvailable: true, isConnectedToProvisioningNetwork: false
11-30 17:23:37.270      487-574/? D/ConnectivityService﹕ handleCaptivePortalTrackerCheck: call captivePortalCheckComplete ni=NetworkInfo: type: WIFI[], state: CONNECTING/CAPTIVE_PORTAL_CHECK, reason: (unspecified), extra: "eduroam", roaming: false, failover: false, isAvailable: true, isConnectedToProvisioningNetwork: false
11-30 17:23:37.280      487-574/? D/ConnectivityService﹕ ConnectivityChange for WIFI: CONNECTED/CONNECTED
11-30 17:23:37.280      487-574/? E/ConnectivityService﹕ Unexpected mtu value: android.net.wifi.WifiStateTracker@425a9020
11-30 17:23:37.290      487-574/? D/ConnectivityService﹕ handleConnectivityChange: address are the same reset per doReset linkProperty[1]: resetMask=0
11-30 17:23:37.290      487-574/? D/Nat464Xlat﹕ requiresClat: netType=1, hasIPv4Address=true
11-30 17:23:37.440      487-676/? I/ActivityManager﹕ Resuming delayed broadcast
11-30 17:23:37.550      747-747/? E/NetworkScheduler.SchedulerReceiver﹕ Invalid parameter app
11-30 17:23:37.550      747-747/? E/NetworkScheduler.SchedulerReceiver﹕ Invalid package name : Perhaps you didn't include a PendingIntent in the extras?
11-30 17:23:37.570    1718-3490/? I/InternalIcingCorporaPro﹕ Updating corpora: APPS=net.zedge.android, CONTACTS=MAYBE
11-30 17:23:37.690    1718-3490/? I/InternalIcingCorporaPro﹕ UpdateCorporaTask done [took 120 ms] updated apps [took 120 ms]
11-30 17:23:37.720      747-751/? D/dalvikvm﹕ GC_CONCURRENT freed 596K, 9% free 9335K/10224K, paused 3ms+3ms, total 28ms
11-30 17:23:37.720      747-755/? E/DataBuffer﹕ Internal data leak within a DataBuffer object detected!  Be sure to explicitly call release() on all DataBuffer extending objects when you are done with them. (internal object: com.google.android.gms.common.data.DataHolder@421f9868)
11-30 17:23:38.010     747-1093/? D/GCM﹕ GcmService start Intent { act=com.google.android.gms.gcm.PACKAGE_FULLY_REMOVED cmp=com.google.android.gms/.gcm.GcmService (has extras) } com.google.android.gms.gcm.PACKAGE_FULLY_REMOVED
11-30 17:23:38.280      487-574/? D/ConnectivityService﹕ NetTransition Wakelock for ConnectedState released by timeout
11-30 17:23:38.710    1028-1300/? I/Icing﹕ Indexing 9B7AFBEAF605DFEE8C69B126A23DCA18627E8320 from com.google.android.googlequicksearchbox
11-30 17:23:38.780    1028-1300/? I/Icing﹕ Indexing done 9B7AFBEAF605DFEE8C69B126A23DCA18627E8320
11-30 17:23:40.310      487-509/? D/Tethering﹕ MasterInitialState.processMessage what=3
11-30 17:23:40.320    1977-1977/? D/MusicLifecycle﹕ com.google.android.music.net.NetworkMonitor$2 generated event: Broadcast received with context com.google.android.music.net.NetworkMonitor@420721f8 and intent Intent { act=android.net.conn.CONNECTIVITY_CHANGE flg=0x4000010 (has extras) }
11-30 17:23:40.320    1977-1977/? I/NetworkMonitor﹕ type=WIFI subType= reason=null isConnected=true
11-30 17:23:40.350      487-497/? I/ActivityManager﹕ Start proc com.google.android.setupwizard for broadcast com.google.android.setupwizard/.MobileConnectivityChangeReceiver: pid=3503 uid=10043 gids={50043, 3003}
11-30 17:23:40.360      487-504/? D/libgps﹕ proxy_agps_ril_update_network_state()
11-30 17:23:40.360      487-504/? D/gpslogd﹕ agps_ril_update_network_state: Waiting for IPC connection...
11-30 17:23:40.390    3503-3503/? D/MobileConnectivityChangeReceiver﹕ onReceive Intent { act=android.net.conn.CONNECTIVITY_CHANGE flg=0x4000010 cmp=com.google.android.setupwizard/.MobileConnectivityChangeReceiver (has extras) }
11-30 17:23:40.390    3503-3503/? D/MobileConnectivityChangeReceiver﹕ onReceive CONNECTIVITY_CHANGE networkType=1
11-30 17:23:40.390    3503-3503/? E/PhoneMonitor﹕ onOtaspChanged old =0, new =3
11-30 17:23:40.390    3503-3503/? V/PhoneMonitor﹕ mOtaspPhoneStateListener#onOtaspChanged, mOtaspMode=3
11-30 17:23:40.400     487-1229/? I/ActivityManager﹕ Start proc com.android.chrome for broadcast com.android.chrome/org.chromium.chrome.browser.precache.PrecacheServiceLauncher: pid=3516 uid=10008 gids={50008, 3003, 1028, 1015}
11-30 17:23:40.400     487-1229/? I/ActivityManager﹕ Killing 1977:com.google.android.music:main/u0a34 (adj 15): empty #17
11-30 17:23:40.410    1028-1028/? I/CheckinService﹕ Checkin interval check for package: unspecified last checkin: 1448898889376 min interval config: 0 actual interval: 1731039
11-30 17:23:40.420    1028-3528/? I/CheckinService﹕ Checking schedule, now: 1448900620426 next: 1448898917922
11-30 17:23:40.420    1028-3528/? I/CheckinService﹕ active receiver: enabled
11-30 17:23:40.440      487-796/? A/ActivityManager﹕ Service ServiceRecord{42be9068 u0 com.google.android.music/.download.ArtDownloadQueueService} in process ProcessRecord{42aea570 1977:com.google.android.music:main/u0a34} not same as in map: null
11-30 17:23:40.460    1028-3528/? I/CheckinService﹕ Preparing to send checkin request
11-30 17:23:40.460    1028-3528/? I/EventLogService﹕ Accumulating logs since 1448898882801
11-30 17:23:40.460      487-796/? A/ActivityManager﹕ Service ServiceRecord{42bb53e0 u0 com.google.android.music/.net.NetworkMonitor} in process ProcessRecord{42aea570 1977:com.google.android.music:main/u0a34} not same as in map: null
11-30 17:23:40.470      487-796/? A/ActivityManager﹕ Service ServiceRecord{42b96a18 u0 com.google.android.music/.preferences.MusicPreferenceService$MusicPreferenceServiceBinder} in process ProcessRecord{42aea570 1977:com.google.android.music:main/u0a34} not same as in map: null
11-30 17:23:40.480    3516-3516/? D/dalvikvm﹕ DexOpt: couldn't find static field Landroid/support/v4/e/a;.common_ic_googleplayservices
11-30 17:23:40.480    3516-3516/? W/dalvikvm﹕ VFY: unable to resolve static field 811 (common_ic_googleplayservices) in Landroid/support/v4/e/a;
11-30 17:23:40.480    3516-3516/? D/dalvikvm﹕ VFY: replacing opcode 0x60 at 0x0051
11-30 17:23:40.480    3516-3516/? I/dalvikvm﹕ Could not find method android.app.Notification$Builder.setLocalOnly, referenced from method com.google.android.gms.common.e.a
11-30 17:23:40.480    3516-3516/? W/dalvikvm﹕ VFY: unable to resolve virtual method 323: Landroid/app/Notification$Builder;.setLocalOnly (Z)Landroid/app/Notification$Builder;
11-30 17:23:40.480    3516-3516/? D/dalvikvm﹕ VFY: replacing opcode 0x6e at 0x018f
11-30 17:23:40.480      487-796/? A/ActivityManager﹕ Service ServiceRecord{42b0aef0 u0 com.google.android.music/.download.cache.ArtCacheService} in process ProcessRecord{42aea570 1977:com.google.android.music:main/u0a34} not same as in map: null
11-30 17:23:40.490    3516-3516/? I/dalvikvm﹕ Could not find method android.content.pm.PackageManager.getPackageInstaller, referenced from method com.google.android.gms.common.e.a
11-30 17:23:40.490    3516-3516/? W/dalvikvm﹕ VFY: unable to resolve virtual method 671: Landroid/content/pm/PackageManager;.getPackageInstaller ()Landroid/content/pm/PackageInstaller;
11-30 17:23:40.490    3516-3516/? D/dalvikvm﹕ VFY: replacing opcode 0x6e at 0x000b
11-30 17:23:40.490    3516-3516/? D/dalvikvm﹕ DexOpt: couldn't find static field Landroid/support/v4/e/a;.common_full_open_on_phone
11-30 17:23:40.490    3516-3516/? I/dalvikvm﹕ DexOpt: unable to optimize static field ref 0x032a at 0x85 in Lcom/google/android/gms/common/e;.a
11-30 17:23:40.490      487-796/? A/ActivityManager﹕ Service ServiceRecord{429d4178 u0 com.google.android.music/.download.artwork.ArtDownloadService} in process ProcessRecord{42aea570 1977:com.google.android.music:main/u0a34} not same as in map: null
11-30 17:23:40.510    3516-3516/? D/dalvikvm﹕ DexOpt: couldn't find field Landroid/content/pm/PackageInfo;.splitNames
11-30 17:23:40.510    3516-3516/? W/dalvikvm﹕ VFY: unable to resolve instance field 71
11-30 17:23:40.510    3516-3516/? D/dalvikvm﹕ VFY: replacing opcode 0x54 at 0x000c
11-30 17:23:40.510    3516-3516/? D/dalvikvm﹕ DexOpt: couldn't find field Landroid/content/pm/PackageInfo;.splitNames
11-30 17:23:40.510    3516-3516/? I/dalvikvm﹕ DexOpt: unable to optimize instance field ref 0x0047 at 0x11 in Lorg/chromium/base/BuildInfo;.hasLanguageApkSplits
11-30 17:23:40.510    3516-3516/? D/dalvikvm﹕ DexOpt: couldn't find field Landroid/content/pm/PackageInfo;.splitNames
11-30 17:23:40.510    3516-3516/? I/dalvikvm﹕ DexOpt: unable to optimize instance field ref 0x0047 at 0x16 in Lorg/chromium/base/BuildInfo;.hasLanguageApkSplits
11-30 17:23:40.520    1028-3528/? I/CheckinRequestBuilder﹕ Checkin reason type: 8 attempt count: 1
11-30 17:23:40.520    1028-3528/? E/ActivityThread﹕ Failed to find provider info for com.google.android.wearable.settings
11-30 17:23:40.530    3516-3516/? D/dalvikvm﹕ DexOpt: couldn't find field Landroid/content/pm/PackageInfo;.splitNames
11-30 17:23:40.530    3516-3516/? W/dalvikvm﹕ VFY: unable to resolve instance field 71
11-30 17:23:40.530    3516-3516/? D/dalvikvm﹕ VFY: replacing opcode 0x54 at 0x0011
11-30 17:23:40.540    3516-3516/? D/dalvikvm﹕ DexOpt: couldn't find field Landroid/content/pm/PackageInfo;.splitNames
11-30 17:23:40.540    3516-3516/? I/dalvikvm﹕ DexOpt: unable to optimize instance field ref 0x0047 at 0x16 in Lorg/chromium/base/library_loader/LibraryLoader;.getLibraryApkPath
11-30 17:23:40.540    3516-3516/? D/dalvikvm﹕ DexOpt: couldn't find field Landroid/content/pm/PackageInfo;.splitNames
11-30 17:23:40.540    3516-3516/? I/dalvikvm﹕ DexOpt: unable to optimize instance field ref 0x0047 at 0x1b in Lorg/chromium/base/library_loader/LibraryLoader;.getLibraryApkPath
11-30 17:23:40.540    3516-3516/? D/dalvikvm﹕ DexOpt: couldn't find field Landroid/content/pm/ApplicationInfo;.splitSourceDirs
11-30 17:23:40.540    3516-3516/? I/dalvikvm﹕ DexOpt: unable to optimize instance field ref 0x003d at 0x25 in Lorg/chromium/base/library_loader/LibraryLoader;.getLibraryApkPath
11-30 17:23:40.550     487-1229/? I/ActivityManager﹕ Killing 2255:com.google.android.email/u0a13 (adj 15): empty #17
11-30 17:23:40.550    1028-1028/? I/SystemUpdateService﹕ receiver: Intent { act=android.net.conn.CONNECTIVITY_CHANGE flg=0x4000010 cmp=com.google.android.gms/.update.SystemUpdateService$ActiveReceiver (has extras) }
11-30 17:23:40.560    1028-1028/? D/SystemUpdateService﹕ onCreate
11-30 17:23:40.560    1028-1028/? D/SystemUpdateService﹕ onStartCommand: intent: Intent { cmp=com.google.android.gms/.update.SystemUpdateService (has extras) }
11-30 17:23:40.570    1028-3534/? I/SystemUpdateService﹕ active receiver: enabled
11-30 17:23:40.570    1028-3534/? I/SystemUpdateService﹕ Already downloaded, skipping offpeak checks.
11-30 17:23:40.580    1028-3534/? I/SystemUpdateService﹕ network: NetworkInfo: type: WIFI[], state: CONNECTED/CONNECTED, reason: (unspecified), extra: "eduroam", roaming: false, failover: false, isAvailable: true, isConnectedToProvisioningNetwork: false; metered: false; mobile allowed: true; isAltModeWearable: false; isWifiNeededForAltModeWearableDevice: false
11-30 17:23:40.580      487-796/? I/ActivityManager﹕ Start proc com.google.android.apps.magazines for broadcast com.google.android.apps.magazines/com.google.apps.dots.android.newsstand.appwidget.NewsWidgetProvider: pid=3535 uid=10031 gids={50031, 3003, 1028, 1015}
11-30 17:23:40.590    1028-3534/? I/SystemUpdateService﹕ now status is 0 (complete)
11-30 17:23:40.590    1028-3534/? I/SystemUpdateService﹕ processDownloadedFile /cache/9f3b32491f31ff5d4f65b41adbc36035b63b537d.signed-nakasi-LRX22G-from-KTU84P.9f3b3249.zip
11-30 17:23:40.590    1028-3534/? I/SystemUpdateService﹕ file has been verified
11-30 17:23:40.590    1028-3534/? I/SystemUpdateService﹕ OTA package size = 326352120
11-30 17:23:40.600    1028-3534/? I/SystemUpdateService﹕ showing system update notification
11-30 17:23:40.630    1028-1028/? D/SystemUpdateService﹕ onDestroy
11-30 17:23:40.640    3535-3535/? I/MultiDex﹕ VM with version 1.6.0 does not have multidex support
11-30 17:23:40.640    3535-3535/? I/MultiDex﹕ install
11-30 17:23:40.650    3535-3535/? I/MultiDex﹕ MultiDexExtractor.load(/data/app/com.google.android.apps.magazines-2.apk, false)
11-30 17:23:40.650    3535-3535/? I/MultiDex﹕ loading existing secondary dex files
11-30 17:23:40.660    3535-3535/? I/MultiDex﹕ load found 1 secondary dex files
11-30 17:23:40.660    3535-3535/? I/MultiDex﹕ install done
11-30 17:23:40.760    3535-3535/? I/dalvikvm﹕ Could not find method android.os.PowerManager.isInteractive, referenced from method com.google.apps.dots.android.newsstand.util.AndroidUtil.isDeviceInteractive
11-30 17:23:40.760    3535-3535/? W/dalvikvm﹕ VFY: unable to resolve virtual method 1381: Landroid/os/PowerManager;.isInteractive ()Z
11-30 17:23:40.760    3535-3535/? D/dalvikvm﹕ VFY: replacing opcode 0x6e at 0x000a
11-30 17:23:40.780    3535-3535/? I/dalvikvm﹕ Could not find method android.accounts.AccountManager.getPreviousName, referenced from method com.google.apps.dots.android.newsstand.auth.AccountManagerDelegate.getPreviousName
11-30 17:23:40.780    3535-3535/? W/dalvikvm﹕ VFY: unable to resolve virtual method 9: Landroid/accounts/AccountManager;.getPreviousName (Landroid/accounts/Account;)Ljava/lang/String;
11-30 17:23:40.780    3535-3535/? D/dalvikvm﹕ VFY: replacing opcode 0x6e at 0x0002
11-30 17:23:40.780    3535-3535/? I/dalvikvm﹕ Could not find method android.os.Environment.isExternalStorageEmulated, referenced from method com.google.apps.dots.android.newsstand.diskcache.StorageHelper.isExternalStorageEmulated
11-30 17:23:40.780    3535-3535/? W/dalvikvm﹕ VFY: unable to resolve static method 1259: Landroid/os/Environment;.isExternalStorageEmulated (Ljava/io/File;)Z
11-30 17:23:40.780    3535-3535/? D/dalvikvm﹕ VFY: replacing opcode 0x71 at 0x0009
11-30 17:23:40.860    3535-3537/? D/dalvikvm﹕ GC_CONCURRENT freed 270K, 4% free 7783K/8092K, paused 5ms+20ms, total 68ms
11-30 17:23:40.900    3535-3535/? I/dalvikvm﹕ Could not find method android.app.Notification$Builder.setLocalOnly, referenced from method com.google.android.gms.common.GooglePlayServicesUtil.zza
11-30 17:23:40.900    3535-3535/? W/dalvikvm﹕ VFY: unable to resolve virtual method 268: Landroid/app/Notification$Builder;.setLocalOnly (Z)Landroid/app/Notification$Builder;
11-30 17:23:40.900    3535-3535/? D/dalvikvm﹕ VFY: replacing opcode 0x6e at 0x00c2
11-30 17:23:40.900      747-747/? V/GLSActivity﹕ AuthDelegateWrapperCreated with selected intent: Intent { cmp=com.google.android.gms/.auth.DefaultAuthDelegateService }
11-30 17:23:40.910      747-747/? V/GLSActivity﹕ AuthDelegateWrapperCreated with selected intent: Intent { cmp=com.google.android.gms/.auth.DefaultAuthDelegateService }
11-30 17:23:40.910    3535-3535/? I/dalvikvm﹕ Could not find method android.content.pm.PackageManager.getPackageInstaller, referenced from method com.google.android.gms.common.GooglePlayServicesUtil.zzl
11-30 17:23:40.910    3535-3535/? W/dalvikvm﹕ VFY: unable to resolve virtual method 559: Landroid/content/pm/PackageManager;.getPackageInstaller ()Landroid/content/pm/PackageInstaller;
11-30 17:23:40.910    3535-3535/? D/dalvikvm﹕ VFY: replacing opcode 0x6e at 0x000b
11-30 17:23:40.920    3535-3535/? I/GAv4﹕ Google Analytics 7.5.71 is starting up. To enable debug logging on a device run:
    adb shell setprop log.tag.GAv4 DEBUG
    adb logcat -s GAv4
11-30 17:23:40.950    3535-3535/? W/GAv4﹕ AnalyticsReceiver is not registered or is disabled. Register the receiver for reliable dispatching on non-Google Play devices. See http://goo.gl/8Rd3yj for instructions.
11-30 17:23:40.990    3535-3535/? W/GAv4﹕ CampaignTrackingReceiver is not registered, not exported or is disabled. Installation campaign tracking is not possible. See http://goo.gl/8Rd3yj for instructions.
11-30 17:23:41.020    3535-3554/? W/GAv4﹕ AnalyticsService not registered in the app manifest. Hits might not be delivered reliably. See http://goo.gl/8Rd3yj for instructions.
11-30 17:23:41.070    3535-3537/? D/dalvikvm﹕ GC_CONCURRENT freed 365K, 5% free 7933K/8328K, paused 16ms+16ms, total 73ms
11-30 17:23:41.070    3535-3553/? D/dalvikvm﹕ WAIT_FOR_CONCURRENT_GC blocked 8ms
11-30 17:23:41.080      487-574/? D/ConnectivityService﹕ handleInetConditionHoldEnd: net=1, condition=100, published condition=0
11-30 17:23:41.120    3535-3535/? I/dalvikvm﹕ Could not find method android.os.PowerManager.isPowerSaveMode, referenced from method com.google.apps.dots.android.newsstand.net.NSConnectivityManager.isPowerSaveMode
11-30 17:23:41.120    3535-3535/? W/dalvikvm﹕ VFY: unable to resolve virtual method 1382: Landroid/os/PowerManager;.isPowerSaveMode ()Z
11-30 17:23:41.120    3535-3535/? D/dalvikvm﹕ VFY: replacing opcode 0x6e at 0x000e
11-30 17:23:41.130      487-498/? I/ActivityManager﹕ Start proc com.google.android.gms.unstable for service com.google.android.gms/.droidguard.DroidGuardService: pid=3556 uid=10017 gids={50017, 3003, 1007, 1028, 1015, 3002, 3001, 3007, 2001, 3006}
11-30 17:23:41.220    3556-3556/? W/dalvikvm﹕ VFY: unable to resolve static field 529 (PR_SET_DUMPABLE) in Landroid/system/OsConstants;
11-30 17:23:41.220    3556-3556/? D/dalvikvm﹕ VFY: replacing opcode 0x60 at 0x000b
11-30 17:23:41.230    3556-3556/? I/dalvikvm﹕ Could not find method com.google.android.gms.common.app.GmsApplication.getSystemService, referenced from method com.google.android.gms.common.app.GmsApplication.onCreate
11-30 17:23:41.230    3556-3556/? W/dalvikvm﹕ VFY: unable to resolve virtual method 10979: Lcom/google/android/gms/common/app/GmsApplication;.getSystemService (Ljava/lang/Class;)Ljava/lang/Object;
11-30 17:23:41.230    3556-3556/? D/dalvikvm﹕ VFY: replacing opcode 0x6e at 0x00ca
11-30 17:23:41.230    3556-3556/? I/MultiDex﹕ VM with version 1.6.0 does not have multidex support
11-30 17:23:41.230    3556-3556/? I/MultiDex﹕ install
11-30 17:23:41.230    3556-3556/? I/MultiDex﹕ MultiDexExtractor.load(/data/app/com.google.android.gms-2.apk, false)
11-30 17:23:41.260    3556-3556/? I/MultiDex﹕ loading existing secondary dex files
11-30 17:23:41.260    3556-3556/? I/MultiDex﹕ load found 3 secondary dex files
11-30 17:23:41.280    3556-3556/? I/MultiDex﹕ install done
11-30 17:23:41.320    3556-3556/? D/dalvikvm﹕ DexOpt: couldn't find static field Landroid/os/Build;.SUPPORTED_ABIS
11-30 17:23:41.320    3556-3556/? W/dalvikvm﹕ VFY: unable to resolve static field 134 (SUPPORTED_ABIS) in Landroid/os/Build;
11-30 17:23:41.320    3556-3556/? D/dalvikvm﹕ VFY: replacing opcode 0x62 at 0x000a
11-30 17:23:41.320    3556-3556/? D/dalvikvm﹕ DexOpt: couldn't find field Landroid/content/pm/ApplicationInfo;.splitSourceDirs
11-30 17:23:41.320    3556-3556/? W/dalvikvm﹕ VFY: unable to resolve instance field 46
11-30 17:23:41.320    3556-3556/? D/dalvikvm﹕ VFY: replacing opcode 0x54 at 0x005f
11-30 17:23:41.320    3535-3537/? D/dalvikvm﹕ GC_CONCURRENT freed 366K, 5% free 8078K/8480K, paused 5ms+17ms, total 64ms
11-30 17:23:41.320    3535-3535/? D/dalvikvm﹕ WAIT_FOR_CONCURRENT_GC blocked 36ms
11-30 17:23:41.330    3556-3556/? D/dalvikvm﹕ DexOpt: couldn't find static field Landroid/os/Build;.SUPPORTED_ABIS
11-30 17:23:41.330    3556-3556/? W/dalvikvm﹕ VFY: unable to resolve static field 134 (SUPPORTED_ABIS) in Landroid/os/Build;
11-30 17:23:41.330    3556-3556/? D/dalvikvm﹕ VFY: replacing opcode 0x62 at 0x0047
11-30 17:23:41.330    3556-3556/? D/dalvikvm﹕ DexOpt: couldn't find field Landroid/content/pm/ApplicationInfo;.splitSourceDirs
11-30 17:23:41.330    3556-3556/? I/dalvikvm﹕ DexOpt: unable to optimize instance field ref 0x002e at 0x63 in Lcom/google/android/gms/common/util/bc;.b
11-30 17:23:41.330    3556-3556/? D/dalvikvm﹕ Trying to load lib /data/app-lib/com.google.android.gms-2/libgmscore.so 0x420686a8
11-30 17:23:41.340    3556-3556/? D/dalvikvm﹕ Added shared lib /data/app-lib/com.google.android.gms-2/libgmscore.so 0x420686a8
11-30 17:23:41.340    3556-3556/? D/dalvikvm﹕ No JNI_OnLoad found in /data/app-lib/com.google.android.gms-2/libgmscore.so 0x420686a8, skipping init
11-30 17:23:41.340    3556-3556/? D/dalvikvm﹕ Trying to load lib /data/app-lib/com.google.android.gms-2/libconscrypt_gmscore_jni.so 0x420686a8
11-30 17:23:41.340    3556-3556/? D/dalvikvm﹕ Added shared lib /data/app-lib/com.google.android.gms-2/libconscrypt_gmscore_jni.so 0x420686a8
11-30 17:23:41.340    3556-3556/? V/JNIHelp﹕ Registering com/google/android/gms/org/conscrypt/NativeCrypto's 241 native methods...
11-30 17:23:41.370    3535-3535/? V/WebViewChromiumFactoryProvider﹕ Binding Chromium to main looper Looper (main, tid 1) {42062b10}
11-30 17:23:41.370    3535-3535/? I/LibraryLoader﹕ Expected native library version number "",actual native library version number ""
11-30 17:23:41.370    3535-3535/? I/chromium﹕ [INFO:library_loader_hooks.cc(116)] Chromium logging enabled: level = 0, default verbosity = 0
11-30 17:23:41.370    3535-3535/? I/BrowserStartupController﹕ Initializing chromium process, renderers=0
11-30 17:23:41.380    3535-3535/? E/AudioManagerAndroid﹕ BLUETOOTH permission is missing!
11-30 17:23:41.390    3556-3560/? D/dalvikvm﹕ GC_CONCURRENT freed 370K, 5% free 7750K/8156K, paused 2ms+4ms, total 46ms
11-30 17:23:41.390    3556-3556/? D/dalvikvm﹕ WAIT_FOR_CONCURRENT_GC blocked 8ms
11-30 17:23:41.400      487-504/? D/gpslogd﹕ agps_ril_update_network_state: Waiting for IPC connection - timeout
11-30 17:23:41.400      487-504/? E/gpslogd﹕ LIBGPS: Cannot communicate (write) with a GPSD
11-30 17:23:41.400      487-504/? E/gpslogd﹕ IPC Communication Error, /tmp/12075037/customers/Asustek/Tabletandroid/../../../proprietary/deliverables/android/gps_interface/../gps_interface/gpsi_client/GpsiClient.cpp:1194 agps_ril_update_network_state
11-30 17:23:41.400      487-504/? D/libgps﹕ proxy_agps_ril_update_network_state: called
11-30 17:23:41.400      487-504/? D/libgps﹕ proxy_agps_ril_update_network_availability()
11-30 17:23:41.400      487-504/? D/gpslogd﹕ agps_ril_update_network_availability: Waiting for IPC connection...
11-30 17:23:41.430    3556-3556/? D/dalvikvm﹕ Trying to load lib /data/app-lib/com.google.android.gms-2/libgmscore.so 0x420686a8
11-30 17:23:41.430    3556-3556/? D/dalvikvm﹕ Shared lib '/data/app-lib/com.google.android.gms-2/libgmscore.so' already loaded in same CL 0x420686a8
11-30 17:23:41.430    3556-3556/? D/dalvikvm﹕ Trying to load lib /data/app-lib/com.google.android.gms-2/libconscrypt_gmscore_jni.so 0x420686a8
11-30 17:23:41.430    3556-3556/? D/dalvikvm﹕ Shared lib '/data/app-lib/com.google.android.gms-2/libconscrypt_gmscore_jni.so' already loaded in same CL 0x420686a8
11-30 17:23:41.440    3535-3535/? D/libEGL﹕ loaded /system/lib/egl/libEGL_tegra.so
11-30 17:23:41.460    3535-3535/? D/libEGL﹕ loaded /system/lib/egl/libGLESv1_CM_tegra.so
11-30 17:23:41.470    3535-3535/? D/libEGL﹕ loaded /system/lib/egl/libGLESv2_tegra.so
11-30 17:23:41.540    3556-3560/? D/dalvikvm﹕ GC_CONCURRENT freed 216K, 4% free 7947K/8236K, paused 6ms+7ms, total 47ms
11-30 17:23:41.540    3535-3535/? I/NSApplication﹕ Starting up...
11-30 17:23:41.560      747-747/? I/ConfigService﹕ onDestroy
11-30 17:23:41.570    3556-3556/? I/ProviderInstaller﹕ Installed default security provider GmsCore_OpenSSL
11-30 17:23:41.610    3535-3537/? D/dalvikvm﹕ GC_CONCURRENT freed 272K, 4% free 8237K/8544K, paused 6ms+5ms, total 52ms
11-30 17:23:41.610    3556-3556/? I/dalvikvm﹕ Could not find method android.content.pm.PackageManager.getPackageInstaller, referenced from method com.google.android.gms.common.ma.a
11-30 17:23:41.610    3556-3556/? W/dalvikvm﹕ VFY: unable to resolve virtual method 484: Landroid/content/pm/PackageManager;.getPackageInstaller ()Landroid/content/pm/PackageInstaller;
11-30 17:23:41.610    3556-3556/? D/dalvikvm﹕ VFY: replacing opcode 0x6e at 0x000d
11-30 17:23:41.610      487-676/? I/ActivityManager﹕ Killing 2015:com.google.android.gm/u0a46 (adj 15): empty #17
11-30 17:23:41.630      734-734/? D/WearableService﹕ callingUid 10017, callindPid: 734
11-30 17:23:41.640     734-3602/? E/MDM﹕ [88] b.run: Couldn't connect to Google API client: ConnectionResult{statusCode=API_UNAVAILABLE, resolution=null, message=null}
11-30 17:23:41.650    3556-3556/? I/dalvikvm﹕ Could not find method android.app.Notification$Builder.setLocalOnly, referenced from method com.google.android.gms.common.ma.b
11-30 17:23:41.650    3556-3556/? W/dalvikvm﹕ VFY: unable to resolve virtual method 148: Landroid/app/Notification$Builder;.setLocalOnly (Z)Landroid/app/Notification$Builder;
11-30 17:23:41.650    3556-3556/? D/dalvikvm﹕ VFY: replacing opcode 0x6e at 0x0220
11-30 17:23:41.670    1028-3603/? D/LocationInitializer﹕ Restart initialization of location
11-30 17:23:41.680     747-1961/? D/GCM﹕ GcmService start Intent { act=com.google.android.gms.INITIALIZE flg=0x10 pkg=com.google.android.gms cmp=com.google.android.gms/.gcm.GcmService } com.google.android.gms.INITIALIZE
11-30 17:23:41.680      747-747/? D/AuthorizationBluetoothService﹕ Received GmsCore event: Intent { act=com.google.android.gms.INITIALIZE flg=0x10 pkg=com.google.android.gms cmp=com.google.android.gms/.auth.be.proximity.authorization.bt.AuthorizationBluetoothService$AutoStarter }.
11-30 17:23:41.680      747-747/? E/AuthorizationBluetoothService﹕ Proximity feature is not enabled.
11-30 17:23:41.700      747-747/? V/GLSActivity﹕ AuthDelegateWrapperCreated with selected intent: Intent { cmp=com.google.android.gms/.auth.DefaultAuthDelegateService }
11-30 17:23:41.720    1028-1028/? V/GmsCoreStatsServiceLauncher﹕ Received broadcast intent Intent { act=com.google.android.gms.INITIALIZE flg=0x10 pkg=com.google.android.gms cmp=com.google.android.gms/.common.stats.GmsCoreStatsServiceLauncher }
11-30 17:23:41.720    3556-3556/? I/dalvikvm﹕ Failed resolving Lcom/google/android/gms/common/h/c; interface 122 'Landroid/content/pm/PackageManager$OnPermissionsChangedListener;'
11-30 17:23:41.720    3556-3556/? W/dalvikvm﹕ Link of class 'Lcom/google/android/gms/common/h/c;' failed
11-30 17:23:41.760    3556-3560/? D/dalvikvm﹕ GC_CONCURRENT freed 217K, 3% free 8242K/8496K, paused 4ms+5ms, total 60ms
11-30 17:23:41.760    3556-3556/? D/dalvikvm﹕ WAIT_FOR_CONCURRENT_GC blocked 27ms
11-30 17:23:41.760    3556-3556/? E/dalvikvm﹕ Could not find class 'com.google.android.gms.common.h.c', referenced from method com.google.android.gms.common.h.b.a
11-30 17:23:41.760    3556-3599/? D/dalvikvm﹕ WAIT_FOR_CONCURRENT_GC blocked 27ms
11-30 17:23:41.760    3556-3556/? W/dalvikvm﹕ VFY: unable to resolve new-instance 2668 (Lcom/google/android/gms/common/h/c;) in Lcom/google/android/gms/common/h/b;
11-30 17:23:41.760    3556-3556/? D/dalvikvm﹕ VFY: replacing opcode 0x22 at 0x0000
11-30 17:23:41.760    3556-3556/? I/dalvikvm﹕ Could not find method android.content.Context.checkSelfPermission, referenced from method com.google.android.gms.common.h.b.b
11-30 17:23:41.760    3556-3556/? W/dalvikvm﹕ VFY: unable to resolve virtual method 328: Landroid/content/Context;.checkSelfPermission (Ljava/lang/String;)I
11-30 17:23:41.760    3556-3556/? D/dalvikvm﹕ VFY: replacing opcode 0x6e at 0x0036
11-30 17:23:41.760    3556-3556/? I/dalvikvm﹕ Failed resolving Lcom/google/android/gms/common/h/c; interface 122 'Landroid/content/pm/PackageManager$OnPermissionsChangedListener;'
11-30 17:23:41.760    3556-3556/? W/dalvikvm﹕ Link of class 'Lcom/google/android/gms/common/h/c;' failed
11-30 17:23:41.760    3556-3556/? D/dalvikvm﹕ DexOpt: unable to opt direct call 0x2d44 at 0x02 in Lcom/google/android/gms/common/h/b;.a
11-30 17:23:41.770    1028-1032/? D/dalvikvm﹕ GC_CONCURRENT freed 952K, 12% free 10942K/12408K, paused 4ms+5ms, total 126ms
11-30 17:23:41.870    3556-3560/? D/dalvikvm﹕ GC_CONCURRENT freed 277K, 4% free 8475K/8792K, paused 2ms+2ms, total 45ms
11-30 17:23:41.870    3556-3567/? D/dalvikvm﹕ WAIT_FOR_CONCURRENT_GC blocked 12ms
11-30 17:23:41.870    3556-3599/? D/dalvikvm﹕ WAIT_FOR_CONCURRENT_GC blocked 12ms
11-30 17:23:41.880      125-581/? D/WVCdm﹕ Instantiating CDM.
11-30 17:23:41.880      125-581/? I/WVCdm﹕ Level3 Library Nov 20 2013 18:09:31
11-30 17:23:41.890      125-581/? W/WVCdm﹕ Could not load liboemcrypto.so. Falling Back to L3.  dlopen failed: library "liboemcrypto.so" not found
11-30 17:23:41.900      125-515/? I/WVCdm﹕ CdmEngine::OpenSession
11-30 17:23:41.900      125-515/? I/WVCdm﹕ CdmEngine::QueryKeyControlInfo
11-30 17:23:41.900      125-581/? I/WVCdm﹕ CdmEngine::GenerateKeyRequest
11-30 17:23:41.950    3556-3560/? D/dalvikvm﹕ GC_CONCURRENT freed 169K, 3% free 8814K/9024K, paused 3ms+2ms, total 28ms
11-30 17:23:41.950    3556-3567/? D/dalvikvm﹕ WAIT_FOR_CONCURRENT_GC blocked 16ms
11-30 17:23:41.950    3556-3599/? D/dalvikvm﹕ WAIT_FOR_CONCURRENT_GC blocked 14ms
11-30 17:23:42.020    3556-3560/? D/dalvikvm﹕ GC_CONCURRENT freed 147K, 3% free 9175K/9364K, paused 3ms+2ms, total 35ms
11-30 17:23:42.020    3556-3567/? D/dalvikvm﹕ WAIT_FOR_CONCURRENT_GC blocked 18ms
11-30 17:23:42.020    3556-3599/? D/dalvikvm﹕ WAIT_FOR_CONCURRENT_GC blocked 9ms
11-30 17:23:42.030      125-581/? D/WVCdm﹕ PrepareKeyRequest: nonce=3652557328
11-30 17:23:42.100    3556-3560/? D/dalvikvm﹕ GC_CONCURRENT freed 149K, 2% free 9542K/9736K, paused 3ms+2ms, total 37ms
11-30 17:23:42.100    3556-3599/? D/dalvikvm﹕ WAIT_FOR_CONCURRENT_GC blocked 13ms
11-30 17:23:42.100    3556-3567/? D/dalvikvm﹕ WAIT_FOR_CONCURRENT_GC blocked 13ms
11-30 17:23:42.110      125-125/? I/WVCdm﹕ CdmEngine::CloseSession
11-30 17:23:42.170    3556-3560/? D/dalvikvm﹕ GC_CONCURRENT freed 182K, 3% free 10001K/10228K, paused 3ms+2ms, total 31ms
11-30 17:23:42.170    3556-3599/? D/dalvikvm﹕ WAIT_FOR_CONCURRENT_GC blocked 10ms
11-30 17:23:42.170    3556-3567/? D/dalvikvm﹕ WAIT_FOR_CONCURRENT_GC blocked 19ms
11-30 17:23:42.260    3615-3615/? D/AndroidRuntime﹕ >>>>>> AndroidRuntime START com.android.internal.os.RuntimeInit <<<<<<
11-30 17:23:42.260    3615-3615/? D/AndroidRuntime﹕ CheckJNI is OFF
11-30 17:23:42.270    3556-3560/? D/dalvikvm﹕ GC_CONCURRENT freed 288K, 4% free 10505K/10840K, paused 2ms+3ms, total 34ms
11-30 17:23:42.270    3556-3567/? D/dalvikvm﹕ WAIT_FOR_CONCURRENT_GC blocked 21ms
11-30 17:23:42.270    3615-3615/? D/dalvikvm﹕ Trying to load lib libjavacore.so 0x0
11-30 17:23:42.270    3615-3615/? D/dalvikvm﹕ Added shared lib libjavacore.so 0x0
11-30 17:23:42.280    3556-3599/? D/dalvikvm﹕ WAIT_FOR_CONCURRENT_GC blocked 21ms
11-30 17:23:42.280    3615-3615/? D/dalvikvm﹕ Trying to load lib libnativehelper.so 0x0
11-30 17:23:42.280    3615-3615/? D/dalvikvm﹕ Added shared lib libnativehelper.so 0x0
11-30 17:23:42.280    3615-3615/? D/dalvikvm﹕ No JNI_OnLoad found in libnativehelper.so 0x0, skipping init
11-30 17:23:42.310    3556-3599/? D/NativeLibraryUtils﹕ Install completed successfully. count=13 extracted=0
11-30 17:23:42.320    3615-3615/? D/dalvikvm﹕ Note: class Landroid/app/ActivityManagerNative; has 179 unimplemented (abstract) methods
11-30 17:23:42.340    3556-3567/? D/dalvikvm﹕ Trying to load lib /data/data/com.google.android.gms/app_dg_cache/69C93D89AA87E126AABFDE6B8111A5045CA28EB7/lib/libd24C93342F304.so 0x4212d9b8
11-30 17:23:42.340    3556-3567/? D/dalvikvm﹕ Added shared lib /data/data/com.google.android.gms/app_dg_cache/69C93D89AA87E126AABFDE6B8111A5045CA28EB7/lib/libd24C93342F304.so 0x4212d9b8
11-30 17:23:42.340    3556-3567/? D/dalvikvm﹕ No JNI_OnLoad found in /data/data/com.google.android.gms/app_dg_cache/69C93D89AA87E126AABFDE6B8111A5045CA28EB7/lib/libd24C93342F304.so 0x4212d9b8, skipping init
11-30 17:23:42.450      734-965/? W/GCoreFlp﹕ No location to return for getLastLocation()
11-30 17:23:42.450     747-3605/? W/FusedLocationProvider﹕ location=null
11-30 17:23:42.460      487-504/? D/gpslogd﹕ agps_ril_update_network_availability: Waiting for IPC connection - timeout
11-30 17:23:42.460      487-504/? E/gpslogd﹕ LIBGPS: Cannot communicate (write) with a GPSD
11-30 17:23:42.460      487-504/? E/gpslogd﹕ IPC Communication Error, /tmp/12075037/customers/Asustek/Tabletandroid/../../../proprietary/deliverables/android/gps_interface/../gps_interface/gpsi_client/GpsiClient.cpp:1213 agps_ril_update_network_availability
11-30 17:23:42.480    3615-3615/? E/memtrack﹕ Couldn't load memtrack module (No such file or directory)
11-30 17:23:42.480    3615-3615/? E/android.os.Debug﹕ failed to load memtrack module: -2
11-30 17:23:42.560    3615-3615/? D/AndroidRuntime﹕ Calling main entry com.android.commands.pm.Pm
11-30 17:23:42.570    3556-3567/? D/dalvikvm﹕ DexOpt: --- BEGIN 'f.apk' (bootstrap=0) ---
11-30 17:23:42.580      487-512/? W/ActivityManager﹕ No content provider found for permission revoke: file:///data/local/tmp/net.zedge.android_v4.10.2-inlined.apk
11-30 17:23:42.610    3633-3633/? D/dalvikvm﹕ DexOpt: load 3ms, verify+opt 5ms, 123436 bytes
11-30 17:23:42.650    3556-3567/? D/dalvikvm﹕ DexOpt: --- END 'f.apk' (success) ---
11-30 17:23:42.650    3556-3567/? D/dalvikvm﹕ DEX prep '/data/data/com.google.android.gms/app_fb/f.apk': unzip in 0ms, rewrite 83ms
11-30 17:23:42.660    3556-3567/? D/libEGL﹕ loaded /system/lib/egl/libEGL_tegra.so
11-30 17:23:42.670      487-512/? W/ActivityManager﹕ No content provider found for permission revoke: file:///data/local/tmp/net.zedge.android_v4.10.2-inlined.apk
11-30 17:23:42.670      487-512/? I/PackageManager﹕ Copying native libraries to /data/app-lib/vmdl-406101913
11-30 17:23:42.680    3556-3567/? D/libEGL﹕ loaded /system/lib/egl/libGLESv1_CM_tegra.so
11-30 17:23:42.680    3556-3567/? D/libEGL﹕ loaded /system/lib/egl/libGLESv2_tegra.so
11-30 17:23:42.820      487-491/? D/dalvikvm﹕ GC_CONCURRENT freed 1644K, 19% free 16178K/19772K, paused 4ms+7ms, total 82ms
11-30 17:23:42.830      487-512/? D/dalvikvm﹕ WAIT_FOR_CONCURRENT_GC blocked 64ms
11-30 17:23:42.830      487-796/? D/dalvikvm﹕ WAIT_FOR_CONCURRENT_GC blocked 32ms
11-30 17:23:42.870    3556-3560/? D/dalvikvm﹕ GC_CONCURRENT freed 709K, 7% free 10660K/11424K, paused 3ms+7ms, total 34ms
11-30 17:23:42.920      487-512/? D/dalvikvm﹕ GC_FOR_ALLOC freed 323K, 19% free 16100K/19772K, paused 74ms, total 75ms
11-30 17:23:42.920      487-512/? I/dalvikvm-heap﹕ Grow heap (frag case) to 15.822MB for 63504-byte allocation
11-30 17:23:42.980      487-797/? D/dalvikvm﹕ GC_FOR_ALLOC freed 30K, 19% free 16132K/19836K, paused 67ms, total 67ms
11-30 17:23:43.000    3556-3567/? W/Settings﹕ Setting install_non_market_apps has moved from android.provider.Settings.Secure to android.provider.Settings.Global.
11-30 17:23:43.050      487-512/? D/dalvikvm﹕ GC_FOR_ALLOC freed <1K, 19% free 16131K/19836K, paused 68ms, total 68ms
11-30 17:23:43.050      487-512/? I/dalvikvm-heap﹕ Grow heap (frag case) to 15.916MB for 129040-byte allocation
11-30 17:23:43.120     487-1229/? D/dalvikvm﹕ GC_FOR_ALLOC freed 62K, 19% free 16195K/19964K, paused 67ms, total 68ms
11-30 17:23:43.190      487-512/? D/dalvikvm﹕ GC_FOR_ALLOC freed <1K, 19% free 16195K/19964K, paused 67ms, total 67ms
11-30 17:23:43.190      487-512/? I/dalvikvm-heap﹕ Grow heap (frag case) to 16.103MB for 260112-byte allocation
11-30 17:23:43.260     487-2719/? D/dalvikvm﹕ GC_FOR_ALLOC freed 126K, 20% free 16323K/20220K, paused 67ms, total 67ms
11-30 17:23:43.330      487-512/? D/dalvikvm﹕ GC_FOR_ALLOC freed 281K, 20% free 16247K/20220K, paused 69ms, total 69ms
11-30 17:23:43.400      487-512/? D/dalvikvm﹕ GC_FOR_ALLOC freed 92K, 20% free 16343K/20220K, paused 68ms, total 68ms
11-30 17:23:43.400      487-512/? I/dalvikvm-heap﹕ Grow heap (frag case) to 16.247MB for 260112-byte allocation
11-30 17:23:43.470      487-495/? D/dalvikvm﹕ GC_FOR_ALLOC freed 126K, 20% free 16471K/20476K, paused 68ms, total 68ms
11-30 17:23:43.540      487-512/? D/dalvikvm﹕ GC_FOR_ALLOC freed 307K, 20% free 16426K/20476K, paused 66ms, total 67ms
11-30 17:23:43.610      487-512/? D/dalvikvm﹕ GC_FOR_ALLOC freed 62K, 20% free 16490K/20476K, paused 65ms, total 65ms
11-30 17:23:43.670      487-512/? D/dalvikvm﹕ GC_FOR_ALLOC freed 126K, 19% free 16618K/20476K, paused 65ms, total 65ms
11-30 17:23:43.670      487-512/? I/dalvikvm-heap﹕ Grow heap (frag case) to 16.411MB for 150282-byte allocation
11-30 17:23:43.740      487-495/? D/dalvikvm﹕ GC_FOR_ALLOC freed 0K, 19% free 16764K/20624K, paused 66ms, total 66ms
11-30 17:23:43.750      125-581/? I/WVCdm﹕ CdmEngine::OpenSession
11-30 17:23:43.750      125-581/? I/WVCdm﹕ CdmEngine::QueryKeyControlInfo
11-30 17:23:43.760      125-581/? I/WVCdm﹕ CdmEngine::GenerateKeyRequest
11-30 17:23:43.840      125-581/? D/WVCdm﹕ PrepareKeyRequest: nonce=3519304971
11-30 17:23:43.940      125-515/? I/WVCdm﹕ CdmEngine::CloseSession
11-30 17:23:44.030      487-512/? D/dalvikvm﹕ GC_FOR_ALLOC freed 777K, 17% free 17206K/20624K, paused 149ms, total 149ms
11-30 17:23:44.160    1028-3528/? I/CheckinRequestBuilder﹕ Classify the device as Tablet.
11-30 17:23:44.280    1028-3528/? I/CheckinTask﹕ Sending checkin request (10811 bytes)
11-30 17:23:44.450      487-491/? D/dalvikvm﹕ GC_CONCURRENT freed 2042K, 15% free 17565K/20624K, paused 3ms+5ms, total 85ms
11-30 17:23:44.450      487-512/? D/dalvikvm﹕ WAIT_FOR_CONCURRENT_GC blocked 77ms
11-30 17:23:44.610    1028-3528/? I/CheckinRequestBuilder﹕ Checkin reason type: 8 attempt count: 1
11-30 17:23:44.610      487-491/? D/dalvikvm﹕ GC_CONCURRENT freed 2469K, 15% free 17592K/20624K, paused 2ms+8ms, total 90ms
11-30 17:23:44.610      487-512/? D/dalvikvm﹕ WAIT_FOR_CONCURRENT_GC blocked 83ms
11-30 17:23:44.610    1028-3528/? E/ActivityThread﹕ Failed to find provider info for com.google.android.wearable.settings
11-30 17:23:44.700    1028-3528/? I/CheckinRequestBuilder﹕ Classify the device as Tablet.
11-30 17:23:44.720    1028-3528/? I/CheckinTask﹕ Checkin success: https://android.clients.google.com/checkin (1 requests sent)
11-30 17:23:44.730    1028-3528/? I/CheckinService﹕ Checking schedule, now: 1448900624733 next: 1448941832729
11-30 17:23:44.730    1028-3528/? I/CheckinService﹕ active receiver: disabled
11-30 17:23:44.810      487-491/? D/dalvikvm﹕ GC_CONCURRENT freed 2482K, 15% free 17613K/20624K, paused 3ms+6ms, total 88ms
11-30 17:23:44.810      487-689/? D/dalvikvm﹕ WAIT_FOR_CONCURRENT_GC blocked 78ms
11-30 17:23:44.810      487-512/? D/dalvikvm﹕ WAIT_FOR_CONCURRENT_GC blocked 79ms
11-30 17:23:44.970      487-491/? D/dalvikvm﹕ GC_CONCURRENT freed 2459K, 15% free 17661K/20624K, paused 3ms+6ms, total 85ms
11-30 17:23:44.970      487-512/? D/dalvikvm﹕ WAIT_FOR_CONCURRENT_GC blocked 79ms
11-30 17:23:45.130      487-491/? D/dalvikvm﹕ GC_CONCURRENT freed 2507K, 15% free 17668K/20624K, paused 3ms+5ms, total 84ms
11-30 17:23:45.130      487-512/? D/dalvikvm﹕ WAIT_FOR_CONCURRENT_GC blocked 78ms
11-30 17:23:45.300      487-491/? D/dalvikvm﹕ GC_CONCURRENT freed 2480K, 15% free 17702K/20624K, paused 3ms+6ms, total 91ms
11-30 17:23:45.300      487-512/? D/dalvikvm﹕ WAIT_FOR_CONCURRENT_GC blocked 86ms
11-30 17:23:45.750    1028-1028/? D/CheckinService﹕ Recording last checkin time for package unspecified as 1448900625752
11-30 17:23:45.820      487-512/? I/PackageManager﹕ Running dexopt on: net.zedge.android
11-30 17:23:45.830     747-1080/? D/GCM﹕ GcmService start Intent { act=com.google.android.checkin.CHECKIN_COMPLETE flg=0x10 cmp=com.google.android.gms/.gcm.GcmService (has extras) } com.google.android.checkin.CHECKIN_COMPLETE
11-30 17:23:45.880      747-751/? D/dalvikvm﹕ GC_CONCURRENT freed 446K, 9% free 9365K/10224K, paused 3ms+3ms, total 31ms
11-30 17:23:46.130    3651-3651/? D/dalvikvm﹕ DexOpt: load 46ms, verify+opt 188ms, 1073468 bytes
11-30 17:23:46.620      487-503/? I/ActivityManager﹕ Force stopping net.zedge.android appid=10150 user=-1: update pkg
11-30 17:23:47.140      487-512/? W/PackageManager﹕ Unknown permission com.android.smspush.WAPPUSH_MANAGER_BIND in package com.android.phone
11-30 17:23:47.140      487-512/? W/PackageManager﹕ Unknown permission com.android.nfc.permission.NFCEE_ADMIN in package com.google.android.apps.walletnfcrel
11-30 17:23:47.150      487-512/? W/PackageManager﹕ Unknown permission com.android.vending.billing.IBillingAccountService.BIND2 in package com.google.android.gsf.login
11-30 17:23:47.150      487-512/? W/PackageManager﹕ Unknown permission com.android.gallery3d.permission.GALLERY_PROVIDER in package com.android.bluetooth
11-30 17:23:47.150      487-512/? W/PackageManager﹕ Unknown permission android.permission.MMS_SEND_OUTBOX_MSG in package com.android.bluetooth
11-30 17:23:47.150      487-512/? W/PackageManager﹕ Unknown permission android.permission.REGISTER_CONNECTION_MANAGER in package com.google.android.talk
11-30 17:23:47.150      487-512/? W/PackageManager﹕ Unknown permission android.permission.OBSERVE_GRANT_REVOKE_PERMISSIONS in package com.google.android.gms
11-30 17:23:47.150      487-512/? W/PackageManager﹕ Unknown permission android.permission.RECOVERY in package com.google.android.gms
11-30 17:23:47.150      487-512/? W/PackageManager﹕ Not granting permission android.permission.READ_DREAM_STATE to package com.google.android.gms (protectionLevel=2 flags=0x40c83ec5)
11-30 17:23:47.150      487-512/? W/PackageManager﹕ Unknown permission android.permission.PROVIDE_TRUST_AGENT in package com.google.android.gms
11-30 17:23:47.150      487-512/? W/PackageManager﹕ Unknown permission com.google.android.apps.enterprise.dmagent.permission.AutoSyncPermission in package com.google.android.gms
11-30 17:23:47.150      487-512/? W/PackageManager﹕ Not granting permission android.permission.PACKAGE_USAGE_STATS to package com.google.android.gms (protectionLevel=18 flags=0x40c83ec5)
11-30 17:23:47.150      487-512/? W/PackageManager﹕ Unknown permission android.permission.MANAGE_VOICE_KEYPHRASES in package com.google.android.gms
11-30 17:23:47.150      487-512/? W/PackageManager﹕ Unknown permission android.permission.REAL_GET_TASKS in package com.google.android.gms
11-30 17:23:47.150      487-512/? W/PackageManager﹕ Unknown permission android.permission.READ_WIFI_CREDENTIAL in package com.google.android.gms
11-30 17:23:47.150      487-512/? W/PackageManager﹕ Unknown permission android.permission.SCORE_NETWORKS in package com.google.android.gms
11-30 17:23:47.150      487-512/? W/PackageManager﹕ Unknown permission android.permission.CONTROL_INCALL_EXPERIENCE in package com.google.android.gms
11-30 17:23:47.150      487-512/? W/PackageManager﹕ Unknown permission android.permission.USER_ACTIVITY in package com.google.android.gms
11-30 17:23:47.150      487-512/? W/PackageManager﹕ Unknown permission android.permission.MODIFY_AUDIO_ROUTING in package com.google.android.gms
11-30 17:23:47.150      487-512/? W/PackageManager﹕ Unknown permission com.google.android.wearable.READ_SETTINGS in package com.google.android.gms
11-30 17:23:47.150      487-512/? W/PackageManager﹕ Unknown permission android.permission.INTENT_FILTER_VERIFICATION_AGENT in package com.google.android.gms
11-30 17:23:47.150      487-512/? W/PackageManager﹕ Unknown permission android.permission.LOCAL_MAC_ADDRESS in package com.google.android.gms
11-30 17:23:47.150      487-512/? W/PackageManager﹕ Unknown permission android.permission.CHANGE_DEVICE_IDLE_TEMP_WHITELIST in package com.google.android.gms
11-30 17:23:47.150      487-512/? W/PackageManager﹕ Unknown permission android.permission.BODY_SENSORS in package com.google.android.gms
11-30 17:23:47.150      487-512/? W/PackageManager﹕ Unknown permission com.google.android.launcher.permission.RECEIVE_LAUNCH_BROADCASTS in package com.google.android.gms
11-30 17:23:47.150      487-512/? W/PackageManager﹕ Not granting permission android.permission.MANAGE_DOCUMENTS to package com.google.android.gms (protectionLevel=2 flags=0x40c83ec5)
11-30 17:23:47.150      487-512/? W/PackageManager﹕ Unknown permission android.permission.NOTIFY_PENDING_SYSTEM_UPDATE in package com.google.android.gms
11-30 17:23:47.150      487-512/? W/PackageManager﹕ Unknown permission com.android.voicemail.permission.READ_VOICEMAIL in package com.google.android.gms
11-30 17:23:47.150      487-512/? W/PackageManager﹕ Unknown permission android.permission.READ_OWNER_DATA in package com.google.android.setupwizard
11-30 17:23:47.160      487-512/? W/PackageManager﹕ Unknown permission android.permission.WRITE_OWNER_DATA in package com.google.android.setupwizard
11-30 17:23:47.160      487-512/? W/PackageManager﹕ Unknown permission com.google.android.voicesearch.SHORTCUTS_ACCESS in package com.google.android.googlequicksearchbox
11-30 17:23:47.160      487-512/? W/PackageManager﹕ Unknown permission com.google.android.voicesearch.ACCESS_SETTINGS in package com.google.android.googlequicksearchbox
11-30 17:23:47.160      487-512/? W/PackageManager﹕ Unknown permission com.android.browser.permission.PRELOAD in package com.google.android.googlequicksearchbox
11-30 17:23:47.160      487-512/? W/PackageManager﹕ Unknown permission com.google.android.apps.googlevoice.permission.AUTO_SEND in package com.google.android.googlequicksearchbox
11-30 17:23:47.160      487-512/? W/PackageManager﹕ Unknown permission com.android.chrome.PRERENDER_URL in package com.google.android.googlequicksearchbox
11-30 17:23:47.160      487-512/? W/PackageManager﹕ Not granting permission android.permission.STOP_APP_SWITCHES to package com.google.android.googlequicksearchbox (protectionLevel=18 flags=0x40dbbec5)
11-30 17:23:47.160      487-512/? W/PackageManager﹕ Unknown permission com.google.android.launcher.permission.CONTENT_REDIRECT in package com.google.android.googlequicksearchbox
11-30 17:23:47.160      487-512/? W/PackageManager﹕ Unknown permission android.permission.REAL_GET_TASKS in package com.android.vending
11-30 17:23:47.160      487-512/? W/PackageManager﹕ Not granting permission android.permission.SEND_DOWNLOAD_COMPLETED_INTENTS to package com.android.vending (protectionLevel=2 flags=0x40cabec5)
11-30 17:23:47.160      487-512/? W/PackageManager﹕ Unknown permission android.permission.USE_FINGERPRINT in package com.android.vending
11-30 17:23:47.160      487-512/? W/PackageManager﹕ Unknown permission android.permission.GET_PACKAGE_IMPORTANCE in package com.android.vending
11-30 17:23:47.160      487-512/? W/PackageManager﹕ Unknown permission android.permission.GET_ACCOUNTS_PRIVILEGED in package com.android.vending
11-30 17:23:47.160      487-512/? W/PackageManager﹕ Unknown permission android.permission.INSTALL_GRANT_RUNTIME_PERMISSIONS in package com.android.vending
11-30 17:23:47.160      487-512/? W/PackageManager﹕ Unknown permission android.permission.GRANT_RUNTIME_PERMISSIONS in package com.android.vending
11-30 17:23:47.160      487-512/? W/PackageManager﹕ Unknown permission android.permission.REVOKE_RUNTIME_PERMISSIONS in package com.android.vending
11-30 17:23:47.160      487-512/? W/PackageManager﹕ Unknown permission android.permission.CHANGE_DEVICE_IDLE_TEMP_WHITELIST in package com.android.vending
11-30 17:23:47.160      487-512/? W/PackageManager﹕ Not granting permission android.permission.BATTERY_STATS to package com.android.vending (protectionLevel=18 flags=0x40cabec5)
11-30 17:23:47.160      487-512/? W/PackageManager﹕ Not granting permission android.permission.FORCE_STOP_PACKAGES to package com.android.vending (protectionLevel=18 flags=0x40cabec5)
11-30 17:23:47.160      487-512/? W/PackageManager﹕ Not granting permission android.permission.BIND_WALLPAPER to package com.google.android.GoogleCamera (protectionLevel=18 flags=0xd8bc45)
11-30 17:23:47.160      487-512/? W/PackageManager﹕ Not granting permission android.permission.MANAGE_DOCUMENTS to package com.google.android.youtube (protectionLevel=2 flags=0xd83ec5)
11-30 17:23:47.160      487-512/? W/PackageManager﹕ Unknown permission com.google.android.gms.permission.CAR_SPEED in package com.google.android.apps.maps
11-30 17:23:47.170      487-512/? W/PackageManager﹕ Not granting permission android.permission.READ_DREAM_STATE to package com.google.android.gsf (protectionLevel=2 flags=0x40883e45)
11-30 17:23:47.170      487-512/? W/PackageManager﹕ Unknown permission com.chrome.permission.DEVICE_EXTRAS in package com.android.chrome
11-30 17:23:47.170      487-512/? W/PackageManager﹕ Unknown permission com.sec.enterprise.knox.MDM_CONTENT_PROVIDER in package com.android.chrome
11-30 17:23:47.170      487-512/? W/PackageManager﹕ Unknown permission android.permission.WRITE_SYNC_STATS in package com.google.android.apps.docs
11-30 17:23:47.730      487-562/? I/InputReader﹕ Reconfiguring input devices.  changes=0x00000010
11-30 17:23:47.800      784-788/? D/dalvikvm﹕ GC_CONCURRENT freed 436K, 6% free 7854K/8344K, paused 5ms+2ms, total 40ms
11-30 17:23:47.820      487-491/? D/dalvikvm﹕ GC_CONCURRENT freed 2449K, 14% free 17783K/20624K, paused 3ms+18ms, total 139ms
11-30 17:23:47.820     487-2719/? D/dalvikvm﹕ WAIT_FOR_CONCURRENT_GC blocked 78ms
