11-30 17:24:15.360    3400-3412/? V/ServerRunnable59778﹕ Socket accepted.
11-30 17:24:15.370    3400-3412/? D/org.droidmate.uiad﹕ Executing device command: get_uiautomator_window_hierarchy_dump
11-30 17:24:15.380      798-798/? W/ResourceType﹕ No known package when getting name for resource number 0x9b000000
11-30 17:24:15.380      798-798/? W/ResourceType﹕ No known package when getting name for resource number 0x9b020200
11-30 17:24:15.380      798-798/? W/ResourceType﹕ No known package when getting name for resource number 0x9b040400
11-30 17:24:15.380      798-798/? W/ResourceType﹕ No known package when getting name for resource number 0x9b050500
11-30 17:24:15.380      798-798/? W/ResourceType﹕ No known package when getting name for resource number 0x9b060600
11-30 17:24:15.380      798-798/? W/ResourceType﹕ No known package when getting name for resource number 0x9c010005
11-30 17:24:15.380      798-798/? W/ResourceType﹕ No known package when getting name for resource number 0x9c020201
11-30 17:24:15.400    3400-3412/? I/AccessibilityNodeInfoDumper﹕ Skipping invisible child: android.view.accessibility.AccessibilityNodeInfo@a150; boundsInParent: Rect(0, 0 - 800, 950); boundsInScreen: Rect(-1599, 104 - -799, 1054); packageName: com.android.launcher; className: android.view.View; text: null; contentDescription: Home screen 1; viewIdResName: com.android.launcher:id/cell1; checkable: false; checked: false; focusable: false; focused: false; selected: false; clickable: true; longClickable: true; enabled: true; password: false; scrollable: false; [ACTION_SELECT, ACTION_CLEAR_SELECTION, ACTION_CLICK, ACTION_LONG_CLICK, ACTION_ACCESSIBILITY_FOCUS, ACTION_NEXT_AT_MOVEMENT_GRANULARITY, ACTION_PREVIOUS_AT_MOVEMENT_GRANULARITY, ACTION_SET_SELECTION]
11-30 17:24:15.400    3400-3412/? I/AccessibilityNodeInfoDumper﹕ Skipping invisible child: android.view.accessibility.AccessibilityNodeInfo@a511; boundsInParent: Rect(0, 0 - 800, 950); boundsInScreen: Rect(-799, 104 - 0, 1054); packageName: com.android.launcher; className: android.view.View; text: null; contentDescription: Home screen 2; viewIdResName: com.android.launcher:id/cell2; checkable: false; checked: false; focusable: false; focused: false; selected: false; clickable: true; longClickable: true; enabled: true; password: false; scrollable: false; [ACTION_SELECT, ACTION_CLEAR_SELECTION, ACTION_CLICK, ACTION_LONG_CLICK, ACTION_ACCESSIBILITY_FOCUS, ACTION_NEXT_AT_MOVEMENT_GRANULARITY, ACTION_PREVIOUS_AT_MOVEMENT_GRANULARITY, ACTION_SET_SELECTION]
11-30 17:24:15.400    3400-3412/? I/AccessibilityNodeInfoDumper﹕ Skipping invisible child: android.view.accessibility.AccessibilityNodeInfo@ac93; boundsInParent: Rect(0, 0 - 800, 950); boundsInScreen: Rect(800, 104 - 1600, 1054); packageName: com.android.launcher; className: android.view.View; text: null; contentDescription: Home screen 4; viewIdResName: com.android.launcher:id/cell4; checkable: false; checked: false; focusable: false; focused: false; selected: false; clickable: true; longClickable: true; enabled: true; password: false; scrollable: false; [ACTION_SELECT, ACTION_CLEAR_SELECTION, ACTION_CLICK, ACTION_LONG_CLICK, ACTION_ACCESSIBILITY_FOCUS, ACTION_NEXT_AT_MOVEMENT_GRANULARITY, ACTION_PREVIOUS_AT_MOVEMENT_GRANULARITY, ACTION_SET_SELECTION]
11-30 17:24:15.400    3400-3412/? I/AccessibilityNodeInfoDumper﹕ Skipping invisible child: android.view.accessibility.AccessibilityNodeInfo@b054; boundsInParent: Rect(0, 0 - 800, 950); boundsInScreen: Rect(1600, 104 - 2400, 1054); packageName: com.android.launcher; className: android.view.View; text: null; contentDescription: Home screen 5; viewIdResName: com.android.launcher:id/cell5; checkable: false; checked: false; focusable: false; focused: false; selected: false; clickable: true; longClickable: true; enabled: true; password: false; scrollable: false; [ACTION_SELECT, ACTION_CLEAR_SELECTION, ACTION_CLICK, ACTION_LONG_CLICK, ACTION_ACCESSIBILITY_FOCUS, ACTION_NEXT_AT_MOVEMENT_GRANULARITY, ACTION_PREVIOUS_AT_MOVEMENT_GRANULARITY, ACTION_SET_SELECTION]
11-30 17:24:15.400    3400-3412/? I/AccessibilityNodeInfoDumper﹕ Skipping invisible child: android.view.accessibility.AccessibilityNodeInfo@b415; boundsInParent: Rect(0, 0 - 758, 72); boundsInScreen: Rect(21, -38 - 779, 33); packageName: com.android.launcher; className: android.widget.LinearLayout; text: null; contentDescription: null; viewIdResName: com.android.launcher:id/drag_target_bar; checkable: false; checked: false; focusable: false; focused: false; selected: false; clickable: false; longClickable: false; enabled: true; password: false; scrollable: false; [ACTION_SELECT, ACTION_CLEAR_SELECTION, ACTION_ACCESSIBILITY_FOCUS]
11-30 17:24:15.420    3400-3412/? W/AccessibilityNodeInfoDumper﹕ Fetch time: 21ms
11-30 17:24:15.420    3400-3412/? D/ServerRunnable59778﹕ Accepting socket from client on port 59778...
11-30 17:24:15.430    3400-3412/? V/ServerRunnable59778﹕ Socket accepted.
11-30 17:24:15.440    3400-3412/? D/org.droidmate.uiad﹕ Executing device command: get_uiautomator_window_hierarchy_dump
11-30 17:24:15.440      798-798/? W/ResourceType﹕ No known package when getting name for resource number 0x9b000000
11-30 17:24:15.440      798-798/? W/ResourceType﹕ No known package when getting name for resource number 0x9b020200
11-30 17:24:15.440      798-798/? W/ResourceType﹕ No known package when getting name for resource number 0x9b040400
11-30 17:24:15.450      798-798/? W/ResourceType﹕ No known package when getting name for resource number 0x9b050500
11-30 17:24:15.450      798-798/? W/ResourceType﹕ No known package when getting name for resource number 0x9b060600
11-30 17:24:15.450      798-798/? W/ResourceType﹕ No known package when getting name for resource number 0x9c010005
11-30 17:24:15.450      798-798/? W/ResourceType﹕ No known package when getting name for resource number 0x9c020201
11-30 17:24:15.470    3400-3412/? I/AccessibilityNodeInfoDumper﹕ Skipping invisible child: android.view.accessibility.AccessibilityNodeInfo@a150; boundsInParent: Rect(0, 0 - 800, 950); boundsInScreen: Rect(-1599, 104 - -799, 1054); packageName: com.android.launcher; className: android.view.View; text: null; contentDescription: Home screen 1; viewIdResName: com.android.launcher:id/cell1; checkable: false; checked: false; focusable: false; focused: false; selected: false; clickable: true; longClickable: true; enabled: true; password: false; scrollable: false; [ACTION_SELECT, ACTION_CLEAR_SELECTION, ACTION_CLICK, ACTION_LONG_CLICK, ACTION_ACCESSIBILITY_FOCUS, ACTION_NEXT_AT_MOVEMENT_GRANULARITY, ACTION_PREVIOUS_AT_MOVEMENT_GRANULARITY, ACTION_SET_SELECTION]
11-30 17:24:15.470    3400-3412/? I/AccessibilityNodeInfoDumper﹕ Skipping invisible child: android.view.accessibility.AccessibilityNodeInfo@a511; boundsInParent: Rect(0, 0 - 800, 950); boundsInScreen: Rect(-799, 104 - 0, 1054); packageName: com.android.launcher; className: android.view.View; text: null; contentDescription: Home screen 2; viewIdResName: com.android.launcher:id/cell2; checkable: false; checked: false; focusable: false; focused: false; selected: false; clickable: true; longClickable: true; enabled: true; password: false; scrollable: false; [ACTION_SELECT, ACTION_CLEAR_SELECTION, ACTION_CLICK, ACTION_LONG_CLICK, ACTION_ACCESSIBILITY_FOCUS, ACTION_NEXT_AT_MOVEMENT_GRANULARITY, ACTION_PREVIOUS_AT_MOVEMENT_GRANULARITY, ACTION_SET_SELECTION]
11-30 17:24:15.470    3400-3412/? I/AccessibilityNodeInfoDumper﹕ Skipping invisible child: android.view.accessibility.AccessibilityNodeInfo@ac93; boundsInParent: Rect(0, 0 - 800, 950); boundsInScreen: Rect(800, 104 - 1600, 1054); packageName: com.android.launcher; className: android.view.View; text: null; contentDescription: Home screen 4; viewIdResName: com.android.launcher:id/cell4; checkable: false; checked: false; focusable: false; focused: false; selected: false; clickable: true; longClickable: true; enabled: true; password: false; scrollable: false; [ACTION_SELECT, ACTION_CLEAR_SELECTION, ACTION_CLICK, ACTION_LONG_CLICK, ACTION_ACCESSIBILITY_FOCUS, ACTION_NEXT_AT_MOVEMENT_GRANULARITY, ACTION_PREVIOUS_AT_MOVEMENT_GRANULARITY, ACTION_SET_SELECTION]
11-30 17:24:15.470    3400-3412/? I/AccessibilityNodeInfoDumper﹕ Skipping invisible child: android.view.accessibility.AccessibilityNodeInfo@b054; boundsInParent: Rect(0, 0 - 800, 950); boundsInScreen: Rect(1600, 104 - 2400, 1054); packageName: com.android.launcher; className: android.view.View; text: null; contentDescription: Home screen 5; viewIdResName: com.android.launcher:id/cell5; checkable: false; checked: false; focusable: false; focused: false; selected: false; clickable: true; longClickable: true; enabled: true; password: false; scrollable: false; [ACTION_SELECT, ACTION_CLEAR_SELECTION, ACTION_CLICK, ACTION_LONG_CLICK, ACTION_ACCESSIBILITY_FOCUS, ACTION_NEXT_AT_MOVEMENT_GRANULARITY, ACTION_PREVIOUS_AT_MOVEMENT_GRANULARITY, ACTION_SET_SELECTION]
11-30 17:24:15.480    3400-3412/? I/AccessibilityNodeInfoDumper﹕ Skipping invisible child: android.view.accessibility.AccessibilityNodeInfo@b415; boundsInParent: Rect(0, 0 - 758, 72); boundsInScreen: Rect(21, -38 - 779, 33); packageName: com.android.launcher; className: android.widget.LinearLayout; text: null; contentDescription: null; viewIdResName: com.android.launcher:id/drag_target_bar; checkable: false; checked: false; focusable: false; focused: false; selected: false; clickable: false; longClickable: false; enabled: true; password: false; scrollable: false; [ACTION_SELECT, ACTION_CLEAR_SELECTION, ACTION_ACCESSIBILITY_FOCUS]
11-30 17:24:15.480    3400-3412/? W/AccessibilityNodeInfoDumper﹕ Fetch time: 26ms
11-30 17:24:15.490    3400-3412/? D/ServerRunnable59778﹕ Accepting socket from client on port 59778...
11-30 17:24:15.990    3755-3755/? D/AndroidRuntime﹕ >>>>>> AndroidRuntime START com.android.internal.os.RuntimeInit <<<<<<
11-30 17:24:15.990    3755-3755/? D/AndroidRuntime﹕ CheckJNI is OFF
11-30 17:24:16.000    3755-3755/? D/dalvikvm﹕ Trying to load lib libjavacore.so 0x0
11-30 17:24:16.000    3755-3755/? D/dalvikvm﹕ Added shared lib libjavacore.so 0x0
11-30 17:24:16.010    3755-3755/? D/dalvikvm﹕ Trying to load lib libnativehelper.so 0x0
11-30 17:24:16.010    3755-3755/? D/dalvikvm﹕ Added shared lib libnativehelper.so 0x0
11-30 17:24:16.010    3755-3755/? D/dalvikvm﹕ No JNI_OnLoad found in libnativehelper.so 0x0, skipping init
11-30 17:24:16.040    3755-3755/? D/dalvikvm﹕ Note: class Landroid/app/ActivityManagerNative; has 179 unimplemented (abstract) methods
11-30 17:24:16.190    3755-3755/? E/memtrack﹕ Couldn't load memtrack module (No such file or directory)
11-30 17:24:16.190    3755-3755/? E/android.os.Debug﹕ failed to load memtrack module: -2
11-30 17:24:16.260    3755-3755/? D/AndroidRuntime﹕ Calling main entry com.android.commands.am.Am
11-30 17:24:16.270     487-1229/? I/ActivityManager﹕ Force stopping net.zedge.android appid=10150 user=0: from pid 3755
11-30 17:24:16.520      487-797/? I/ActivityManager﹕ START u0 {act=android.intent.action.MAIN cat=[android.intent.category.LAUNCHER] flg=0x10000000 cmp=net.zedge.android/.Main} from pid 3755
11-30 17:24:16.550      487-497/? I/ActivityManager﹕ Start proc net.zedge.android for activity net.zedge.android/.Main: pid=3769 uid=10150 gids={50150, 3003, 1028, 1015}
11-30 17:24:16.610    3769-3769/? I/System.out﹕ Extracting lib/armeabi/libinstrumentation.so to /data/data/net.zedge.android/files/appguard_monitor_libs/libinstrumentation.so
11-30 17:24:16.610    3769-3769/? I/System.out﹕ Extracting lib/armeabi-v7a/libinstrumentation.so to /data/data/net.zedge.android/files/appguard_monitor_libs/libinstrumentation.so
11-30 17:24:16.620    3769-3769/? D/dalvikvm﹕ DexOpt: --- BEGIN 'monitor.apk' (bootstrap=0) ---
11-30 17:24:16.730    3785-3785/? D/dalvikvm﹕ DexOpt: load 10ms, verify+opt 64ms, 305364 bytes
11-30 17:24:16.820    3769-3769/? D/dalvikvm﹕ DexOpt: --- END 'monitor.apk' (success) ---
11-30 17:24:16.820    3769-3769/? D/dalvikvm﹕ DEX prep '/data/local/tmp/monitor.apk': unzip in 2ms, rewrite 197ms
11-30 17:24:16.860    3769-3769/? D/Monitor_server﹕ Starting monitor TCP server...
11-30 17:24:16.860    3769-3793/? D/MonitorServerRunnable59776﹕ Started MonitorServerRunnable.
11-30 17:24:16.860    3769-3793/? D/MonitorServerRunnable59776﹕ Creating server socket bound to port 59776...
11-30 17:24:16.860    3769-3769/? D/Monitor_server﹕ Starting monitor TCP server succeeded.
11-30 17:24:16.860    3769-3793/? D/MonitorServerRunnable59776﹕ Accepting socket from client on port 59776...
11-30 17:24:16.860    3769-3769/? I/Monitor_init﹕ Monitor constructed successfully.
11-30 17:24:16.860    3769-3769/? D/dalvikvm﹕ Trying to load lib /data/data/net.zedge.android/files/appguard_monitor_libs/libinstrumentation.so 0x4207a448
11-30 17:24:16.870    3769-3769/? D/dalvikvm﹕ Added shared lib /data/data/net.zedge.android/files/appguard_monitor_libs/libinstrumentation.so 0x4207a448
11-30 17:24:16.870    3769-3769/? D/dalvikvm﹕ No JNI_OnLoad found in /data/data/net.zedge.android/files/appguard_monitor_libs/libinstrumentation.so 0x4207a448, skipping init
11-30 17:24:16.890    3769-3769/? I/Instrumentation﹕ Redirected android.app.ActivityManager->getRecentTasks
11-30 17:24:16.910    3769-3769/? I/Instrumentation﹕ Redirected android.app.ActivityManager->getRunningTasks
11-30 17:24:16.920    3769-3769/? I/Instrumentation﹕ Redirected android.app.ActivityThread->installContentProviders
11-30 17:24:16.940    3769-3769/? I/Instrumentation﹕ Redirected android.app.Activity->onResume
11-30 17:24:16.950    3769-3773/? D/dalvikvm﹕ GC_CONCURRENT freed 400K, 6% free 7720K/8156K, paused 4ms+3ms, total 41ms
11-30 17:24:16.950    3769-3769/? D/dalvikvm﹕ WAIT_FOR_CONCURRENT_GC blocked 7ms
11-30 17:24:16.960    3769-3769/? I/Instrumentation﹕ Redirected android.app.Activity->startActivityForResult
11-30 17:24:16.980    3769-3769/? I/Instrumentation﹕ Redirected android.app.Activity->startActivityFromChild
11-30 17:24:16.990    3769-3769/? I/Instrumentation﹕ Redirected android.app.Activity->startActivityIfNeeded
11-30 17:24:16.990    3769-3769/? I/Instrumentation﹕ Redirected android.bluetooth.BluetoothHeadset->startVoiceRecognition
11-30 17:24:17.000    3769-3769/? I/Instrumentation﹕ Redirected android.bluetooth.BluetoothHeadset->stopVoiceRecognition
11-30 17:24:17.010    3769-3769/? I/Instrumentation﹕ Redirected android.content.ContentProviderClient->bulkInsert
11-30 17:24:40.710    3516-3516/? D/dalvikvm﹕ GC_FOR_ALLOC freed 97K, 3% free 10435K/10708K, paused 30ms, total 30ms
11-30 17:24:40.770    4103-4103/? D/AndroidRuntime﹕ >>>>>> AndroidRuntime START com.android.internal.os.RuntimeInit <<<<<<
11-30 17:24:40.770    4103-4103/? D/AndroidRuntime﹕ CheckJNI is OFF
11-30 17:24:40.790    4103-4103/? D/dalvikvm﹕ Trying to load lib libjavacore.so 0x0
11-30 17:24:40.800    4103-4103/? D/dalvikvm﹕ Added shared lib libjavacore.so 0x0
11-30 17:24:40.810    4103-4103/? D/dalvikvm﹕ Trying to load lib libnativehelper.so 0x0
11-30 17:24:40.810    4103-4103/? D/dalvikvm﹕ Added shared lib libnativehelper.so 0x0
11-30 17:24:40.810    4103-4103/? D/dalvikvm﹕ No JNI_OnLoad found in libnativehelper.so 0x0, skipping init
11-30 17:24:40.860    4103-4103/? D/dalvikvm﹕ Note: class Landroid/app/ActivityManagerNative; has 179 unimplemented (abstract) methods
11-30 17:24:41.080    4103-4103/? E/memtrack﹕ Couldn't load memtrack module (No such file or directory)
11-30 17:24:41.080    4103-4103/? E/android.os.Debug﹕ failed to load memtrack module: -2
11-30 17:24:41.180    4103-4103/? D/AndroidRuntime﹕ Calling main entry com.android.commands.pm.Pm
11-30 17:24:41.190      487-497/? I/ActivityManager﹕ Force stopping net.zedge.android appid=10150 user=0: clear data
11-30 17:24:41.200      734-990/? W/GeofencerStateMachine﹕ Ignoring removeGeofence because network location is disabled.
11-30 17:24:41.210      128-128/? D/keystore﹕ calling clear_uid in state: 2
11-30 17:24:41.220    2226-2269/? D/Documents﹕ Used cached roots for com.android.providers.downloads.documents
11-30 17:24:41.220    2226-2269/? D/Documents﹕ Used cached roots for com.android.externalstorage.documents
11-30 17:24:41.220    2226-2269/? D/Documents﹕ Used cached roots for com.android.providers.media.documents
11-30 17:24:41.220    2226-2269/? D/Documents﹕ Used cached roots for com.google.android.apps.docs.storage
11-30 17:24:41.220    2226-2269/? D/Documents﹕ Update found 7 roots in 7ms
11-30 17:24:41.220    3516-3520/? D/dalvikvm﹕ GC_CONCURRENT freed 374K, 5% free 10891K/11404K, paused 2ms+4ms, total 47ms
11-30 17:24:41.230    4103-4103/? D/AndroidRuntime﹕ Shutting down VM
11-30 17:24:41.230    4103-4110/? D/jdwp﹕ Got wake-up signal, bailing out of select
11-30 17:24:41.230    4103-4110/? D/dalvikvm﹕ Debugger has detached; object registry had 1 entries
11-30 17:24:41.750      487-797/? I/ActivityManager﹕ Start proc com.android.providers.partnerbookmarks for content provider com.android.providers.partnerbookmarks/.PartnerBookmarksProvider: pid=4118 uid=10039 gids={50039}
11-30 17:24:41.800    3516-3516/? D/SyncController﹕ Disabling sync
11-30 17:24:41.810    3516-3516/? D/DelegatedPKCS11Manager﹕ initialize
11-30 17:24:41.820    4117-4117/? D/AndroidRuntime﹕ >>>>>> AndroidRuntime START com.android.internal.os.RuntimeInit <<<<<<
11-30 17:24:41.820    4117-4117/? D/AndroidRuntime﹕ CheckJNI is OFF
11-30 17:24:41.840    4117-4117/? D/dalvikvm﹕ Trying to load lib libjavacore.so 0x0
11-30 17:24:41.840    3516-3981/? E/PartnerBookmarksReader﹕ ATTENTION: not using partner bookmarks as none were provided
11-30 17:24:41.840    4117-4117/? D/dalvikvm﹕ Added shared lib libjavacore.so 0x0
11-30 17:24:41.840    3516-3516/? I/cr.BindingManager﹕ Moderate binding enabled: maxSize=20 lowReduceRatio=0.250000 highReduceRatio=0.500000
11-30 17:24:41.850    4117-4117/? D/dalvikvm﹕ Trying to load lib libnativehelper.so 0x0
11-30 17:24:41.850    4117-4117/? D/dalvikvm﹕ Added shared lib libnativehelper.so 0x0
11-30 17:24:41.850    4117-4117/? D/dalvikvm﹕ No JNI_OnLoad found in libnativehelper.so 0x0, skipping init
11-30 17:24:41.860    3516-4134/? I/MinidumpUploadService﹕ Attempting to upload accumulated crash dumps.
11-30 17:24:41.860    3516-3520/? D/dalvikvm﹕ GC_CONCURRENT freed 421K, 4% free 11549K/12004K, paused 5ms+4ms, total 47ms
11-30 17:24:41.890    4117-4117/? D/dalvikvm﹕ Note: class Landroid/app/ActivityManagerNative; has 179 unimplemented (abstract) methods
11-30 17:24:41.930    3516-4130/? E/cr.Icing﹕ Failed to clear legacy corpus. Status Code: 8 Message: No CorpusConfig for history of com.android.chrome
11-30 17:24:42.060    4117-4117/? E/memtrack﹕ Couldn't load memtrack module (No such file or directory)
11-30 17:24:42.060    4117-4117/? E/android.os.Debug﹕ failed to load memtrack module: -2
11-30 17:24:42.130    4117-4117/? D/AndroidRuntime﹕ Calling main entry com.android.commands.pm.Pm
11-30 17:24:42.140      487-503/? I/ActivityManager﹕ Force stopping net.zedge.android appid=10150 user=-1: uninstall pkg
11-30 17:24:42.140      487-512/? W/PackageManager﹕ Couldn't delete native library directory /data/app-lib/net.zedge.android
11-30 17:24:42.140      487-512/? I/PackageManager﹕ Removing old permission: net.zedge.android.permission.C2D_MESSAGE from package net.zedge.android
11-30 17:24:42.140      487-512/? W/PackageManager﹕ Unknown permission com.android.smspush.WAPPUSH_MANAGER_BIND in package com.android.phone
11-30 17:24:42.140      487-512/? W/PackageManager﹕ Unknown permission com.android.nfc.permission.NFCEE_ADMIN in package com.google.android.apps.walletnfcrel
11-30 17:24:42.140      487-512/? W/PackageManager﹕ Unknown permission com.android.vending.billing.IBillingAccountService.BIND2 in package com.google.android.gsf.login
11-30 17:24:42.140      487-512/? W/PackageManager﹕ Unknown permission com.android.gallery3d.permission.GALLERY_PROVIDER in package com.android.bluetooth
11-30 17:24:42.140      487-512/? W/PackageManager﹕ Unknown permission android.permission.MMS_SEND_OUTBOX_MSG in package com.android.bluetooth
11-30 17:24:42.140      487-512/? W/PackageManager﹕ Unknown permission android.permission.REGISTER_CONNECTION_MANAGER in package com.google.android.talk
11-30 17:24:42.150      487-512/? W/PackageManager﹕ Unknown permission android.permission.OBSERVE_GRANT_REVOKE_PERMISSIONS in package com.google.android.gms
11-30 17:24:42.150      487-512/? W/PackageManager﹕ Unknown permission android.permission.RECOVERY in package com.google.android.gms
11-30 17:24:42.150      487-512/? W/PackageManager﹕ Not granting permission android.permission.READ_DREAM_STATE to package com.google.android.gms (protectionLevel=2 flags=0x40c83ec5)
11-30 17:24:42.150      487-512/? W/PackageManager﹕ Unknown permission android.permission.PROVIDE_TRUST_AGENT in package com.google.android.gms
11-30 17:24:42.150      487-512/? W/PackageManager﹕ Unknown permission com.google.android.apps.enterprise.dmagent.permission.AutoSyncPermission in package com.google.android.gms
11-30 17:24:42.150      487-512/? W/PackageManager﹕ Not granting permission android.permission.PACKAGE_USAGE_STATS to package com.google.android.gms (protectionLevel=18 flags=0x40c83ec5)
11-30 17:24:42.150      487-512/? W/PackageManager﹕ Unknown permission android.permission.MANAGE_VOICE_KEYPHRASES in package com.google.android.gms
11-30 17:24:42.150      487-512/? W/PackageManager﹕ Unknown permission android.permission.REAL_GET_TASKS in package com.google.android.gms
11-30 17:24:42.150      487-512/? W/PackageManager﹕ Unknown permission android.permission.READ_WIFI_CREDENTIAL in package com.google.android.gms
11-30 17:24:42.150      487-512/? W/PackageManager﹕ Unknown permission android.permission.SCORE_NETWORKS in package com.google.android.gms
11-30 17:24:42.150      487-512/? W/PackageManager﹕ Unknown permission android.permission.CONTROL_INCALL_EXPERIENCE in package com.google.android.gms
11-30 17:24:42.150      487-512/? W/PackageManager﹕ Unknown permission android.permission.USER_ACTIVITY in package com.google.android.gms
11-30 17:24:42.150      487-512/? W/PackageManager﹕ Unknown permission android.permission.MODIFY_AUDIO_ROUTING in package com.google.android.gms
11-30 17:24:42.150      487-512/? W/PackageManager﹕ Unknown permission com.google.android.wearable.READ_SETTINGS in package com.google.android.gms
11-30 17:24:42.150      487-512/? W/PackageManager﹕ Unknown permission android.permission.INTENT_FILTER_VERIFICATION_AGENT in package com.google.android.gms
11-30 17:24:42.150      487-512/? W/PackageManager﹕ Unknown permission android.permission.LOCAL_MAC_ADDRESS in package com.google.android.gms
11-30 17:24:42.150      487-512/? W/PackageManager﹕ Unknown permission android.permission.CHANGE_DEVICE_IDLE_TEMP_WHITELIST in package com.google.android.gms
11-30 17:24:42.150      487-512/? W/PackageManager﹕ Unknown permission android.permission.BODY_SENSORS in package com.google.android.gms
11-30 17:24:42.150      487-512/? W/PackageManager﹕ Unknown permission com.google.android.launcher.permission.RECEIVE_LAUNCH_BROADCASTS in package com.google.android.gms
11-30 17:24:42.150      487-512/? W/PackageManager﹕ Not granting permission android.permission.MANAGE_DOCUMENTS to package com.google.android.gms (protectionLevel=2 flags=0x40c83ec5)
11-30 17:24:42.150      487-512/? W/PackageManager﹕ Unknown permission android.permission.NOTIFY_PENDING_SYSTEM_UPDATE in package com.google.android.gms
11-30 17:24:42.150      487-512/? W/PackageManager﹕ Unknown permission com.android.voicemail.permission.READ_VOICEMAIL in package com.google.android.gms
11-30 17:24:42.150      487-512/? W/PackageManager﹕ Unknown permission android.permission.READ_OWNER_DATA in package com.google.android.setupwizard
11-30 17:24:42.150      487-512/? W/PackageManager﹕ Unknown permission android.permission.WRITE_OWNER_DATA in package com.google.android.setupwizard
11-30 17:24:42.150      487-512/? W/PackageManager﹕ Unknown permission com.google.android.voicesearch.SHORTCUTS_ACCESS in package com.google.android.googlequicksearchbox
11-30 17:24:42.150      487-512/? W/PackageManager﹕ Unknown permission com.google.android.voicesearch.ACCESS_SETTINGS in package com.google.android.googlequicksearchbox
11-30 17:24:42.150      487-512/? W/PackageManager﹕ Unknown permission com.android.browser.permission.PRELOAD in package com.google.android.googlequicksearchbox
11-30 17:24:42.150      487-512/? W/PackageManager﹕ Unknown permission com.google.android.apps.googlevoice.permission.AUTO_SEND in package com.google.android.googlequicksearchbox
11-30 17:24:42.150      487-512/? W/PackageManager﹕ Unknown permission com.android.chrome.PRERENDER_URL in package com.google.android.googlequicksearchbox
11-30 17:24:42.150      487-512/? W/PackageManager﹕ Not granting permission android.permission.STOP_APP_SWITCHES to package com.google.android.googlequicksearchbox (protectionLevel=18 flags=0x40dbbec5)
11-30 17:24:42.150      487-512/? W/PackageManager﹕ Unknown permission com.google.android.launcher.permission.CONTENT_REDIRECT in package com.google.android.googlequicksearchbox
11-30 17:24:42.150      487-512/? W/PackageManager﹕ Unknown permission android.permission.REAL_GET_TASKS in package com.android.vending
11-30 17:24:42.150      487-512/? W/PackageManager﹕ Not granting permission android.permission.SEND_DOWNLOAD_COMPLETED_INTENTS to package com.android.vending (protectionLevel=2 flags=0x40cabec5)
11-30 17:24:42.150      487-512/? W/PackageManager﹕ Unknown permission android.permission.USE_FINGERPRINT in package com.android.vending
11-30 17:24:42.150      487-512/? W/PackageManager﹕ Unknown permission android.permission.GET_PACKAGE_IMPORTANCE in package com.android.vending
11-30 17:24:42.150      487-512/? W/PackageManager﹕ Unknown permission android.permission.GET_ACCOUNTS_PRIVILEGED in package com.android.vending
11-30 17:24:42.150      487-512/? W/PackageManager﹕ Unknown permission android.permission.INSTALL_GRANT_RUNTIME_PERMISSIONS in package com.android.vending
11-30 17:24:42.150      487-512/? W/PackageManager﹕ Unknown permission android.permission.GRANT_RUNTIME_PERMISSIONS in package com.android.vending
11-30 17:24:42.150      487-512/? W/PackageManager﹕ Unknown permission android.permission.REVOKE_RUNTIME_PERMISSIONS in package com.android.vending
11-30 17:24:42.150      487-512/? W/PackageManager﹕ Unknown permission android.permission.CHANGE_DEVICE_IDLE_TEMP_WHITELIST in package com.android.vending
11-30 17:24:42.150      487-512/? W/PackageManager﹕ Not granting permission android.permission.BATTERY_STATS to package com.android.vending (protectionLevel=18 flags=0x40cabec5)
11-30 17:24:42.150      487-512/? W/PackageManager﹕ Not granting permission android.permission.FORCE_STOP_PACKAGES to package com.android.vending (protectionLevel=18 flags=0x40cabec5)
11-30 17:24:42.150      487-512/? W/PackageManager﹕ Not granting permission android.permission.BIND_WALLPAPER to package com.google.android.GoogleCamera (protectionLevel=18 flags=0xd8bc45)
11-30 17:24:42.150      487-512/? W/PackageManager﹕ Not granting permission android.permission.MANAGE_DOCUMENTS to package com.google.android.youtube (protectionLevel=2 flags=0xd83ec5)
11-30 17:24:42.150      487-512/? W/PackageManager﹕ Unknown permission com.google.android.gms.permission.CAR_SPEED in package com.google.android.apps.maps
11-30 17:24:42.150      487-512/? W/PackageManager﹕ Not granting permission android.permission.READ_DREAM_STATE to package com.google.android.gsf (protectionLevel=2 flags=0x40883e45)
11-30 17:24:42.160      487-512/? W/PackageManager﹕ Unknown permission com.chrome.permission.DEVICE_EXTRAS in package com.android.chrome
11-30 17:24:42.160      487-512/? W/PackageManager﹕ Unknown permission com.sec.enterprise.knox.MDM_CONTENT_PROVIDER in package com.android.chrome
11-30 17:24:42.160      487-512/? W/PackageManager﹕ Unknown permission android.permission.WRITE_SYNC_STATS in package com.google.android.apps.docs
11-30 17:24:42.330      128-128/? D/keystore﹕ calling clear_uid in state: 2
11-30 17:24:42.330      487-512/? I/ActivityManager﹕ Force stopping net.zedge.android appid=10150 user=0: pkg removed
11-30 17:24:42.350      722-722/? I/Keyboard.Facilitator﹕ resetDictionaries() : en_US
11-30 17:24:42.360      734-990/? W/GeofencerStateMachine﹕ Ignoring removeGeofence because network location is disabled.
11-30 17:24:42.360     722-4150/? I/Keyboard.Facilitator.DecoderInitializer﹕ run()
11-30 17:24:42.370    2226-2748/? D/Documents﹕ Used cached roots for com.android.providers.downloads.documents
11-30 17:24:42.370    2226-2748/? D/Documents﹕ Used cached roots for com.android.externalstorage.documents
11-30 17:24:42.370    2226-2748/? D/Documents﹕ Used cached roots for com.android.providers.media.documents
11-30 17:24:42.370    2226-2748/? D/Documents﹕ Used cached roots for com.google.android.apps.docs.storage
11-30 17:24:42.370    2226-2748/? D/Documents﹕ Update found 7 roots in 5ms
11-30 17:24:42.370     722-4150/? I/Decoder﹕ createOrResetDecoder
11-30 17:24:42.370      487-562/? I/InputReader﹕ Reconfiguring input devices.  changes=0x00000010
11-30 17:24:42.390      747-747/? I/ConfigService﹕ onCreate
11-30 17:24:42.400    1718-1718/? D/dalvikvm﹕ GC_EXPLICIT freed 20K, 7% free 8763K/9416K, paused 6ms+4ms, total 59ms
11-30 17:24:42.430      798-798/? D/dalvikvm﹕ GC_EXPLICIT freed 175K, 19% free 9889K/12112K, paused 13ms+4ms, total 95ms
11-30 17:24:42.450      798-798/? I/Launcher﹕ Deferring update until onResume
11-30 17:24:42.460     722-4150/? I/Keyboard.Facilitator.MainLanguageModelLoader﹕ run()
11-30 17:24:42.480      798-798/? I/Launcher﹕ Deferring update until onResume
11-30 17:24:42.490     722-4150/? I/Keyboard.Facilitator.MainLanguageModelLoader﹕ loadStaticLm() : Loading File = /data/data/com.google.android.inputmethod.latin/files/dicts/en/main%00003aen (offset=0, length=4014912) with up to date LoudsLmContentVersion = 20150512
11-30 17:24:42.490     722-4150/? I/Keyboard.Facilitator.DynamicLanguageModelLoader﹕ run()
11-30 17:24:42.490     722-4150/? I/Keyboard.Facilitator.DynamicLanguageModelLoader﹕ run() : Loading LM = contacts
11-30 17:24:42.490     722-4150/? I/Keyboard.Facilitator.DynamicLanguageModelLoader﹕ run() : Missing File = Contacts.dict
11-30 17:24:42.490     722-4150/? I/Keyboard.Facilitator.DynamicLanguageModelLoader﹕ run() : Loading LM = history
11-30 17:24:42.490     722-4150/? I/Keyboard.Facilitator.DynamicLanguageModelLoader﹕ run() : Loaded File = UserHistory.en_US.dict
11-30 17:24:42.490     722-4150/? I/Keyboard.Facilitator.DynamicLanguageModelLoader﹕ run() : Loading LM = user
11-30 17:24:42.490     722-4150/? I/Keyboard.Facilitator.DynamicLanguageModelLoader﹕ run() : Missing File = Personal.en_US.dict
11-30 17:24:42.490     722-4150/? I/Keyboard.Facilitator.PersonalDictionaryLoader﹕ run() : Loaded (exit)
11-30 17:24:42.490     722-4150/? I/Keyboard.Facilitator.Delight2FileSweeper﹕ run()
11-30 17:24:42.490     722-4150/? I/Keyboard.Facilitator.RecurringTaskScheduler﹕ run()
11-30 17:24:42.490     722-4150/? I/StatsUtilsManager﹕ startPeriodStatsRecorder() : Success
11-30 17:24:42.490     722-4150/? I/PeriodicStatsRecorder﹕ shouldRecordStats() = Too Soon
11-30 17:24:42.510      487-487/? D/BackupManagerService﹕ Received broadcast Intent { act=android.intent.action.PACKAGE_REMOVED dat=package:net.zedge.android flg=0x4000010 (has extras) }
11-30 17:24:42.510      487-487/? V/BackupManagerService﹕ removePackageParticipantsLocked: uid=10150 #1
11-30 17:24:42.520      798-798/? I/Launcher﹕ Deferring update until onResume
11-30 17:24:42.550      487-512/? D/dalvikvm﹕ GC_EXPLICIT freed 1192K, 22% free 16168K/20516K, paused 9ms+8ms, total 167ms
11-30 17:24:42.550    4117-4117/? D/AndroidRuntime﹕ Shutting down VM
11-30 17:24:42.550    4117-4141/? D/jdwp﹕ Got wake-up signal, bailing out of select
11-30 17:24:42.550    4117-4141/? D/dalvikvm﹕ Debugger has detached; object registry had 1 entries
11-30 17:24:42.780    3400-3412/? V/ServerRunnable59778﹕ Socket accepted.
11-30 17:24:42.790    3400-3412/? D/org.droidmate.uiad﹕ Executing device command: stop_uiadaemon
11-30 17:24:42.790    3400-3412/? I/ServerRunnable59778﹕ Closed ServerRunnable.
11-30 17:24:42.790    3400-3400/? I/org.droidmate.uiad﹕ init: Shutting down UiAutomatorDaemon.
11-30 17:24:42.800    3400-3400/? I/AndroidRuntime﹕ VM exiting with result code 0.
11-30 17:24:47.480      747-747/? I/ConfigService﹕ onDestroy
11-30 17:24:48.220    1028-4178/? D/PackageBroadcastService﹕ Received broadcast action=android.intent.action.PACKAGE_DATA_CLEARED and uri=net.zedge.android
11-30 17:24:48.220    1028-4178/? D/AccountUtils﹕ Clearing selected account for net.zedge.android
11-30 17:24:48.230      747-747/? V/GLSActivity﹕ AuthDelegateWrapperCreated with selected intent: Intent { cmp=com.google.android.gms/.auth.DefaultAuthDelegateService }
11-30 17:24:48.230      747-747/? V/GLSActivity﹕ AuthDelegateWrapperCreated with selected intent: Intent { cmp=com.google.android.gms/.auth.DefaultAuthDelegateService }
11-30 17:24:48.230    1028-4178/? I/LocationSettingsChecker﹕ Removing dialog suppression flag for package net.zedge.android
11-30 17:24:48.240    2226-2226/? D/AndroidRuntime﹕ Shutting down VM
11-30 17:24:48.240    2226-2226/? W/dalvikvm﹕ threadid=1: thread exiting with uncaught exception (group=0x418f0ba8)
11-30 17:24:48.240    1028-1300/? I/Icing﹕ doRemovePackageData net.zedge.android
11-30 17:24:48.250    1028-4177/? I/EventLogService﹕ Aggregate from 1448900620510 (log), 1448898724022 (data)
11-30 17:24:48.270    2226-2226/? E/AndroidRuntime﹕ FATAL EXCEPTION: main
    Process: com.android.documentsui, PID: 2226
    java.lang.RuntimeException: Unable to start receiver com.android.documentsui.PackageReceiver: java.lang.NullPointerException
            at android.app.ActivityThread.handleReceiver(ActivityThread.java:2414)
            at android.app.ActivityThread.access$1700(ActivityThread.java:135)
            at android.app.ActivityThread$H.handleMessage(ActivityThread.java:1272)
            at android.os.Handler.dispatchMessage(Handler.java:102)
            at android.os.Looper.loop(Looper.java:136)
            at android.app.ActivityThread.main(ActivityThread.java:5001)
            at java.lang.reflect.Method.invokeNative(Native Method)
            at java.lang.reflect.Method.invoke(Method.java:515)
            at com.android.internal.os.ZygoteInit$MethodAndArgsCaller.run(ZygoteInit.java:785)
            at com.android.internal.os.ZygoteInit.main(ZygoteInit.java:601)
            at dalvik.system.NativeStart.main(Native Method)
     Caused by: java.lang.NullPointerException
            at com.android.documentsui.RecentsProvider.call(RecentsProvider.java:280)
            at android.content.ContentProvider$Transport.call(ContentProvider.java:325)
            at android.content.ContentResolver.call(ContentResolver.java:1355)
            at com.android.documentsui.PackageReceiver.onReceive(PackageReceiver.java:41)
            at android.app.ActivityThread.handleReceiver(ActivityThread.java:2407)
            at android.app.ActivityThread.access$1700(ActivityThread.java:135)
            at android.app.ActivityThread$H.handleMessage(ActivityThread.java:1272)
            at android.os.Handler.dispatchMessage(Handler.java:102)
            at android.os.Looper.loop(Looper.java:136)
            at android.app.ActivityThread.main(ActivityThread.java:5001)
            at java.lang.reflect.Method.invokeNative(Native Method)
            at java.lang.reflect.Method.invoke(Method.java:515)
            at com.android.internal.os.ZygoteInit$MethodAndArgsCaller.run(ZygoteInit.java:785)
            at com.android.internal.os.ZygoteInit.main(ZygoteInit.java:601)
            at dalvik.system.NativeStart.main(Native Method)
11-30 17:24:48.290    2226-2230/? D/dalvikvm﹕ GC_CONCURRENT freed 328K, 5% free 7701K/8068K, paused 12ms+1ms, total 42ms
11-30 17:24:48.520      747-751/? D/dalvikvm﹕ GC_CONCURRENT freed 502K, 8% free 9434K/10224K, paused 4ms+9ms, total 57ms
11-30 17:24:48.530      747-755/? E/DataBuffer﹕ Internal data leak within a DataBuffer object detected!  Be sure to explicitly call release() on all DataBuffer extending objects when you are done with them. (internal object: com.google.android.gms.common.data.DataHolder@4223d788)
11-30 17:24:48.530      747-755/? E/DataBuffer﹕ Internal data leak within a DataBuffer object detected!  Be sure to explicitly call release() on all DataBuffer extending objects when you are done with them. (internal object: com.google.android.gms.common.data.DataHolder@421c9220)
11-30 17:24:48.530      747-755/? E/DataBuffer﹕ Internal data leak within a DataBuffer object detected!  Be sure to explicitly call release() on all DataBuffer extending objects when you are done with them. (internal object: com.google.android.gms.common.data.DataHolder@421d3630)
11-30 17:24:48.530      747-755/? E/DataBuffer﹕ Internal data leak within a DataBuffer object detected!  Be sure to explicitly call release() on all DataBuffer extending objects when you are done with them. (internal object: com.google.android.gms.common.data.DataHolder@421f3060)
11-30 17:24:48.530      747-755/? E/DataBuffer﹕ Internal data leak within a DataBuffer object detected!  Be sure to explicitly call release() on all DataBuffer extending objects when you are done with them. (internal object: com.google.android.gms.common.data.DataHolder@422143a0)
11-30 17:24:48.530      747-755/? E/DataBuffer﹕ Internal data leak within a DataBuffer object detected!  Be sure to explicitly call release() on all DataBuffer extending objects when you are done with them. (internal object: com.google.android.gms.common.data.DataHolder@422921e0)
11-30 17:24:48.880    1028-4186/? D/UdcCache:FPQuery﹕ Bootstrapping UDC settings cache for all accounts
11-30 17:24:49.050    1028-1032/? D/dalvikvm﹕ GC_CONCURRENT freed 791K, 11% free 11191K/12460K, paused 5ms+6ms, total 45ms
11-30 17:24:50.010    4193-4193/? D/AndroidRuntime﹕ >>>>>> AndroidRuntime START com.android.internal.os.RuntimeInit <<<<<<
11-30 17:24:50.010    4193-4193/? D/AndroidRuntime﹕ CheckJNI is OFF
11-30 17:24:50.020    4193-4193/? D/dalvikvm﹕ Trying to load lib libjavacore.so 0x0
11-30 17:24:50.020    4193-4193/? D/dalvikvm﹕ Added shared lib libjavacore.so 0x0
11-30 17:24:50.030    4193-4193/? D/dalvikvm﹕ Trying to load lib libnativehelper.so 0x0
11-30 17:24:50.030    4193-4193/? D/dalvikvm﹕ Added shared lib libnativehelper.so 0x0
11-30 17:24:50.030    4193-4193/? D/dalvikvm﹕ No JNI_OnLoad found in libnativehelper.so 0x0, skipping init
11-30 17:24:50.060    4193-4193/? D/dalvikvm﹕ Note: class Landroid/app/ActivityManagerNative; has 179 unimplemented (abstract) methods
11-30 17:24:50.200    4193-4193/? E/memtrack﹕ Couldn't load memtrack module (No such file or directory)
11-30 17:24:50.200    4193-4193/? E/android.os.Debug﹕ failed to load memtrack module: -2
11-30 17:24:50.280    4193-4193/? D/AndroidRuntime﹕ Calling main entry com.android.commands.uiautomator.Launcher
11-30 17:24:50.360    4193-4193/? D/org.droidmate.uiad﹕ init: Starting UiAutomatorDaemonServer...
11-30 17:24:50.360    4193-4205/? D/ServerRunnable59778﹕ Started ServerRunnable.
11-30 17:24:50.360    4193-4193/? I/uiautomator-daemon_server_start_tag﹕ UiAutomator Daemon server started successfully
11-30 17:24:50.360    4193-4193/? D/org.droidmate.uiad﹕ init: Starting UiAutomatorDaemonServer succeeded.
11-30 17:24:50.360    4193-4205/? D/ServerRunnable59778﹕ Accepting socket from client on port 59778...
11-30 17:24:52.100    4212-4212/? D/AndroidRuntime﹕ >>>>>> AndroidRuntime START com.android.internal.os.RuntimeInit <<<<<<
11-30 17:24:52.100    4212-4212/? D/AndroidRuntime﹕ CheckJNI is OFF
11-30 17:24:52.110    4212-4212/? D/dalvikvm﹕ Trying to load lib libjavacore.so 0x0
11-30 17:24:52.110    4212-4212/? D/dalvikvm﹕ Added shared lib libjavacore.so 0x0
11-30 17:24:52.120    4212-4212/? D/dalvikvm﹕ Trying to load lib libnativehelper.so 0x0
11-30 17:24:52.120    4212-4212/? D/dalvikvm﹕ Added shared lib libnativehelper.so 0x0
11-30 17:24:52.120    4212-4212/? D/dalvikvm﹕ No JNI_OnLoad found in libnativehelper.so 0x0, skipping init
11-30 17:24:52.150    4212-4212/? D/dalvikvm﹕ Note: class Landroid/app/ActivityManagerNative; has 179 unimplemented (abstract) methods
11-30 17:24:52.300    4212-4212/? E/memtrack﹕ Couldn't load memtrack module (No such file or directory)
11-30 17:24:52.300    4212-4212/? E/android.os.Debug﹕ failed to load memtrack module: -2
11-30 17:24:52.360    4212-4212/? D/AndroidRuntime﹕ Calling main entry com.android.commands.pm.Pm
11-30 17:24:52.370      487-512/? W/PackageManager﹕ Package named 'net.zedge.android' doesn't exist.
11-30 17:24:52.450      487-512/? D/dalvikvm﹕ GC_EXPLICIT freed 940K, 22% free 16110K/20516K, paused 3ms+7ms, total 85ms
11-30 17:24:52.460    4212-4212/? D/AndroidRuntime﹕ Shutting down VM
11-30 17:24:52.460    4212-4222/? D/jdwp﹕ Got wake-up signal, bailing out of select
11-30 17:24:52.460    4212-4222/? D/dalvikvm﹕ Debugger has detached; object registry had 1 entries
11-30 17:24:56.140    2226-2226/? I/Process﹕ Sending signal. PID: 2226 SIG: 9
11-30 17:24:56.150      487-689/? W/InputMethodManagerService﹕ Window already focused, ignoring focus gain of: com.android.internal.view.IInputMethodClient$Stub$Proxy@427f1428 attribute=null, token = android.os.BinderProxy@427b3680
11-30 17:24:56.170     487-1229/? I/ActivityManager﹕ Process com.android.documentsui (pid 2226) has died.
11-30 17:24:58.010    4241-4241/? D/AndroidRuntime﹕ >>>>>> AndroidRuntime START com.android.internal.os.RuntimeInit <<<<<<
11-30 17:24:58.010    4241-4241/? D/AndroidRuntime﹕ CheckJNI is OFF
11-30 17:24:58.020    4241-4241/? D/dalvikvm﹕ Trying to load lib libjavacore.so 0x0
11-30 17:24:58.030    4241-4241/? D/dalvikvm﹕ Added shared lib libjavacore.so 0x0
11-30 17:24:58.030    4241-4241/? D/dalvikvm﹕ Trying to load lib libnativehelper.so 0x0
11-30 17:24:58.030    4241-4241/? D/dalvikvm﹕ Added shared lib libnativehelper.so 0x0
11-30 17:24:58.030    4241-4241/? D/dalvikvm﹕ No JNI_OnLoad found in libnativehelper.so 0x0, skipping init
11-30 17:24:58.070    4241-4241/? D/dalvikvm﹕ Note: class Landroid/app/ActivityManagerNative; has 179 unimplemented (abstract) methods
11-30 17:24:58.220    4241-4241/? E/memtrack﹕ Couldn't load memtrack module (No such file or directory)
11-30 17:24:58.220    4241-4241/? E/android.os.Debug﹕ failed to load memtrack module: -2
11-30 17:24:58.280    4241-4241/? D/AndroidRuntime﹕ Calling main entry com.android.commands.pm.Pm
11-30 17:24:58.300      487-512/? W/ActivityManager﹕ No content provider found for permission revoke: file:///data/local/tmp/net.zedge.android_v4.10.2-inlined.apk
11-30 17:24:58.350      487-512/? W/ActivityManager﹕ No content provider found for permission revoke: file:///data/local/tmp/net.zedge.android_v4.10.2-inlined.apk
11-30 17:24:58.350      487-512/? I/PackageManager﹕ Copying native libraries to /data/app-lib/vmdl2015201315
11-30 17:24:58.500      487-512/? D/dalvikvm﹕ GC_FOR_ALLOC freed 548K, 20% free 16608K/20516K, paused 69ms, total 69ms
11-30 17:24:58.500      487-512/? I/dalvikvm-heap﹕ Grow heap (frag case) to 16.506MB for 260112-byte allocation
11-30 17:24:58.570      487-495/? D/dalvikvm﹕ GC_FOR_ALLOC freed 138K, 20% free 16724K/20772K, paused 68ms, total 68ms
11-30 17:24:58.640      487-512/? D/dalvikvm﹕ GC_FOR_ALLOC freed 321K, 20% free 16669K/20772K, paused 69ms, total 69ms
11-30 17:24:58.710      487-512/? D/dalvikvm﹕ GC_FOR_ALLOC freed 62K, 20% free 16733K/20772K, paused 67ms, total 67ms
11-30 17:24:58.710      487-512/? I/dalvikvm-heap﹕ Grow heap (frag case) to 16.628MB for 260112-byte allocation
11-30 17:24:58.780      487-495/? D/dalvikvm﹕ GC_FOR_ALLOC freed 126K, 20% free 16861K/21028K, paused 68ms, total 68ms
11-30 17:24:58.850      487-512/? D/dalvikvm﹕ GC_FOR_ALLOC freed <1K, 20% free 16861K/21028K, paused 67ms, total 67ms
11-30 17:24:58.850      487-512/? I/dalvikvm-heap﹕ Grow heap (frag case) to 16.649MB for 150282-byte allocation
11-30 17:24:58.910      487-495/? D/dalvikvm﹕ GC_FOR_ALLOC freed 0K, 20% free 17008K/21176K, paused 68ms, total 68ms
11-30 17:24:58.980      487-512/? D/dalvikvm﹕ GC_FOR_ALLOC freed 369K, 21% free 16880K/21176K, paused 67ms, total 67ms
11-30 17:24:59.050      487-512/? D/dalvikvm﹕ GC_FOR_ALLOC freed 126K, 20% free 17008K/21176K, paused 67ms, total 67ms
11-30 17:24:59.050      487-512/? I/dalvikvm-heap﹕ Grow heap (frag case) to 16.792MB for 150282-byte allocation
11-30 17:24:59.120      487-495/? D/dalvikvm﹕ GC_FOR_ALLOC freed 0K, 20% free 17155K/21324K, paused 68ms, total 68ms
11-30 17:24:59.290      487-512/? D/dalvikvm﹕ GC_FOR_ALLOC freed 762K, 18% free 17594K/21324K, paused 74ms, total 74ms
11-30 17:24:59.580      487-491/? D/dalvikvm﹕ GC_CONCURRENT freed 2141K, 16% free 17951K/21324K, paused 3ms+5ms, total 85ms
11-30 17:24:59.580      487-512/? D/dalvikvm﹕ WAIT_FOR_CONCURRENT_GC blocked 79ms
11-30 17:24:59.740      487-491/? D/dalvikvm﹕ GC_CONCURRENT freed 2566K, 16% free 17971K/21324K, paused 4ms+6ms, total 84ms
11-30 17:24:59.740      487-512/? D/dalvikvm﹕ WAIT_FOR_CONCURRENT_GC blocked 73ms
11-30 17:24:59.890      487-491/? D/dalvikvm﹕ GC_CONCURRENT freed 2578K, 16% free 17988K/21324K, paused 4ms+6ms, total 84ms
11-30 17:24:59.890      487-512/? D/dalvikvm﹕ WAIT_FOR_CONCURRENT_GC blocked 73ms
11-30 17:25:00.050      487-491/? D/dalvikvm﹕ GC_CONCURRENT freed 2582K, 16% free 18008K/21324K, paused 3ms+6ms, total 87ms
11-30 17:25:00.060      487-559/? D/dalvikvm﹕ WAIT_FOR_CONCURRENT_GC blocked 60ms
11-30 17:25:00.060      487-512/? D/dalvikvm﹕ WAIT_FOR_CONCURRENT_GC blocked 79ms
11-30 17:25:00.230      487-491/? D/dalvikvm﹕ GC_CONCURRENT freed 2590K, 16% free 18022K/21324K, paused 4ms+6ms, total 89ms
11-30 17:25:00.230      487-512/? D/dalvikvm﹕ WAIT_FOR_CONCURRENT_GC blocked 74ms
11-30 17:25:00.410      487-491/? D/dalvikvm﹕ GC_CONCURRENT freed 2579K, 16% free 18054K/21324K, paused 4ms+6ms, total 90ms
11-30 17:25:00.410      487-512/? D/dalvikvm﹕ WAIT_FOR_CONCURRENT_GC blocked 80ms
11-30 17:25:02.910      487-512/? I/PackageManager﹕ Running dexopt on: net.zedge.android
11-30 17:25:03.220    4258-4258/? D/dalvikvm﹕ DexOpt: load 46ms, verify+opt 190ms, 1073468 bytes
11-30 17:25:03.710      487-503/? I/ActivityManager﹕ Force stopping net.zedge.android appid=10151 user=-1: update pkg
11-30 17:25:04.260      487-512/? W/PackageManager﹕ Unknown permission com.android.smspush.WAPPUSH_MANAGER_BIND in package com.android.phone
11-30 17:25:04.260      487-512/? W/PackageManager﹕ Unknown permission com.android.nfc.permission.NFCEE_ADMIN in package com.google.android.apps.walletnfcrel
11-30 17:25:04.260      487-512/? W/PackageManager﹕ Unknown permission com.android.vending.billing.IBillingAccountService.BIND2 in package com.google.android.gsf.login
11-30 17:25:04.270      487-512/? W/PackageManager﹕ Unknown permission com.android.gallery3d.permission.GALLERY_PROVIDER in package com.android.bluetooth
11-30 17:25:04.270      487-512/? W/PackageManager﹕ Unknown permission android.permission.MMS_SEND_OUTBOX_MSG in package com.android.bluetooth
11-30 17:25:04.270      487-512/? W/PackageManager﹕ Unknown permission android.permission.REGISTER_CONNECTION_MANAGER in package com.google.android.talk
11-30 17:25:04.270      487-512/? W/PackageManager﹕ Unknown permission android.permission.OBSERVE_GRANT_REVOKE_PERMISSIONS in package com.google.android.gms
11-30 17:25:04.270      487-512/? W/PackageManager﹕ Unknown permission android.permission.RECOVERY in package com.google.android.gms
11-30 17:25:04.270      487-512/? W/PackageManager﹕ Not granting permission android.permission.READ_DREAM_STATE to package com.google.android.gms (protectionLevel=2 flags=0x40c83ec5)
11-30 17:25:04.270      487-512/? W/PackageManager﹕ Unknown permission android.permission.PROVIDE_TRUST_AGENT in package com.google.android.gms
11-30 17:25:04.270      487-512/? W/PackageManager﹕ Unknown permission com.google.android.apps.enterprise.dmagent.permission.AutoSyncPermission in package com.google.android.gms
11-30 17:25:04.270      487-512/? W/PackageManager﹕ Not granting permission android.permission.PACKAGE_USAGE_STATS to package com.google.android.gms (protectionLevel=18 flags=0x40c83ec5)
11-30 17:25:04.270      487-512/? W/PackageManager﹕ Unknown permission android.permission.MANAGE_VOICE_KEYPHRASES in package com.google.android.gms
11-30 17:25:04.270      487-512/? W/PackageManager﹕ Unknown permission android.permission.REAL_GET_TASKS in package com.google.android.gms
11-30 17:25:04.270      487-512/? W/PackageManager﹕ Unknown permission android.permission.READ_WIFI_CREDENTIAL in package com.google.android.gms
11-30 17:25:04.270      487-512/? W/PackageManager﹕ Unknown permission android.permission.SCORE_NETWORKS in package com.google.android.gms
11-30 17:25:04.270      487-512/? W/PackageManager﹕ Unknown permission android.permission.CONTROL_INCALL_EXPERIENCE in package com.google.android.gms
11-30 17:25:04.270      487-512/? W/PackageManager﹕ Unknown permission android.permission.USER_ACTIVITY in package com.google.android.gms
11-30 17:25:04.280      487-512/? W/PackageManager﹕ Unknown permission android.permission.MODIFY_AUDIO_ROUTING in package com.google.android.gms
11-30 17:25:04.280      487-512/? W/PackageManager﹕ Unknown permission com.google.android.wearable.READ_SETTINGS in package com.google.android.gms
11-30 17:25:04.280      487-512/? W/PackageManager﹕ Unknown permission android.permission.INTENT_FILTER_VERIFICATION_AGENT in package com.google.android.gms
11-30 17:25:04.280      487-512/? W/PackageManager﹕ Unknown permission android.permission.LOCAL_MAC_ADDRESS in package com.google.android.gms
11-30 17:25:04.280      487-512/? W/PackageManager﹕ Unknown permission android.permission.CHANGE_DEVICE_IDLE_TEMP_WHITELIST in package com.google.android.gms
11-30 17:25:04.280      487-512/? W/PackageManager﹕ Unknown permission android.permission.BODY_SENSORS in package com.google.android.gms
