11-30 17:23:47.820      487-514/? D/dalvikvm﹕ WAIT_FOR_CONCURRENT_GC blocked 79ms
11-30 17:23:47.820      487-797/? D/dalvikvm﹕ WAIT_FOR_CONCURRENT_GC blocked 81ms
11-30 17:23:47.830      487-487/? D/dalvikvm﹕ WAIT_FOR_CONCURRENT_GC blocked 83ms
11-30 17:23:47.830      487-497/? D/dalvikvm﹕ WAIT_FOR_CONCURRENT_GC blocked 83ms
11-30 17:23:47.840      487-512/? D/dalvikvm﹕ WAIT_FOR_CONCURRENT_GC blocked 124ms
11-30 17:23:47.840    2226-2748/? D/Documents﹕ Used cached roots for com.android.providers.downloads.documents
11-30 17:23:47.840    2226-2748/? D/Documents﹕ Used cached roots for com.android.externalstorage.documents
11-30 17:23:47.840    2226-2748/? D/Documents﹕ Used cached roots for com.android.providers.media.documents
11-30 17:23:47.840    2226-2748/? D/Documents﹕ Used cached roots for com.google.android.apps.docs.storage
11-30 17:23:47.840    2226-2748/? D/Documents﹕ Update found 7 roots in 94ms
11-30 17:23:47.880      487-689/? I/ActivityManager﹕ Delay finish: com.android.vending/com.google.android.finsky.receivers.PackageMonitorReceiver$RegisteredReceiver
11-30 17:23:47.890    2112-2112/? D/Finsky﹕ [1] ExternalReferrer.access$200: Package state data is missing for net.zedge.android
11-30 17:23:47.890      487-498/? I/ActivityManager﹕ Resuming delayed broadcast
11-30 17:23:47.900      487-797/? I/ActivityManager﹕ Delay finish: com.google.android.apps.plus/.service.PackagesMediaMonitor
11-30 17:23:47.910      487-487/? D/BackupManagerService﹕ Received broadcast Intent { act=android.intent.action.PACKAGE_ADDED dat=package:net.zedge.android flg=0x4000010 (has extras) }
11-30 17:23:47.910      487-487/? V/BackupManagerService﹕ addPackageParticipantsLocked: #1
11-30 17:23:47.910     487-1229/? I/ActivityManager﹕ Resuming delayed broadcast
11-30 17:23:47.970    1028-3659/? D/PackageBroadcastService﹕ Received broadcast action=android.intent.action.PACKAGE_ADDED and uri=net.zedge.android
11-30 17:23:47.970    1028-1028/? D/ChimeraCfgMgr﹕ Loading module com.google.android.gms.games from APK com.google.android.play.games
11-30 17:23:47.970    1028-1028/? D/ChimeraModuleLdr﹕ Module APK com.google.android.play.games already loaded
11-30 17:23:47.980      487-498/? I/ActivityManager﹕ Delay finish: com.google.android.gms/.games.chimera.GamesSystemBroadcastReceiverProxy
11-30 17:23:47.990    1028-3661/? I/PeopleContactsSync﹕ CP2 sync disabled
11-30 17:23:47.990    1028-1028/? D/ChimeraCfgMgr﹕ Loading module com.google.android.gms.games from APK com.google.android.play.games
11-30 17:23:47.990    1028-1028/? D/ChimeraModuleLdr﹕ Module APK com.google.android.play.games already loaded
11-30 17:23:48.000    1028-1028/? D/ChimeraCfgMgr﹕ Loading module com.google.android.gms.gass from APK com.google.android.gms
11-30 17:23:48.000    1028-1028/? D/AsyncTaskServiceImpl﹕ Submit a task: h
11-30 17:23:48.000     487-1229/? I/ActivityManager﹕ Resuming delayed broadcast
11-30 17:23:48.010    1028-1028/? D/ChimeraCfgMgr﹕ Loading module com.google.android.gms.gass from APK com.google.android.gms
11-30 17:23:48.010    1028-3663/? D/h﹕ Processing package: net.zedge.android
11-30 17:23:48.010      487-797/? I/ActivityManager﹕ Delay finish: com.google.android.gms/.gass.chimera.PackageChangeBroadcastReceiver
11-30 17:23:48.030    1028-3663/? D/GassUtils﹕ Found app info for package net.zedge.android:41000016. Hash: 997b4bcfc4d58bd86389092c0858c620ccaea866547056366b595de3018b7eb5
11-30 17:23:48.030    1028-3663/? D/h﹕ Found info for package net.zedge.android in db.
11-30 17:23:48.050    1028-1028/? D/ChimeraCfgMgr﹕ Loading module com.google.android.gms.vision from APK com.google.android.gms
11-30 17:23:48.050     487-1229/? I/ActivityManager﹕ Resuming delayed broadcast
11-30 17:23:48.070      487-512/? D/dalvikvm﹕ GC_EXPLICIT freed 2244K, 24% free 15713K/20624K, paused 5ms+8ms, total 230ms
11-30 17:23:48.070      487-504/? D/dalvikvm﹕ WAIT_FOR_CONCURRENT_GC blocked 327ms
11-30 17:23:48.080    3615-3615/? D/AndroidRuntime﹕ Shutting down VM
11-30 17:23:48.080    3615-3628/? D/jdwp﹕ Got wake-up signal, bailing out of select
11-30 17:23:48.080    3615-3628/? D/dalvikvm﹕ Debugger has detached; object registry had 1 entries
11-30 17:23:48.110    1718-3664/? I/InternalIcingCorporaPro﹕ Updating corpora: APPS=net.zedge.android, CONTACTS=MAYBE
11-30 17:23:48.110      487-796/? I/ActivityManager﹕ Delay finish: com.google.android.googlequicksearchbox/com.google.android.search.core.summons.icing.InternalIcingCorporaProvider$CorporaChangedReceiver
11-30 17:23:48.150    1718-1722/? D/dalvikvm﹕ GC_CONCURRENT freed 345K, 6% free 8926K/9412K, paused 3ms+2ms, total 34ms
11-30 17:23:48.220      798-802/? D/dalvikvm﹕ GC_CONCURRENT freed 634K, 19% free 9926K/12112K, paused 2ms+2ms, total 35ms
11-30 17:23:48.240    1718-3664/? I/InternalIcingCorporaPro﹕ UpdateCorporaTask done [took 130 ms] updated apps [took 130 ms]
11-30 17:23:48.540      487-498/? I/ActivityManager﹕ Resuming delayed broadcast
11-30 17:23:48.590    3669-3669/? D/AndroidRuntime﹕ >>>>>> AndroidRuntime START com.android.internal.os.RuntimeInit <<<<<<
11-30 17:23:48.590    3669-3669/? D/AndroidRuntime﹕ CheckJNI is OFF
11-30 17:23:48.600    3669-3669/? D/dalvikvm﹕ Trying to load lib libjavacore.so 0x0
11-30 17:23:48.600    3669-3669/? D/dalvikvm﹕ Added shared lib libjavacore.so 0x0
11-30 17:23:48.610    3669-3669/? D/dalvikvm﹕ Trying to load lib libnativehelper.so 0x0
11-30 17:23:48.610    3669-3669/? D/dalvikvm﹕ Added shared lib libnativehelper.so 0x0
11-30 17:23:48.610    3669-3669/? D/dalvikvm﹕ No JNI_OnLoad found in libnativehelper.so 0x0, skipping init
11-30 17:23:48.640    3669-3669/? D/dalvikvm﹕ Note: class Landroid/app/ActivityManagerNative; has 179 unimplemented (abstract) methods
11-30 17:23:48.790    3669-3669/? E/memtrack﹕ Couldn't load memtrack module (No such file or directory)
11-30 17:23:48.790    3669-3669/? E/android.os.Debug﹕ failed to load memtrack module: -2
11-30 17:23:48.850    3669-3669/? D/AndroidRuntime﹕ Calling main entry com.android.commands.pm.Pm
11-30 17:23:48.890    3669-3669/? D/AndroidRuntime﹕ Shutting down VM
11-30 17:23:48.890    3669-3676/? D/dalvikvm﹕ Debugger has detached; object registry had 1 entries
11-30 17:23:49.120    3400-3412/? V/ServerRunnable59778﹕ Socket accepted.
11-30 17:23:49.240    1028-1300/? I/Icing﹕ Indexing 9B7AFBEAF605DFEE8C69B126A23DCA18627E8320 from com.google.android.googlequicksearchbox
11-30 17:23:49.320    3400-3412/? D/org.droidmate.uiad﹕ Executing device command: get_uiautomator_window_hierarchy_dump
11-30 17:23:49.330      798-798/? W/ResourceType﹕ No known package when getting name for resource number 0x9b000000
11-30 17:23:49.330      798-798/? W/ResourceType﹕ No known package when getting name for resource number 0x9b020200
11-30 17:23:49.330      798-798/? W/ResourceType﹕ No known package when getting name for resource number 0x9b040400
11-30 17:23:49.330      798-798/? W/ResourceType﹕ No known package when getting name for resource number 0x9b050500
11-30 17:23:49.330      798-798/? W/ResourceType﹕ No known package when getting name for resource number 0x9b060600
11-30 17:23:49.330      798-798/? W/ResourceType﹕ No known package when getting name for resource number 0x9c010005
11-30 17:23:49.330      798-798/? W/ResourceType﹕ No known package when getting name for resource number 0x9c020201
11-30 17:23:49.380    3400-3412/? I/AccessibilityNodeInfoDumper﹕ Skipping invisible child: android.view.accessibility.AccessibilityNodeInfo@a150; boundsInParent: Rect(0, 0 - 800, 950); boundsInScreen: Rect(-1599, 104 - -799, 1054); packageName: com.android.launcher; className: android.view.View; text: null; contentDescription: Home screen 1; viewIdResName: com.android.launcher:id/cell1; checkable: false; checked: false; focusable: false; focused: false; selected: false; clickable: true; longClickable: true; enabled: true; password: false; scrollable: false; [ACTION_SELECT, ACTION_CLEAR_SELECTION, ACTION_CLICK, ACTION_LONG_CLICK, ACTION_ACCESSIBILITY_FOCUS, ACTION_NEXT_AT_MOVEMENT_GRANULARITY, ACTION_PREVIOUS_AT_MOVEMENT_GRANULARITY, ACTION_SET_SELECTION]
11-30 17:23:49.380    3400-3412/? I/AccessibilityNodeInfoDumper﹕ Skipping invisible child: android.view.accessibility.AccessibilityNodeInfo@a511; boundsInParent: Rect(0, 0 - 800, 950); boundsInScreen: Rect(-799, 104 - 0, 1054); packageName: com.android.launcher; className: android.view.View; text: null; contentDescription: Home screen 2; viewIdResName: com.android.launcher:id/cell2; checkable: false; checked: false; focusable: false; focused: false; selected: false; clickable: true; longClickable: true; enabled: true; password: false; scrollable: false; [ACTION_SELECT, ACTION_CLEAR_SELECTION, ACTION_CLICK, ACTION_LONG_CLICK, ACTION_ACCESSIBILITY_FOCUS, ACTION_NEXT_AT_MOVEMENT_GRANULARITY, ACTION_PREVIOUS_AT_MOVEMENT_GRANULARITY, ACTION_SET_SELECTION]
11-30 17:23:49.390    3400-3412/? I/AccessibilityNodeInfoDumper﹕ Skipping invisible child: android.view.accessibility.AccessibilityNodeInfo@ac93; boundsInParent: Rect(0, 0 - 800, 950); boundsInScreen: Rect(800, 104 - 1600, 1054); packageName: com.android.launcher; className: android.view.View; text: null; contentDescription: Home screen 4; viewIdResName: com.android.launcher:id/cell4; checkable: false; checked: false; focusable: false; focused: false; selected: false; clickable: true; longClickable: true; enabled: true; password: false; scrollable: false; [ACTION_SELECT, ACTION_CLEAR_SELECTION, ACTION_CLICK, ACTION_LONG_CLICK, ACTION_ACCESSIBILITY_FOCUS, ACTION_NEXT_AT_MOVEMENT_GRANULARITY, ACTION_PREVIOUS_AT_MOVEMENT_GRANULARITY, ACTION_SET_SELECTION]
11-30 17:23:49.390    3400-3412/? I/AccessibilityNodeInfoDumper﹕ Skipping invisible child: android.view.accessibility.AccessibilityNodeInfo@b054; boundsInParent: Rect(0, 0 - 800, 950); boundsInScreen: Rect(1600, 104 - 2400, 1054); packageName: com.android.launcher; className: android.view.View; text: null; contentDescription: Home screen 5; viewIdResName: com.android.launcher:id/cell5; checkable: false; checked: false; focusable: false; focused: false; selected: false; clickable: true; longClickable: true; enabled: true; password: false; scrollable: false; [ACTION_SELECT, ACTION_CLEAR_SELECTION, ACTION_CLICK, ACTION_LONG_CLICK, ACTION_ACCESSIBILITY_FOCUS, ACTION_NEXT_AT_MOVEMENT_GRANULARITY, ACTION_PREVIOUS_AT_MOVEMENT_GRANULARITY, ACTION_SET_SELECTION]
11-30 17:23:49.390    3400-3412/? I/AccessibilityNodeInfoDumper﹕ Skipping invisible child: android.view.accessibility.AccessibilityNodeInfo@b415; boundsInParent: Rect(0, 0 - 758, 72); boundsInScreen: Rect(21, -38 - 779, 33); packageName: com.android.launcher; className: android.widget.LinearLayout; text: null; contentDescription: null; viewIdResName: com.android.launcher:id/drag_target_bar; checkable: false; checked: false; focusable: false; focused: false; selected: false; clickable: false; longClickable: false; enabled: true; password: false; scrollable: false; [ACTION_SELECT, ACTION_CLEAR_SELECTION, ACTION_ACCESSIBILITY_FOCUS]
11-30 17:23:49.400    3400-3412/? W/AccessibilityNodeInfoDumper﹕ Fetch time: 25ms
11-30 17:23:49.410    3400-3412/? D/ServerRunnable59778﹕ Accepting socket from client on port 59778...
11-30 17:23:49.520    3400-3412/? V/ServerRunnable59778﹕ Socket accepted.
11-30 17:23:49.540    3400-3412/? D/org.droidmate.uiad﹕ Executing device command: get_uiautomator_window_hierarchy_dump
11-30 17:23:49.550      798-798/? W/ResourceType﹕ No known package when getting name for resource number 0x9b000000
11-30 17:23:49.550      798-798/? W/ResourceType﹕ No known package when getting name for resource number 0x9b020200
11-30 17:23:49.550      798-798/? W/ResourceType﹕ No known package when getting name for resource number 0x9b040400
11-30 17:23:49.550      798-798/? W/ResourceType﹕ No known package when getting name for resource number 0x9b050500
11-30 17:23:49.550      798-798/? W/ResourceType﹕ No known package when getting name for resource number 0x9b060600
11-30 17:23:49.560      798-798/? W/ResourceType﹕ No known package when getting name for resource number 0x9c010005
11-30 17:23:49.560      798-798/? W/ResourceType﹕ No known package when getting name for resource number 0x9c020201
11-30 17:23:49.580    3400-3412/? I/AccessibilityNodeInfoDumper﹕ Skipping invisible child: android.view.accessibility.AccessibilityNodeInfo@a150; boundsInParent: Rect(0, 0 - 800, 950); boundsInScreen: Rect(-1599, 104 - -799, 1054); packageName: com.android.launcher; className: android.view.View; text: null; contentDescription: Home screen 1; viewIdResName: com.android.launcher:id/cell1; checkable: false; checked: false; focusable: false; focused: false; selected: false; clickable: true; longClickable: true; enabled: true; password: false; scrollable: false; [ACTION_SELECT, ACTION_CLEAR_SELECTION, ACTION_CLICK, ACTION_LONG_CLICK, ACTION_ACCESSIBILITY_FOCUS, ACTION_NEXT_AT_MOVEMENT_GRANULARITY, ACTION_PREVIOUS_AT_MOVEMENT_GRANULARITY, ACTION_SET_SELECTION]
11-30 17:23:49.580    3400-3412/? I/AccessibilityNodeInfoDumper﹕ Skipping invisible child: android.view.accessibility.AccessibilityNodeInfo@a511; boundsInParent: Rect(0, 0 - 800, 950); boundsInScreen: Rect(-799, 104 - 0, 1054); packageName: com.android.launcher; className: android.view.View; text: null; contentDescription: Home screen 2; viewIdResName: com.android.launcher:id/cell2; checkable: false; checked: false; focusable: false; focused: false; selected: false; clickable: true; longClickable: true; enabled: true; password: false; scrollable: false; [ACTION_SELECT, ACTION_CLEAR_SELECTION, ACTION_CLICK, ACTION_LONG_CLICK, ACTION_ACCESSIBILITY_FOCUS, ACTION_NEXT_AT_MOVEMENT_GRANULARITY, ACTION_PREVIOUS_AT_MOVEMENT_GRANULARITY, ACTION_SET_SELECTION]
11-30 17:23:49.580    3400-3412/? I/AccessibilityNodeInfoDumper﹕ Skipping invisible child: android.view.accessibility.AccessibilityNodeInfo@ac93; boundsInParent: Rect(0, 0 - 800, 950); boundsInScreen: Rect(800, 104 - 1600, 1054); packageName: com.android.launcher; className: android.view.View; text: null; contentDescription: Home screen 4; viewIdResName: com.android.launcher:id/cell4; checkable: false; checked: false; focusable: false; focused: false; selected: false; clickable: true; longClickable: true; enabled: true; password: false; scrollable: false; [ACTION_SELECT, ACTION_CLEAR_SELECTION, ACTION_CLICK, ACTION_LONG_CLICK, ACTION_ACCESSIBILITY_FOCUS, ACTION_NEXT_AT_MOVEMENT_GRANULARITY, ACTION_PREVIOUS_AT_MOVEMENT_GRANULARITY, ACTION_SET_SELECTION]
11-30 17:23:49.580    3400-3412/? I/AccessibilityNodeInfoDumper﹕ Skipping invisible child: android.view.accessibility.AccessibilityNodeInfo@b054; boundsInParent: Rect(0, 0 - 800, 950); boundsInScreen: Rect(1600, 104 - 2400, 1054); packageName: com.android.launcher; className: android.view.View; text: null; contentDescription: Home screen 5; viewIdResName: com.android.launcher:id/cell5; checkable: false; checked: false; focusable: false; focused: false; selected: false; clickable: true; longClickable: true; enabled: true; password: false; scrollable: false; [ACTION_SELECT, ACTION_CLEAR_SELECTION, ACTION_CLICK, ACTION_LONG_CLICK, ACTION_ACCESSIBILITY_FOCUS, ACTION_NEXT_AT_MOVEMENT_GRANULARITY, ACTION_PREVIOUS_AT_MOVEMENT_GRANULARITY, ACTION_SET_SELECTION]
11-30 17:23:49.580    3400-3412/? I/AccessibilityNodeInfoDumper﹕ Skipping invisible child: android.view.accessibility.AccessibilityNodeInfo@b415; boundsInParent: Rect(0, 0 - 758, 72); boundsInScreen: Rect(21, -38 - 779, 33); packageName: com.android.launcher; className: android.widget.LinearLayout; text: null; contentDescription: null; viewIdResName: com.android.launcher:id/drag_target_bar; checkable: false; checked: false; focusable: false; focused: false; selected: false; clickable: false; longClickable: false; enabled: true; password: false; scrollable: false; [ACTION_SELECT, ACTION_CLEAR_SELECTION, ACTION_ACCESSIBILITY_FOCUS]
11-30 17:23:49.590    3400-3412/? W/AccessibilityNodeInfoDumper﹕ Fetch time: 17ms
11-30 17:23:49.590    3400-3412/? D/ServerRunnable59778﹕ Accepting socket from client on port 59778...
11-30 17:23:49.920    3684-3684/? D/AndroidRuntime﹕ >>>>>> AndroidRuntime START com.android.internal.os.RuntimeInit <<<<<<
11-30 17:23:49.920    3684-3684/? D/AndroidRuntime﹕ CheckJNI is OFF
11-30 17:23:49.930    3684-3684/? D/dalvikvm﹕ Trying to load lib libjavacore.so 0x0
11-30 17:23:49.930    3684-3684/? D/dalvikvm﹕ Added shared lib libjavacore.so 0x0
11-30 17:23:49.940    3684-3684/? D/dalvikvm﹕ Trying to load lib libnativehelper.so 0x0
11-30 17:23:49.940    3684-3684/? D/dalvikvm﹕ Added shared lib libnativehelper.so 0x0
11-30 17:23:49.940    3684-3684/? D/dalvikvm﹕ No JNI_OnLoad found in libnativehelper.so 0x0, skipping init
11-30 17:23:49.970    3684-3684/? D/dalvikvm﹕ Note: class Landroid/app/ActivityManagerNative; has 179 unimplemented (abstract) methods
11-30 17:23:50.120    3684-3684/? E/memtrack﹕ Couldn't load memtrack module (No such file or directory)
11-30 17:23:50.120    3684-3684/? E/android.os.Debug﹕ failed to load memtrack module: -2
11-30 17:23:50.190    3684-3684/? D/AndroidRuntime﹕ Calling main entry com.android.commands.pm.Pm
11-30 17:23:50.190      487-497/? I/ActivityManager﹕ Force stopping net.zedge.android appid=10150 user=0: clear data
11-30 17:23:50.200      128-128/? D/keystore﹕ calling clear_uid in state: 2
11-30 17:23:50.200      734-990/? W/GeofencerStateMachine﹕ Ignoring removeGeofence because network location is disabled.
11-30 17:23:50.200    2226-2774/? D/Documents﹕ Used cached roots for com.android.providers.downloads.documents
11-30 17:23:50.210    2226-2774/? D/Documents﹕ Used cached roots for com.android.externalstorage.documents
11-30 17:23:50.210    2226-2774/? D/Documents﹕ Used cached roots for com.android.providers.media.documents
11-30 17:23:50.210    2226-2774/? D/Documents﹕ Used cached roots for com.google.android.apps.docs.storage
11-30 17:23:50.210    2226-2774/? D/Documents﹕ Update found 7 roots in 6ms
11-30 17:23:50.220    1028-3696/? D/PackageBroadcastService﹕ Received broadcast action=android.intent.action.PACKAGE_DATA_CLEARED and uri=net.zedge.android
11-30 17:23:50.220    1028-3696/? D/AccountUtils﹕ Clearing selected account for net.zedge.android
11-30 17:23:50.220    1028-3696/? I/LocationSettingsChecker﹕ Removing dialog suppression flag for package net.zedge.android
11-30 17:23:50.230    3684-3684/? D/AndroidRuntime﹕ Shutting down VM
11-30 17:23:50.230    3684-3691/? D/jdwp﹕ Got wake-up signal, bailing out of select
11-30 17:23:50.230    3684-3691/? D/dalvikvm﹕ Debugger has detached; object registry had 1 entries
11-30 17:23:50.230    1028-1300/? I/Icing﹕ doRemovePackageData net.zedge.android
11-30 17:23:50.270    1028-1032/? D/dalvikvm﹕ GC_CONCURRENT freed 1119K, 11% free 10843K/12092K, paused 6ms+4ms, total 49ms
11-30 17:23:50.400    1028-1300/? I/Icing﹕ Indexing done 9B7AFBEAF605DFEE8C69B126A23DCA18627E8320
11-30 17:23:50.450    3400-3412/? V/ServerRunnable59778﹕ Socket accepted.
11-30 17:23:50.460    3400-3412/? D/org.droidmate.uiad﹕ Executing device command: get_uiautomator_window_hierarchy_dump
11-30 17:23:50.470      798-798/? W/ResourceType﹕ No known package when getting name for resource number 0x9b000000
11-30 17:23:50.470      798-798/? W/ResourceType﹕ No known package when getting name for resource number 0x9b020200
11-30 17:23:50.470      798-798/? W/ResourceType﹕ No known package when getting name for resource number 0x9b040400
11-30 17:23:50.470      798-798/? W/ResourceType﹕ No known package when getting name for resource number 0x9b050500
11-30 17:23:50.470      798-798/? W/ResourceType﹕ No known package when getting name for resource number 0x9b060600
11-30 17:23:50.470      798-798/? W/ResourceType﹕ No known package when getting name for resource number 0x9c010005
11-30 17:23:50.480      798-798/? W/ResourceType﹕ No known package when getting name for resource number 0x9c020201
11-30 17:23:50.490      487-562/? I/InputReader﹕ Reconfiguring input devices.  changes=0x00000010
11-30 17:23:50.500    2226-2933/? D/Documents﹕ Used cached roots for com.android.providers.downloads.documents
11-30 17:23:50.500    2226-2933/? D/Documents﹕ Used cached roots for com.android.externalstorage.documents
11-30 17:23:50.500    2226-2933/? D/Documents﹕ Used cached roots for com.android.providers.media.documents
11-30 17:23:50.500    2226-2933/? D/Documents﹕ Used cached roots for com.google.android.apps.docs.storage
11-30 17:23:50.500    2226-2933/? D/Documents﹕ Update found 7 roots in 20ms
11-30 17:23:50.510    3400-3412/? I/AccessibilityNodeInfoDumper﹕ Skipping invisible child: android.view.accessibility.AccessibilityNodeInfo@a150; boundsInParent: Rect(0, 0 - 800, 950); boundsInScreen: Rect(-1599, 104 - -799, 1054); packageName: com.android.launcher; className: android.view.View; text: null; contentDescription: Home screen 1; viewIdResName: com.android.launcher:id/cell1; checkable: false; checked: false; focusable: false; focused: false; selected: false; clickable: true; longClickable: true; enabled: true; password: false; scrollable: false; [ACTION_SELECT, ACTION_CLEAR_SELECTION, ACTION_CLICK, ACTION_LONG_CLICK, ACTION_ACCESSIBILITY_FOCUS, ACTION_NEXT_AT_MOVEMENT_GRANULARITY, ACTION_PREVIOUS_AT_MOVEMENT_GRANULARITY, ACTION_SET_SELECTION]
11-30 17:23:50.510    3400-3412/? I/AccessibilityNodeInfoDumper﹕ Skipping invisible child: android.view.accessibility.AccessibilityNodeInfo@a511; boundsInParent: Rect(0, 0 - 800, 950); boundsInScreen: Rect(-799, 104 - 0, 1054); packageName: com.android.launcher; className: android.view.View; text: null; contentDescription: Home screen 2; viewIdResName: com.android.launcher:id/cell2; checkable: false; checked: false; focusable: false; focused: false; selected: false; clickable: true; longClickable: true; enabled: true; password: false; scrollable: false; [ACTION_SELECT, ACTION_CLEAR_SELECTION, ACTION_CLICK, ACTION_LONG_CLICK, ACTION_ACCESSIBILITY_FOCUS, ACTION_NEXT_AT_MOVEMENT_GRANULARITY, ACTION_PREVIOUS_AT_MOVEMENT_GRANULARITY, ACTION_SET_SELECTION]
11-30 17:23:50.510    3400-3412/? I/AccessibilityNodeInfoDumper﹕ Skipping invisible child: android.view.accessibility.AccessibilityNodeInfo@ac93; boundsInParent: Rect(0, 0 - 800, 950); boundsInScreen: Rect(800, 104 - 1600, 1054); packageName: com.android.launcher; className: android.view.View; text: null; contentDescription: Home screen 4; viewIdResName: com.android.launcher:id/cell4; checkable: false; checked: false; focusable: false; focused: false; selected: false; clickable: true; longClickable: true; enabled: true; password: false; scrollable: false; [ACTION_SELECT, ACTION_CLEAR_SELECTION, ACTION_CLICK, ACTION_LONG_CLICK, ACTION_ACCESSIBILITY_FOCUS, ACTION_NEXT_AT_MOVEMENT_GRANULARITY, ACTION_PREVIOUS_AT_MOVEMENT_GRANULARITY, ACTION_SET_SELECTION]
11-30 17:23:50.510    3400-3412/? I/AccessibilityNodeInfoDumper﹕ Skipping invisible child: android.view.accessibility.AccessibilityNodeInfo@b054; boundsInParent: Rect(0, 0 - 800, 950); boundsInScreen: Rect(1600, 104 - 2400, 1054); packageName: com.android.launcher; className: android.view.View; text: null; contentDescription: Home screen 5; viewIdResName: com.android.launcher:id/cell5; checkable: false; checked: false; focusable: false; focused: false; selected: false; clickable: true; longClickable: true; enabled: true; password: false; scrollable: false; [ACTION_SELECT, ACTION_CLEAR_SELECTION, ACTION_CLICK, ACTION_LONG_CLICK, ACTION_ACCESSIBILITY_FOCUS, ACTION_NEXT_AT_MOVEMENT_GRANULARITY, ACTION_PREVIOUS_AT_MOVEMENT_GRANULARITY, ACTION_SET_SELECTION]
11-30 17:23:50.510    3400-3412/? I/AccessibilityNodeInfoDumper﹕ Skipping invisible child: android.view.accessibility.AccessibilityNodeInfo@b415; boundsInParent: Rect(0, 0 - 758, 72); boundsInScreen: Rect(21, -38 - 779, 33); packageName: com.android.launcher; className: android.widget.LinearLayout; text: null; contentDescription: null; viewIdResName: com.android.launcher:id/drag_target_bar; checkable: false; checked: false; focusable: false; focused: false; selected: false; clickable: false; longClickable: false; enabled: true; password: false; scrollable: false; [ACTION_SELECT, ACTION_CLEAR_SELECTION, ACTION_ACCESSIBILITY_FOCUS]
11-30 17:23:50.520    3400-3412/? W/AccessibilityNodeInfoDumper﹕ Fetch time: 17ms
11-30 17:23:50.530    3400-3412/? D/ServerRunnable59778﹕ Accepting socket from client on port 59778...
11-30 17:23:50.540    3400-3412/? V/ServerRunnable59778﹕ Socket accepted.
11-30 17:23:50.550    3400-3412/? D/org.droidmate.uiad﹕ Executing device command: get_uiautomator_window_hierarchy_dump
11-30 17:23:50.560      798-798/? W/ResourceType﹕ No known package when getting name for resource number 0x9b000000
11-30 17:23:50.560      798-798/? W/ResourceType﹕ No known package when getting name for resource number 0x9b020200
11-30 17:23:50.560      798-798/? W/ResourceType﹕ No known package when getting name for resource number 0x9b040400
11-30 17:23:50.560      798-798/? W/ResourceType﹕ No known package when getting name for resource number 0x9b050500
11-30 17:23:50.560      798-798/? W/ResourceType﹕ No known package when getting name for resource number 0x9b060600
11-30 17:23:50.570      798-798/? W/ResourceType﹕ No known package when getting name for resource number 0x9c010005
11-30 17:23:50.570      798-798/? W/ResourceType﹕ No known package when getting name for resource number 0x9c020201
11-30 17:23:50.580      734-734/? V/GmsNetworkLocationProvi﹕ DISABLE
11-30 17:23:50.590      734-734/? I/GCoreNlp﹕ shouldConfirmNlp, NLP off. Ensuring opt-in disabled
11-30 17:23:50.600    1028-3710/? D/PackageBroadcastService﹕ Received broadcast action=android.intent.action.PACKAGE_CHANGED and uri=com.google.android.gms
11-30 17:23:50.600    3400-3412/? I/AccessibilityNodeInfoDumper﹕ Skipping invisible child: android.view.accessibility.AccessibilityNodeInfo@a150; boundsInParent: Rect(0, 0 - 800, 950); boundsInScreen: Rect(-1599, 104 - -799, 1054); packageName: com.android.launcher; className: android.view.View; text: null; contentDescription: Home screen 1; viewIdResName: com.android.launcher:id/cell1; checkable: false; checked: false; focusable: false; focused: false; selected: false; clickable: true; longClickable: true; enabled: true; password: false; scrollable: false; [ACTION_SELECT, ACTION_CLEAR_SELECTION, ACTION_CLICK, ACTION_LONG_CLICK, ACTION_ACCESSIBILITY_FOCUS, ACTION_NEXT_AT_MOVEMENT_GRANULARITY, ACTION_PREVIOUS_AT_MOVEMENT_GRANULARITY, ACTION_SET_SELECTION]
11-30 17:23:50.600    3400-3412/? I/AccessibilityNodeInfoDumper﹕ Skipping invisible child: android.view.accessibility.AccessibilityNodeInfo@a511; boundsInParent: Rect(0, 0 - 800, 950); boundsInScreen: Rect(-799, 104 - 0, 1054); packageName: com.android.launcher; className: android.view.View; text: null; contentDescription: Home screen 2; viewIdResName: com.android.launcher:id/cell2; checkable: false; checked: false; focusable: false; focused: false; selected: false; clickable: true; longClickable: true; enabled: true; password: false; scrollable: false; [ACTION_SELECT, ACTION_CLEAR_SELECTION, ACTION_CLICK, ACTION_LONG_CLICK, ACTION_ACCESSIBILITY_FOCUS, ACTION_NEXT_AT_MOVEMENT_GRANULARITY, ACTION_PREVIOUS_AT_MOVEMENT_GRANULARITY, ACTION_SET_SELECTION]
11-30 17:23:50.600    3400-3412/? I/AccessibilityNodeInfoDumper﹕ Skipping invisible child: android.view.accessibility.AccessibilityNodeInfo@ac93; boundsInParent: Rect(0, 0 - 800, 950); boundsInScreen: Rect(800, 104 - 1600, 1054); packageName: com.android.launcher; className: android.view.View; text: null; contentDescription: Home screen 4; viewIdResName: com.android.launcher:id/cell4; checkable: false; checked: false; focusable: false; focused: false; selected: false; clickable: true; longClickable: true; enabled: true; password: false; scrollable: false; [ACTION_SELECT, ACTION_CLEAR_SELECTION, ACTION_CLICK, ACTION_LONG_CLICK, ACTION_ACCESSIBILITY_FOCUS, ACTION_NEXT_AT_MOVEMENT_GRANULARITY, ACTION_PREVIOUS_AT_MOVEMENT_GRANULARITY, ACTION_SET_SELECTION]
11-30 17:23:50.600    3400-3412/? I/AccessibilityNodeInfoDumper﹕ Skipping invisible child: android.view.accessibility.AccessibilityNodeInfo@b054; boundsInParent: Rect(0, 0 - 800, 950); boundsInScreen: Rect(1600, 104 - 2400, 1054); packageName: com.android.launcher; className: android.view.View; text: null; contentDescription: Home screen 5; viewIdResName: com.android.launcher:id/cell5; checkable: false; checked: false; focusable: false; focused: false; selected: false; clickable: true; longClickable: true; enabled: true; password: false; scrollable: false; [ACTION_SELECT, ACTION_CLEAR_SELECTION, ACTION_CLICK, ACTION_LONG_CLICK, ACTION_ACCESSIBILITY_FOCUS, ACTION_NEXT_AT_MOVEMENT_GRANULARITY, ACTION_PREVIOUS_AT_MOVEMENT_GRANULARITY, ACTION_SET_SELECTION]
11-30 17:23:50.600    3400-3412/? I/AccessibilityNodeInfoDumper﹕ Skipping invisible child: android.view.accessibility.AccessibilityNodeInfo@b415; boundsInParent: Rect(0, 0 - 758, 72); boundsInScreen: Rect(21, -38 - 779, 33); packageName: com.android.launcher; className: android.widget.LinearLayout; text: null; contentDescription: null; viewIdResName: com.android.launcher:id/drag_target_bar; checkable: false; checked: false; focusable: false; focused: false; selected: false; clickable: false; longClickable: false; enabled: true; password: false; scrollable: false; [ACTION_SELECT, ACTION_CLEAR_SELECTION, ACTION_ACCESSIBILITY_FOCUS]
11-30 17:23:50.610    1028-3710/? I/PackageBroadcastService﹕ Null package name or gms related package.  Ignoreing.
11-30 17:23:50.610    3400-3412/? W/AccessibilityNodeInfoDumper﹕ Fetch time: 17ms
11-30 17:23:50.620    1718-3711/? I/InternalIcingCorporaPro﹕ Updating corpora: APPS=com.google.android.gms, CONTACTS=MAYBE
11-30 17:23:50.620    3400-3412/? D/ServerRunnable59778﹕ Accepting socket from client on port 59778...
11-30 17:23:50.630    1028-1300/? I/Icing﹕ updateResources: need to parse f{com.google.android.gms}
11-30 17:23:50.640    3400-3412/? V/ServerRunnable59778﹕ Socket accepted.
11-30 17:23:50.650    3400-3412/? D/org.droidmate.uiad﹕ Executing device command: perform_action
11-30 17:23:50.650    3400-3412/? V/org.droidmate.uiad﹕ Performing GUI action
11-30 17:23:50.650    3400-3412/? D/org.droidmate.uiad﹕ Checking wifi state.
11-30 17:23:50.670      798-798/? W/ResourceType﹕ No known package when getting name for resource number 0x9b000000
11-30 17:23:50.670      798-798/? W/ResourceType﹕ No known package when getting name for resource number 0x9b020200
11-30 17:23:50.670      798-798/? W/ResourceType﹕ No known package when getting name for resource number 0x9b040400
11-30 17:23:50.670      798-798/? W/ResourceType﹕ No known package when getting name for resource number 0x9b050500
11-30 17:23:50.670      798-798/? W/ResourceType﹕ No known package when getting name for resource number 0x9b060600
11-30 17:23:50.680      798-798/? W/ResourceType﹕ No known package when getting name for resource number 0x9c010005
11-30 17:23:50.680      798-798/? W/ResourceType﹕ No known package when getting name for resource number 0x9c020201
11-30 17:23:50.980    1718-3711/? I/InternalIcingCorporaPro﹕ UpdateCorporaTask done [took 353 ms] updated apps [took 353 ms]
11-30 17:23:50.990    1718-1722/? D/dalvikvm﹕ GC_CONCURRENT freed 530K, 7% free 8782K/9416K, paused 3ms+2ms, total 23ms
11-30 17:23:51.710      798-798/? W/ResourceType﹕ No known package when getting name for resource number 0x9b000000
11-30 17:23:51.710      798-798/? W/ResourceType﹕ No known package when getting name for resource number 0x9b020200
11-30 17:23:51.710      798-798/? W/ResourceType﹕ No known package when getting name for resource number 0x9b040400
11-30 17:23:51.710      798-798/? W/ResourceType﹕ No known package when getting name for resource number 0x9b050500
11-30 17:23:51.710      798-798/? W/ResourceType﹕ No known package when getting name for resource number 0x9b060600
11-30 17:23:51.720      798-798/? W/ResourceType﹕ No known package when getting name for resource number 0x9c010005
11-30 17:23:51.720      798-798/? W/ResourceType﹕ No known package when getting name for resource number 0x9c020201
11-30 17:23:52.710      487-676/? I/ActivityManager﹕ Killing 1134:com.android.providers.calendar/u0a6 (adj 15): empty #17
11-30 17:23:52.750      798-798/? W/ResourceType﹕ No known package when getting name for resource number 0x9b000000
11-30 17:23:52.750      798-798/? W/ResourceType﹕ No known package when getting name for resource number 0x9b020200
11-30 17:23:52.750      798-798/? W/ResourceType﹕ No known package when getting name for resource number 0x9b040400
11-30 17:23:52.750      798-798/? W/ResourceType﹕ No known package when getting name for resource number 0x9b050500
11-30 17:23:52.750      798-798/? W/ResourceType﹕ No known package when getting name for resource number 0x9b060600
11-30 17:23:52.750      798-798/? W/ResourceType﹕ No known package when getting name for resource number 0x9c010005
11-30 17:23:52.750      798-798/? W/ResourceType﹕ No known package when getting name for resource number 0x9c020201
11-30 17:23:53.770      798-798/? W/ResourceType﹕ No known package when getting name for resource number 0x9b000000
11-30 17:23:53.780      798-798/? W/ResourceType﹕ No known package when getting name for resource number 0x9b020200
11-30 17:23:53.780      798-798/? W/ResourceType﹕ No known package when getting name for resource number 0x9b040400
11-30 17:23:53.780      798-798/? W/ResourceType﹕ No known package when getting name for resource number 0x9b050500
11-30 17:23:53.780      798-798/? W/ResourceType﹕ No known package when getting name for resource number 0x9b060600
11-30 17:23:53.780      798-798/? W/ResourceType﹕ No known package when getting name for resource number 0x9c010005
11-30 17:23:53.780      798-798/? W/ResourceType﹕ No known package when getting name for resource number 0x9c020201
11-30 17:23:54.810      798-798/? W/ResourceType﹕ No known package when getting name for resource number 0x9b000000
11-30 17:23:54.810      798-798/? W/ResourceType﹕ No known package when getting name for resource number 0x9b020200
11-30 17:23:54.810      798-798/? W/ResourceType﹕ No known package when getting name for resource number 0x9b040400
11-30 17:23:54.810      798-798/? W/ResourceType﹕ No known package when getting name for resource number 0x9b050500
11-30 17:23:54.810      798-798/? W/ResourceType﹕ No known package when getting name for resource number 0x9b060600
11-30 17:23:54.820      798-798/? W/ResourceType﹕ No known package when getting name for resource number 0x9c010005
11-30 17:23:54.820      798-798/? W/ResourceType﹕ No known package when getting name for resource number 0x9c020201
11-30 17:23:55.840      798-798/? W/ResourceType﹕ No known package when getting name for resource number 0x9b000000
11-30 17:23:55.840      798-798/? W/ResourceType﹕ No known package when getting name for resource number 0x9b020200
11-30 17:23:55.850      798-798/? W/ResourceType﹕ No known package when getting name for resource number 0x9b040400
11-30 17:23:55.850      798-798/? W/ResourceType﹕ No known package when getting name for resource number 0x9b050500
11-30 17:23:55.850      798-798/? W/ResourceType﹕ No known package when getting name for resource number 0x9b060600
11-30 17:23:55.850      798-798/? W/ResourceType﹕ No known package when getting name for resource number 0x9c010005
11-30 17:23:55.850      798-798/? W/ResourceType﹕ No known package when getting name for resource number 0x9c020201
11-30 17:23:56.880      798-798/? W/ResourceType﹕ No known package when getting name for resource number 0x9b000000
11-30 17:23:56.880      798-798/? W/ResourceType﹕ No known package when getting name for resource number 0x9b020200
11-30 17:23:56.880      798-798/? W/ResourceType﹕ No known package when getting name for resource number 0x9b040400
11-30 17:23:56.880      798-798/? W/ResourceType﹕ No known package when getting name for resource number 0x9b050500
11-30 17:23:56.880      798-798/? W/ResourceType﹕ No known package when getting name for resource number 0x9b060600
11-30 17:23:56.880      798-798/? W/ResourceType﹕ No known package when getting name for resource number 0x9c010005
11-30 17:23:56.880      798-798/? W/ResourceType﹕ No known package when getting name for resource number 0x9c020201
11-30 17:23:57.910      798-798/? W/ResourceType﹕ No known package when getting name for resource number 0x9b000000
11-30 17:23:57.910      798-798/? W/ResourceType﹕ No known package when getting name for resource number 0x9b020200
11-30 17:23:57.910      798-798/? W/ResourceType﹕ No known package when getting name for resource number 0x9b040400
11-30 17:23:57.910      798-798/? W/ResourceType﹕ No known package when getting name for resource number 0x9b050500
11-30 17:23:57.920      798-798/? W/ResourceType﹕ No known package when getting name for resource number 0x9b060600
11-30 17:23:57.920      798-798/? W/ResourceType﹕ No known package when getting name for resource number 0x9c010005
11-30 17:23:57.920      798-798/? W/ResourceType﹕ No known package when getting name for resource number 0x9c020201
11-30 17:23:58.950      798-798/? W/ResourceType﹕ No known package when getting name for resource number 0x9b000000
11-30 17:23:58.950      798-798/? W/ResourceType﹕ No known package when getting name for resource number 0x9b020200
11-30 17:23:58.950      798-798/? W/ResourceType﹕ No known package when getting name for resource number 0x9b040400
11-30 17:23:58.950      798-798/? W/ResourceType﹕ No known package when getting name for resource number 0x9b050500
11-30 17:23:58.950      798-798/? W/ResourceType﹕ No known package when getting name for resource number 0x9b060600
11-30 17:23:58.950      798-798/? W/ResourceType﹕ No known package when getting name for resource number 0x9c010005
11-30 17:23:58.950      798-798/? W/ResourceType﹕ No known package when getting name for resource number 0x9c020201
11-30 17:23:59.980      798-798/? W/ResourceType﹕ No known package when getting name for resource number 0x9b000000
11-30 17:23:59.980      798-798/? W/ResourceType﹕ No known package when getting name for resource number 0x9b020200
11-30 17:23:59.990      798-798/? W/ResourceType﹕ No known package when getting name for resource number 0x9b040400
11-30 17:23:59.990      798-798/? W/ResourceType﹕ No known package when getting name for resource number 0x9b050500
11-30 17:23:59.990      798-798/? W/ResourceType﹕ No known package when getting name for resource number 0x9b060600
11-30 17:23:59.990      798-798/? W/ResourceType﹕ No known package when getting name for resource number 0x9c010005
11-30 17:23:59.990      798-798/? W/ResourceType﹕ No known package when getting name for resource number 0x9c020201
11-30 17:24:01.070      798-798/? W/ResourceType﹕ No known package when getting name for resource number 0x9b000000
11-30 17:24:01.080      798-798/? W/ResourceType﹕ No known package when getting name for resource number 0x9b020200
11-30 17:24:01.080      798-798/? W/ResourceType﹕ No known package when getting name for resource number 0x9b040400
11-30 17:24:01.080      798-798/? W/ResourceType﹕ No known package when getting name for resource number 0x9b050500
11-30 17:24:01.080      798-798/? W/ResourceType﹕ No known package when getting name for resource number 0x9b060600
11-30 17:24:01.080      798-798/? W/ResourceType﹕ No known package when getting name for resource number 0x9c010005
11-30 17:24:01.090      798-798/? W/ResourceType﹕ No known package when getting name for resource number 0x9c020201
11-30 17:24:02.110    3400-3412/? W/org.droidmate.uiad﹕ No 'settings' to click found, while in the process of ensuring that wifi is on!
11-30 17:24:02.130      798-798/? W/ResourceType﹕ No known package when getting name for resource number 0x9b000000
11-30 17:24:02.130      798-798/? W/ResourceType﹕ No known package when getting name for resource number 0x9b020200
11-30 17:24:02.140      798-798/? W/ResourceType﹕ No known package when getting name for resource number 0x9b040400
11-30 17:24:02.140      798-798/? W/ResourceType﹕ No known package when getting name for resource number 0x9b050500
11-30 17:24:02.140      798-798/? W/ResourceType﹕ No known package when getting name for resource number 0x9b060600
11-30 17:24:02.140      798-798/? W/ResourceType﹕ No known package when getting name for resource number 0x9c010005
11-30 17:24:02.140      798-798/? W/ResourceType﹕ No known package when getting name for resource number 0x9c020201
11-30 17:24:03.000    2112-2143/? D/Finsky﹕ [174] AppStatesReplicator.handleContentSyncResponse: Completed 0 account content syncs with 0 successful.
11-30 17:24:03.000    2112-2112/? D/Finsky﹕ [1] ContentSyncService$5.onFinished: Installation state replication succeeded.
11-30 17:24:03.190      798-798/? W/ResourceType﹕ No known package when getting name for resource number 0x9b000000
11-30 17:24:03.190      798-798/? W/ResourceType﹕ No known package when getting name for resource number 0x9b020200
11-30 17:24:03.190      798-798/? W/ResourceType﹕ No known package when getting name for resource number 0x9b040400
11-30 17:24:03.190      798-798/? W/ResourceType﹕ No known package when getting name for resource number 0x9b050500
11-30 17:24:03.190      798-798/? W/ResourceType﹕ No known package when getting name for resource number 0x9b060600
11-30 17:24:03.190      798-798/? W/ResourceType﹕ No known package when getting name for resource number 0x9c010005
11-30 17:24:03.190      798-798/? W/ResourceType﹕ No known package when getting name for resource number 0x9c020201
11-30 17:24:04.220      798-798/? W/ResourceType﹕ No known package when getting name for resource number 0x9b000000
11-30 17:24:04.220      798-798/? W/ResourceType﹕ No known package when getting name for resource number 0x9b020200
11-30 17:24:04.220      798-798/? W/ResourceType﹕ No known package when getting name for resource number 0x9b040400
11-30 17:24:04.220      798-798/? W/ResourceType﹕ No known package when getting name for resource number 0x9b050500
11-30 17:24:04.220      798-798/? W/ResourceType﹕ No known package when getting name for resource number 0x9b060600
11-30 17:24:04.230      798-798/? W/ResourceType﹕ No known package when getting name for resource number 0x9c010005
11-30 17:24:04.230      798-798/? W/ResourceType﹕ No known package when getting name for resource number 0x9c020201
11-30 17:24:05.260      798-798/? W/ResourceType﹕ No known package when getting name for resource number 0x9b000000
11-30 17:24:05.260      798-798/? W/ResourceType﹕ No known package when getting name for resource number 0x9b020200
11-30 17:24:05.260      798-798/? W/ResourceType﹕ No known package when getting name for resource number 0x9b040400
11-30 17:24:05.260      798-798/? W/ResourceType﹕ No known package when getting name for resource number 0x9b050500
11-30 17:24:05.260      798-798/? W/ResourceType﹕ No known package when getting name for resource number 0x9b060600
11-30 17:24:05.260      798-798/? W/ResourceType﹕ No known package when getting name for resource number 0x9c010005
11-30 17:24:05.260      798-798/? W/ResourceType﹕ No known package when getting name for resource number 0x9c020201
11-30 17:24:06.290      798-798/? W/ResourceType﹕ No known package when getting name for resource number 0x9b000000
11-30 17:24:06.290      798-798/? W/ResourceType﹕ No known package when getting name for resource number 0x9b020200
11-30 17:24:06.300      798-798/? W/ResourceType﹕ No known package when getting name for resource number 0x9b040400
11-30 17:24:06.300      798-798/? W/ResourceType﹕ No known package when getting name for resource number 0x9b050500
11-30 17:24:06.300      798-798/? W/ResourceType﹕ No known package when getting name for resource number 0x9b060600
11-30 17:24:06.300      798-798/? W/ResourceType﹕ No known package when getting name for resource number 0x9c010005
11-30 17:24:06.300      798-798/? W/ResourceType﹕ No known package when getting name for resource number 0x9c020201
11-30 17:24:07.330      798-798/? W/ResourceType﹕ No known package when getting name for resource number 0x9b000000
11-30 17:24:07.330      798-798/? W/ResourceType﹕ No known package when getting name for resource number 0x9b020200
11-30 17:24:07.340      798-798/? W/ResourceType﹕ No known package when getting name for resource number 0x9b040400
11-30 17:24:07.340      798-798/? W/ResourceType﹕ No known package when getting name for resource number 0x9b050500
11-30 17:24:07.340      798-798/? W/ResourceType﹕ No known package when getting name for resource number 0x9b060600
11-30 17:24:07.340      798-798/? W/ResourceType﹕ No known package when getting name for resource number 0x9c010005
11-30 17:24:07.340      798-798/? W/ResourceType﹕ No known package when getting name for resource number 0x9c020201
11-30 17:24:08.380      798-798/? W/ResourceType﹕ No known package when getting name for resource number 0x9b000000
11-30 17:24:08.390      798-798/? W/ResourceType﹕ No known package when getting name for resource number 0x9b020200
11-30 17:24:08.390      798-798/? W/ResourceType﹕ No known package when getting name for resource number 0x9b040400
11-30 17:24:08.390      798-798/? W/ResourceType﹕ No known package when getting name for resource number 0x9b050500
11-30 17:24:08.390      798-798/? W/ResourceType﹕ No known package when getting name for resource number 0x9b060600
11-30 17:24:08.390      798-798/? W/ResourceType﹕ No known package when getting name for resource number 0x9c010005
11-30 17:24:08.400      798-798/? W/ResourceType﹕ No known package when getting name for resource number 0x9c020201
11-30 17:24:08.460      798-802/? D/dalvikvm﹕ GC_CONCURRENT freed 680K, 19% free 9899K/12112K, paused 4ms+2ms, total 63ms
11-30 17:24:09.470      798-798/? W/ResourceType﹕ No known package when getting name for resource number 0x9b000000
11-30 17:24:09.470      798-798/? W/ResourceType﹕ No known package when getting name for resource number 0x9b020200
11-30 17:24:09.480      798-798/? W/ResourceType﹕ No known package when getting name for resource number 0x9b040400
11-30 17:24:09.480      798-798/? W/ResourceType﹕ No known package when getting name for resource number 0x9b050500
11-30 17:24:09.480      798-798/? W/ResourceType﹕ No known package when getting name for resource number 0x9b060600
11-30 17:24:09.480      798-798/? W/ResourceType﹕ No known package when getting name for resource number 0x9c010005
11-30 17:24:09.480      798-798/? W/ResourceType﹕ No known package when getting name for resource number 0x9c020201
11-30 17:24:10.510      798-798/? W/ResourceType﹕ No known package when getting name for resource number 0x9b000000
11-30 17:24:10.510      798-798/? W/ResourceType﹕ No known package when getting name for resource number 0x9b020200
11-30 17:24:10.510      798-798/? W/ResourceType﹕ No known package when getting name for resource number 0x9b040400
11-30 17:24:10.510      798-798/? W/ResourceType﹕ No known package when getting name for resource number 0x9b050500
11-30 17:24:10.510      798-798/? W/ResourceType﹕ No known package when getting name for resource number 0x9b060600
11-30 17:24:10.510      798-798/? W/ResourceType﹕ No known package when getting name for resource number 0x9c010005
11-30 17:24:10.510      798-798/? W/ResourceType﹕ No known package when getting name for resource number 0x9c020201
11-30 17:24:11.540      798-798/? W/ResourceType﹕ No known package when getting name for resource number 0x9b000000
11-30 17:24:11.540      798-798/? W/ResourceType﹕ No known package when getting name for resource number 0x9b020200
11-30 17:24:11.540      798-798/? W/ResourceType﹕ No known package when getting name for resource number 0x9b040400
11-30 17:24:11.540      798-798/? W/ResourceType﹕ No known package when getting name for resource number 0x9b050500
11-30 17:24:11.540      798-798/? W/ResourceType﹕ No known package when getting name for resource number 0x9b060600
11-30 17:24:11.550      798-798/? W/ResourceType﹕ No known package when getting name for resource number 0x9c010005
11-30 17:24:11.550      798-798/? W/ResourceType﹕ No known package when getting name for resource number 0x9c020201
11-30 17:24:12.580      798-798/? W/ResourceType﹕ No known package when getting name for resource number 0x9b000000
11-30 17:24:12.580      798-798/? W/ResourceType﹕ No known package when getting name for resource number 0x9b020200
11-30 17:24:12.580      798-798/? W/ResourceType﹕ No known package when getting name for resource number 0x9b040400
11-30 17:24:12.580      798-798/? W/ResourceType﹕ No known package when getting name for resource number 0x9b050500
11-30 17:24:12.580      798-798/? W/ResourceType﹕ No known package when getting name for resource number 0x9b060600
11-30 17:24:12.580      798-798/? W/ResourceType﹕ No known package when getting name for resource number 0x9c010005
11-30 17:24:12.580      798-798/? W/ResourceType﹕ No known package when getting name for resource number 0x9c020201
11-30 17:24:13.590    3400-3412/? W/org.droidmate.uiad﹕ No wifi switch found while in the process of ensuring that wifi is on!
11-30 17:24:13.630      487-561/? I/ActivityManager﹕ START u0 {act=android.intent.action.MAIN cat=[android.intent.category.HOME] flg=0x10200000 cmp=com.android.launcher/com.android.launcher2.Launcher} from pid 487
11-30 17:24:13.640    3400-3412/? V/org.droidmate.uiad﹕ Waiting for GUI to stabilize...
11-30 17:24:14.140    3400-3412/? V/org.droidmate.uiad﹕ waitForGuiToStabilize: initial waitForIdle took 508ms
11-30 17:24:15.350    3400-3412/? V/org.droidmate.uiad﹕ waitForGuiToStabilize: iteration 1 waitForWindowUpdate took 1202ms
11-30 17:24:15.350    3400-3412/? V/org.droidmate.uiad﹕ waitForGuiToStabilize: iteration 1 waitForIdle took 0ms
11-30 17:24:15.350    3400-3412/? V/org.droidmate.uiad﹕ GUI stabilized after 1 iterations / 1710ms
11-30 17:24:15.350    3400-3412/? D/ServerRunnable59778﹕ Accepting socket from client on port 59778...
