09-01 16:12:53.701  24524-24524/? I/Instrumentation﹕ Redirected android.bluetooth.BluetoothHeadset->connect
09-01 16:12:53.711  24524-24524/? I/Instrumentation﹕ Redirected android.bluetooth.BluetoothHeadset->disconnect
09-01 16:12:53.711  24524-24524/? I/Instrumentation﹕ Redirected android.bluetooth.BluetoothHeadset->getConnectedDevices
09-01 16:12:53.721  24524-24524/? I/Instrumentation﹕ Redirected android.bluetooth.BluetoothHeadset->getConnectionState
09-01 16:12:53.721  24524-24524/? I/Instrumentation﹕ Redirected android.bluetooth.BluetoothHeadset->getDevicesMatchingConnectionStates
09-01 16:12:53.731  24524-24524/? I/Instrumentation﹕ Redirected android.bluetooth.BluetoothHeadset->getPriority
09-01 16:12:53.731  24524-24524/? I/Instrumentation﹕ Redirected android.bluetooth.BluetoothHeadset->isAudioConnected
09-01 16:12:53.741  24524-24524/? I/Instrumentation﹕ Redirected android.bluetooth.BluetoothHeadset->isEnabled
09-01 16:12:53.751  24524-24524/? I/Instrumentation﹕ Redirected android.bluetooth.BluetoothHeadset->setPriority
09-01 16:12:53.751  24524-24524/? I/Instrumentation﹕ Redirected android.bluetooth.BluetoothHeadset->startVoiceRecognition
09-01 16:12:53.761  24524-24524/? I/Instrumentation﹕ Redirected android.bluetooth.BluetoothHeadset->stopVoiceRecognition
09-01 16:12:53.761  24524-24524/? I/Instrumentation﹕ Redirected android.bluetooth.BluetoothHealth->connectChannelToSource
09-01 16:12:53.781  24524-24524/? I/Instrumentation﹕ Redirected android.bluetooth.BluetoothHealth->disconnectChannel
09-01 16:12:53.781  24524-24524/? I/Instrumentation﹕ Redirected android.bluetooth.BluetoothHealth->getConnectedDevices
09-01 16:12:53.791  24524-24524/? I/Instrumentation﹕ Redirected android.bluetooth.BluetoothHealth->getConnectionState
09-01 16:12:53.791  24524-24524/? I/Instrumentation﹕ Redirected android.bluetooth.BluetoothHealth->getDevicesMatchingConnectionStates
09-01 16:12:53.801  24524-24524/? I/Instrumentation﹕ Redirected android.bluetooth.BluetoothHealth->getMainChannelFd
09-01 16:12:53.801  24524-24524/? I/Instrumentation﹕ Redirected android.bluetooth.BluetoothHealth->isEnabled
09-01 16:12:53.811   5359-24353/? I/ConfigFetchTask﹕ purging config for at.markushi.expensemanager
09-01 16:12:53.811   5359-24353/? I/ConfigFetchTask﹕ purging config for com.frank_weber.forex2
09-01 16:12:53.811  24524-24524/? I/Instrumentation﹕ Redirected android.bluetooth.BluetoothHealth->registerSinkAppConfiguration
09-01 16:12:53.811   5359-24353/? I/ConfigFetchTask﹕ purging config for com.adobe.reader
09-01 16:12:53.821   5359-24353/? I/ConfigFetchTask﹕ purging config for com.ebay.mobile
09-01 16:12:53.821   5359-24353/? I/ConfigFetchTask﹕ purging config for com.antivirus
09-01 16:12:53.821  24524-24524/? I/Instrumentation﹕ Redirected android.bluetooth.BluetoothHealth->unregisterAppConfiguration
09-01 16:12:53.821   5359-24353/? I/ConfigFetchTask﹕ purging config for org.droidmate.fixtures.apks.monitored
09-01 16:12:53.821   5359-24353/? I/ConfigFetchTask﹕ purging config for com.cleanmaster.security
09-01 16:12:53.821   5359-24353/? I/ConfigFetchTask﹕ purging config for com.estrongs.android.taskmanager
09-01 16:12:53.821  24524-24524/? I/Instrumentation﹕ Redirected android.bluetooth.BluetoothSocket->connect
09-01 16:12:53.831   5359-24353/? I/ConfigFetchTask﹕ purging config for com.indeed.android.jobsearch
09-01 16:12:53.831  24524-24524/? I/Instrumentation﹕ Redirected android.content.ContentProviderClient->bulkInsert
09-01 16:12:53.841  24524-24524/? I/Instrumentation﹕ Redirected android.content.ContentProviderClient->delete
09-01 16:12:53.851  24524-24524/? I/Instrumentation﹕ Redirected android.content.ContentProviderClient->insert
09-01 16:12:53.851  24524-24524/? I/Instrumentation﹕ Redirected android.content.ContentProviderClient->openFile
09-01 16:12:53.851  24524-24524/? I/Instrumentation﹕ Redirected android.content.ContentProviderClient->openFile
09-01 16:12:53.871  24524-24524/? I/Instrumentation﹕ Redirected android.content.ContentProviderClient->query
09-01 16:12:53.871  24524-24524/? I/Instrumentation﹕ Redirected android.content.ContentProviderClient->query
09-01 16:12:53.881  24524-24524/? I/Instrumentation﹕ Redirected android.content.ContentProviderClient->update
09-01 16:12:53.891  24524-24524/? I/Instrumentation﹕ Redirected android.content.ContentResolver->addPeriodicSync
09-01 16:12:53.891  24524-24524/? I/Instrumentation﹕ Redirected android.content.ContentResolver->applyBatch
09-01 16:12:53.901  24524-24524/? I/Instrumentation﹕ Redirected android.content.ContentResolver->bulkInsert
09-01 16:12:53.911  24524-24524/? I/Instrumentation﹕ Redirected android.content.ContentResolver->delete
09-01 16:12:53.911  24524-24524/? I/Instrumentation﹕ Redirected android.content.ContentResolver->getCurrentSync
09-01 16:12:53.911  24524-24524/? I/Instrumentation﹕ Redirected android.content.ContentResolver->getCurrentSyncs
09-01 16:12:53.921  24524-24524/? I/Instrumentation﹕ Redirected android.content.ContentResolver->getIsSyncable
09-01 16:12:53.931  24524-24524/? I/Instrumentation﹕ Redirected android.content.ContentResolver->getMasterSyncAutomatically
09-01 16:12:53.931  24524-24524/? I/Instrumentation﹕ Redirected android.content.ContentResolver->getPeriodicSyncs
09-01 16:12:53.941  24524-24524/? I/Instrumentation﹕ Redirected android.content.ContentResolver->getSyncAutomatically
09-01 16:12:53.951  24524-24524/? I/Instrumentation﹕ Redirected android.content.ContentResolver->insert
09-01 16:12:53.961  24524-24524/? I/Instrumentation﹕ Redirected android.content.ContentResolver->isSyncActive
09-01 16:12:53.961  24524-24524/? I/Instrumentation﹕ Redirected android.content.ContentResolver->isSyncPending
09-01 16:12:53.971  24524-24524/? I/Instrumentation﹕ Redirected android.content.ContentResolver->openFileDescriptor
09-01 16:12:53.981  24524-24524/? I/Instrumentation﹕ Redirected android.content.ContentResolver->openInputStream
09-01 16:12:53.981  24524-24524/? I/Instrumentation﹕ Redirected android.content.ContentResolver->query
09-01 16:12:53.991  24524-24524/? I/Instrumentation﹕ Redirected android.content.ContentResolver->registerContentObserver
09-01 16:12:53.991  24524-24524/? I/Instrumentation﹕ Redirected android.content.ContentResolver->removePeriodicSync
09-01 16:12:54.001  24524-24524/? I/Instrumentation﹕ Redirected android.content.ContentResolver->setIsSyncable
09-01 16:12:54.011  24524-24524/? I/Instrumentation﹕ Redirected android.content.ContentResolver->setMasterSyncAutomatically
09-01 16:12:54.021  24524-24524/? I/Instrumentation﹕ Redirected android.content.ContentResolver->setSyncAutomatically
09-01 16:12:54.031  24524-24524/? I/Instrumentation﹕ Redirected android.content.ContentResolver->update
09-01 16:12:54.031  24524-24524/? I/Instrumentation﹕ Redirected android.content.ContextWrapper->bindService
09-01 16:12:54.041  24524-24524/? I/Instrumentation﹕ Redirected android.content.ContextWrapper->bindServiceAsUser
09-01 16:12:54.051  24524-24524/? I/Instrumentation﹕ Redirected android.content.ContextWrapper->removeStickyBroadcast
09-01 16:12:54.061  24524-24524/? I/Instrumentation﹕ Redirected android.content.ContextWrapper->sendBroadcast
09-01 16:12:54.061  24524-24524/? I/Instrumentation﹕ Redirected android.content.ContextWrapper->sendBroadcast
09-01 16:12:54.071  24524-24524/? I/Instrumentation﹕ Redirected android.content.ContextWrapper->sendBroadcast
09-01 16:12:54.071  24524-24524/? I/Instrumentation﹕ Redirected android.content.ContextWrapper->sendBroadcastAsUser
09-01 16:12:54.081  24524-24524/? I/Instrumentation﹕ Redirected android.content.ContextWrapper->sendBroadcastAsUser
09-01 16:12:54.091  24524-24524/? I/Instrumentation﹕ Redirected android.content.ContextWrapper->sendOrderedBroadcast
09-01 16:12:54.101  24524-24524/? I/Instrumentation﹕ Redirected android.content.ContextWrapper->sendOrderedBroadcast
09-01 16:12:54.111  24524-24524/? I/Instrumentation﹕ Redirected android.content.ContextWrapper->sendOrderedBroadcast
09-01 16:12:54.121  24524-24524/? I/Instrumentation﹕ Redirected android.content.ContextWrapper->sendOrderedBroadcastAsUser
09-01 16:12:54.121  24524-24524/? I/Instrumentation﹕ Redirected android.content.ContextWrapper->sendStickyBroadcast
09-01 16:12:54.131  24524-24524/? I/Instrumentation﹕ Redirected android.content.ContextWrapper->sendStickyOrderedBroadcast
09-01 16:12:54.131  24524-24524/? I/Instrumentation﹕ Redirected android.content.ContextWrapper->startService
09-01 16:12:54.141  24524-24524/? I/Instrumentation﹕ Redirected android.content.ContextWrapper->startServiceAsUser
09-01 16:12:54.151  24524-24524/? I/Instrumentation﹕ Redirected android.content.ContextWrapper->stopService
09-01 16:12:54.161  24524-24524/? I/Instrumentation﹕ Redirected android.content.ContextWrapper->stopServiceAsUser
09-01 16:12:54.171  24524-24524/? I/Instrumentation﹕ Redirected android.content.ContextWrapper->unbindService
09-01 16:12:54.181  24524-24524/? I/Instrumentation﹕ Redirected android.hardware.Camera->open
09-01 16:12:54.181  24524-24524/? I/Instrumentation﹕ Redirected android.hardware.Camera->open
09-01 16:12:54.201  24524-24524/? I/Instrumentation﹕ Redirected android.inputmethodservice.KeyboardView->onHoverEvent
09-01 16:12:54.201  24524-24524/? I/Instrumentation﹕ Redirected android.inputmethodservice.KeyboardView->onLongPress
09-01 16:12:54.221  24524-24524/? I/Instrumentation﹕ Redirected android.inputmethodservice.KeyboardView->onTouchEvent
09-01 16:12:54.231  24524-24524/? I/Instrumentation﹕ Redirected android.inputmethodservice.KeyboardView->setKeyboard
09-01 16:12:54.231  24524-24524/? I/Instrumentation﹕ Redirected android.location.LocationManager->addGpsStatusListener
09-01 16:12:54.241  24524-24524/? I/Instrumentation﹕ Redirected android.location.LocationManager->addNmeaListener
09-01 16:12:54.251  24524-24524/? I/Instrumentation﹕ Redirected android.location.LocationManager->addProximityAlert
09-01 16:12:54.271  24524-24524/? I/Instrumentation﹕ Redirected android.location.LocationManager->addTestProvider
09-01 16:12:54.281  24524-24524/? I/Instrumentation﹕ Redirected android.location.LocationManager->clearTestProviderEnabled
09-01 16:12:54.281  24524-24524/? I/Instrumentation﹕ Redirected android.location.LocationManager->clearTestProviderLocation
09-01 16:12:54.291  24524-24524/? I/Instrumentation﹕ Redirected android.location.LocationManager->clearTestProviderStatus
09-01 16:12:54.291  24524-24524/? I/Instrumentation﹕ Redirected android.location.LocationManager->getBestProvider
09-01 16:12:54.301  24524-24524/? I/Instrumentation﹕ Redirected android.location.LocationManager->getLastKnownLocation
09-01 16:12:54.301  24524-24524/? I/Instrumentation﹕ Redirected android.location.LocationManager->getProvider
09-01 16:12:54.311  24524-24524/? I/Instrumentation﹕ Redirected android.location.LocationManager->getProviders
09-01 16:12:54.311  24524-24524/? I/Instrumentation﹕ Redirected android.location.LocationManager->getProviders
09-01 16:12:54.321  24524-24524/? I/Instrumentation﹕ Redirected android.location.LocationManager->isProviderEnabled
09-01 16:12:54.321  24524-24524/? I/Instrumentation﹕ Redirected android.location.LocationManager->removeTestProvider
09-01 16:12:54.331  24524-24524/? I/Instrumentation﹕ Redirected android.location.LocationManager->requestLocationUpdates
09-01 16:12:54.341  24524-24524/? I/Instrumentation﹕ Redirected android.location.LocationManager->requestLocationUpdates
09-01 16:12:54.351  24524-24524/? I/Instrumentation﹕ Redirected android.location.LocationManager->requestLocationUpdates
09-01 16:12:54.361  24524-24524/? I/Instrumentation﹕ Redirected android.location.LocationManager->requestLocationUpdates
09-01 16:12:54.371  24524-24524/? I/Instrumentation﹕ Redirected android.location.LocationManager->requestLocationUpdates
09-01 16:12:54.371  24524-24524/? I/Instrumentation﹕ Redirected android.location.LocationManager->requestSingleUpdate
09-01 16:12:54.371  24524-24524/? I/Instrumentation﹕ Redirected android.location.LocationManager->requestSingleUpdate
09-01 16:12:54.381  24524-24524/? I/Instrumentation﹕ Redirected android.location.LocationManager->requestSingleUpdate
09-01 16:12:54.381  24524-24524/? I/Instrumentation﹕ Redirected android.location.LocationManager->requestSingleUpdate
09-01 16:12:54.391  24524-24524/? I/Instrumentation﹕ Redirected android.location.LocationManager->sendExtraCommand
09-01 16:12:54.401  24524-24524/? I/Instrumentation﹕ Redirected android.location.LocationManager->setTestProviderEnabled
09-01 16:12:54.411  24524-24524/? I/Instrumentation﹕ Redirected android.location.LocationManager->setTestProviderLocation
09-01 16:12:54.421  24524-24524/? I/Instrumentation﹕ Redirected android.location.LocationManager->setTestProviderStatus
09-01 16:12:54.421  24524-24524/? I/Instrumentation﹕ Redirected android.media.AsyncPlayer->play
09-01 16:12:54.431  24524-24524/? I/Instrumentation﹕ Redirected android.media.AsyncPlayer->stop
09-01 16:12:54.431  24524-24524/? I/Instrumentation﹕ Redirected android.media.AudioManager->isBluetoothA2dpOn
09-01 16:12:54.441  24524-24524/? I/Instrumentation﹕ Redirected android.media.AudioManager->isWiredHeadsetOn
09-01 16:12:54.441  24524-24524/? I/Instrumentation﹕ Redirected android.media.AudioManager->setBluetoothScoOn
09-01 16:12:54.451  24524-24524/? I/Instrumentation﹕ Redirected android.media.AudioManager->setMicrophoneMute
09-01 16:12:54.461  24524-24524/? I/Instrumentation﹕ Redirected android.media.AudioManager->setMode
09-01 16:12:54.461  24524-24524/? I/Instrumentation﹕ Redirected android.media.AudioManager->setParameter
09-01 16:12:54.471  24524-24524/? I/Instrumentation﹕ Redirected android.media.AudioManager->setParameters
09-01 16:12:54.481  24524-24524/? I/Instrumentation﹕ Redirected android.media.AudioManager->setSpeakerphoneOn
09-01 16:12:54.491  24524-24524/? I/Instrumentation﹕ Redirected android.media.AudioManager->startBluetoothSco
09-01 16:12:54.491  24524-24524/? I/Instrumentation﹕ Redirected android.media.AudioManager->stopBluetoothSco
09-01 16:12:54.501  24524-24524/? I/Instrumentation﹕ Redirected android.media.MediaPlayer->pause
09-01 16:12:54.501  24524-24524/? I/Instrumentation﹕ Redirected android.media.MediaPlayer->release
09-01 16:12:54.511  24524-24524/? I/Instrumentation﹕ Redirected android.media.MediaPlayer->reset
09-01 16:12:54.511  24524-24524/? I/Instrumentation﹕ Redirected android.media.MediaPlayer->setWakeMode
09-01 16:12:54.521  24524-24524/? I/Instrumentation﹕ Redirected android.media.MediaPlayer->start
09-01 16:12:54.521  24524-24524/? I/Instrumentation﹕ Redirected android.media.MediaPlayer->stop
09-01 16:12:54.531  24524-24524/? I/Instrumentation﹕ Redirected android.media.MediaRecorder->setAudioSource
09-01 16:12:54.541  24524-24524/? I/Instrumentation﹕ Redirected android.media.MediaRecorder->setVideoSource
09-01 16:12:54.551  24524-24524/? I/Instrumentation﹕ Redirected android.media.RingtoneManager->getRingtone
09-01 16:12:54.551  24524-24524/? I/Instrumentation﹕ Redirected android.media.RingtoneManager->getRingtone
09-01 16:12:54.561  24524-24524/? I/Instrumentation﹕ Redirected android.media.RingtoneManager->setActualDefaultRingtoneUri
09-01 16:12:54.561  24524-24524/? I/Instrumentation﹕ Redirected android.media.RingtoneManager->stopPreviousRingtone
09-01 16:12:54.571  24524-24524/? I/Instrumentation﹕ Redirected android.media.Ringtone->play
09-01 16:12:54.571  24524-24524/? I/Instrumentation﹕ Redirected android.media.Ringtone->setStreamType
09-01 16:12:54.581  24524-24524/? I/Instrumentation﹕ Redirected android.media.Ringtone->setUri
09-01 16:12:54.581  24524-24524/? I/Instrumentation﹕ Redirected android.media.Ringtone->stop
09-01 16:12:54.581  24524-24524/? I/Instrumentation﹕ Redirected android.media.effect.EffectContext->release
09-01 16:12:54.591  24524-24524/? I/Instrumentation﹕ Redirected android.net.ConnectivityManager->getActiveNetworkInfo
09-01 16:12:54.591  24524-24524/? I/Instrumentation﹕ Redirected android.net.ConnectivityManager->getAllNetworkInfo
09-01 16:12:54.601  24524-24524/? I/Instrumentation﹕ Redirected android.net.ConnectivityManager->getNetworkInfo
09-01 16:12:54.601  24524-24524/? I/Instrumentation﹕ Redirected android.net.ConnectivityManager->getNetworkPreference
09-01 16:12:54.611  24524-24524/? I/Instrumentation﹕ Redirected android.net.ConnectivityManager->isActiveNetworkMetered
09-01 16:12:54.611  24524-24524/? I/Instrumentation﹕ Redirected android.net.ConnectivityManager->requestRouteToHost
09-01 16:12:54.621  24524-24524/? I/Instrumentation﹕ Redirected android.net.ConnectivityManager->setNetworkPreference
09-01 16:12:54.631  24524-24524/? I/Instrumentation﹕ Redirected android.net.ConnectivityManager->startUsingNetworkFeature
09-01 16:12:54.641  24524-24524/? I/Instrumentation﹕ Redirected android.net.ConnectivityManager->stopUsingNetworkFeature
09-01 16:12:54.651  24524-24524/? I/Instrumentation﹕ Redirected android.net.nsd.NsdManager->init
09-01 16:12:54.651  24524-24524/? I/Instrumentation﹕ Redirected android.net.nsd.NsdManager->setEnabled
09-01 16:12:54.661  24524-24524/? I/Instrumentation﹕ Redirected android.net.wifi.WifiManager.MulticastLock->acquire
09-01 16:12:54.661  24524-24524/? I/Instrumentation﹕ Redirected android.net.wifi.WifiManager.MulticastLock->finalize
09-01 16:12:54.661  24524-24524/? I/Instrumentation﹕ Redirected android.net.wifi.WifiManager.MulticastLock->release
09-01 16:12:54.671  24524-24524/? I/Instrumentation﹕ Redirected android.net.wifi.WifiManager.WifiLock->acquire
09-01 16:12:54.671  24524-24524/? I/Instrumentation﹕ Redirected android.net.wifi.WifiManager.WifiLock->finalize
09-01 16:12:54.671  24524-24524/? I/Instrumentation﹕ Redirected android.net.wifi.WifiManager.WifiLock->release
09-01 16:12:54.681  24524-24524/? I/Instrumentation﹕ Redirected android.net.wifi.WifiManager->addNetwork
09-01 16:12:54.691  24524-24524/? I/Instrumentation﹕ Redirected android.net.wifi.WifiManager->disableNetwork
09-01 16:12:54.691  24524-24524/? I/Instrumentation﹕ Redirected android.net.wifi.WifiManager->disconnect
09-01 16:12:54.701  24524-24524/? I/Instrumentation﹕ Redirected android.net.wifi.WifiManager->enableNetwork
09-01 16:12:54.711  24524-24524/? I/Instrumentation﹕ Redirected android.net.wifi.WifiManager->getConfiguredNetworks
09-01 16:12:54.711  24524-24524/? I/Instrumentation﹕ Redirected android.net.wifi.WifiManager->getConnectionInfo
09-01 16:12:54.721  24524-24524/? I/Instrumentation﹕ Redirected android.net.wifi.WifiManager->getDhcpInfo
09-01 16:12:54.721  24524-24524/? I/Instrumentation﹕ Redirected android.net.wifi.WifiManager->getScanResults
09-01 16:12:54.731  24524-24524/? I/Instrumentation﹕ Redirected android.net.wifi.WifiManager->getWifiState
09-01 16:12:54.741  24524-24524/? I/Instrumentation﹕ Redirected android.net.wifi.WifiManager->pingSupplicant
09-01 16:12:54.741  24524-24524/? I/Instrumentation﹕ Redirected android.net.wifi.WifiManager->reassociate
09-01 16:12:54.751  24524-24524/? I/Instrumentation﹕ Redirected android.net.wifi.WifiManager->reconnect
09-01 16:12:54.761  24524-24524/? I/Instrumentation﹕ Redirected android.net.wifi.WifiManager->removeNetwork
09-01 16:12:54.761  24524-24524/? I/Instrumentation﹕ Redirected android.net.wifi.WifiManager->saveConfiguration
09-01 16:12:54.771  24524-24524/? I/Instrumentation﹕ Redirected android.net.wifi.WifiManager->setCountryCode
09-01 16:12:54.771  24524-24524/? I/Instrumentation﹕ Redirected android.net.wifi.WifiManager->setWifiEnabled
09-01 16:12:54.781  24524-24524/? I/Instrumentation﹕ Redirected android.net.wifi.WifiManager->startScan
09-01 16:12:54.781  24524-24524/? I/Instrumentation﹕ Redirected android.net.wifi.WifiManager->updateNetwork
09-01 16:12:54.791  24524-24524/? I/Instrumentation﹕ Redirected android.net.wifi.p2p.WifiP2pManager->initialize
09-01 16:12:54.801  24524-24524/? I/Instrumentation﹕ Redirected android.nfc.NfcAdapter->disableForegroundDispatch
09-01 16:12:54.811  24524-24524/? I/Instrumentation﹕ Redirected android.nfc.NfcAdapter->disableForegroundNdefPush
09-01 16:12:54.811  24524-24524/? I/Instrumentation﹕ Redirected android.nfc.NfcAdapter->dispatch
09-01 16:12:54.821  24524-24524/? I/Instrumentation﹕ Redirected android.nfc.NfcAdapter->enableForegroundDispatch
09-01 16:12:54.821  24524-24524/? I/Instrumentation﹕ Redirected android.nfc.NfcAdapter->enableForegroundNdefPush
09-01 16:12:54.821  24524-24524/? I/Instrumentation﹕ Redirected android.nfc.NfcAdapter->setBeamPushUris
09-01 16:12:54.831  24524-24524/? I/Instrumentation﹕ Redirected android.nfc.NfcAdapter->setBeamPushUrisCallback
09-01 16:12:54.831  24524-24524/? I/Instrumentation﹕ Redirected android.nfc.NfcAdapter->setNdefPushMessage
09-01 16:12:54.841  24524-24524/? I/Instrumentation﹕ Redirected android.nfc.NfcAdapter->setNdefPushMessageCallback
09-01 16:12:54.841  24524-24524/? I/Instrumentation﹕ Redirected android.nfc.NfcAdapter->setOnNdefPushCompleteCallback
09-01 16:12:54.851  24524-24524/? I/Instrumentation﹕ Redirected android.nfc.tech.IsoDep->close
09-01 16:12:54.851  24524-24524/? I/Instrumentation﹕ Redirected android.nfc.tech.IsoDep->connect
09-01 16:12:54.851  24524-24524/? I/Instrumentation﹕ Redirected android.nfc.tech.IsoDep->getTimeout
09-01 16:12:54.861  24524-24524/? I/Instrumentation﹕ Redirected android.nfc.tech.IsoDep->reconnect
09-01 16:12:54.871  24524-24524/? I/Instrumentation﹕ Redirected android.nfc.tech.IsoDep->setTimeout
09-01 16:12:54.871  24524-24524/? I/Instrumentation﹕ Redirected android.nfc.tech.IsoDep->transceive
09-01 16:12:54.881  24524-24524/? I/Instrumentation﹕ Redirected android.nfc.tech.MifareClassic->authenticate
09-01 16:12:54.891  24524-24524/? I/Instrumentation﹕ Redirected android.nfc.tech.MifareClassic->authenticateSectorWithKeyA
09-01 16:12:54.891  24524-24524/? I/Instrumentation﹕ Redirected android.nfc.tech.MifareClassic->authenticateSectorWithKeyB
09-01 16:12:54.901  24524-24524/? I/Instrumentation﹕ Redirected android.nfc.tech.MifareClassic->close
09-01 16:12:54.901  24524-24524/? I/Instrumentation﹕ Redirected android.nfc.tech.MifareClassic->connect
09-01 16:12:54.911  24524-24524/? I/Instrumentation﹕ Redirected android.nfc.tech.MifareClassic->decrement
09-01 16:12:54.911  24524-24524/? I/Instrumentation﹕ Redirected android.nfc.tech.MifareClassic->getTimeout
09-01 16:12:54.921  24524-24524/? I/Instrumentation﹕ Redirected android.nfc.tech.MifareClassic->increment
09-01 16:12:54.921  24524-24524/? I/Instrumentation﹕ Redirected android.nfc.tech.MifareClassic->readBlock
09-01 16:12:54.931  24524-24524/? I/Instrumentation﹕ Redirected android.nfc.tech.MifareClassic->reconnect
09-01 16:12:54.931  24524-24524/? I/Instrumentation﹕ Redirected android.nfc.tech.MifareClassic->restore
09-01 16:12:54.941  24524-24524/? I/Instrumentation﹕ Redirected android.nfc.tech.MifareClassic->setTimeout
09-01 16:12:54.941  24524-24524/? I/Instrumentation﹕ Redirected android.nfc.tech.MifareClassic->transceive
09-01 16:12:54.951  24524-24524/? I/Instrumentation﹕ Redirected android.nfc.tech.MifareClassic->transfer
09-01 16:12:54.951  24524-24524/? I/Instrumentation﹕ Redirected android.nfc.tech.MifareClassic->writeBlock
09-01 16:12:54.961  24524-24524/? I/Instrumentation﹕ Redirected android.nfc.tech.MifareUltralight->close
09-01 16:12:54.961  24524-24524/? I/Instrumentation﹕ Redirected android.nfc.tech.MifareUltralight->connect
09-01 16:12:54.971  24524-24524/? I/Instrumentation﹕ Redirected android.nfc.tech.MifareUltralight->getTimeout
09-01 16:12:54.981  24524-24524/? I/Instrumentation﹕ Redirected android.nfc.tech.MifareUltralight->readPages
09-01 16:12:54.981  24524-24524/? I/Instrumentation﹕ Redirected android.nfc.tech.MifareUltralight->reconnect
09-01 16:12:54.991  24524-24524/? I/Instrumentation﹕ Redirected android.nfc.tech.MifareUltralight->setTimeout
09-01 16:12:54.991  24524-24524/? I/Instrumentation﹕ Redirected android.nfc.tech.MifareUltralight->transceive
09-01 16:12:55.001  24524-24524/? I/Instrumentation﹕ Redirected android.nfc.tech.MifareUltralight->writePage
09-01 16:12:55.001  24524-24524/? I/Instrumentation﹕ Redirected android.nfc.tech.NdefFormatable->close
09-01 16:12:55.001  24524-24524/? I/Instrumentation﹕ Redirected android.nfc.tech.NdefFormatable->connect
09-01 16:12:55.011  24524-24524/? I/Instrumentation﹕ Redirected android.nfc.tech.NdefFormatable->format
09-01 16:12:55.011  24524-24524/? I/Instrumentation﹕ Redirected android.nfc.tech.NdefFormatable->format
09-01 16:12:55.021  24524-24524/? I/Instrumentation﹕ Redirected android.nfc.tech.NdefFormatable->formatReadOnly
09-01 16:12:55.021  24524-24524/? I/Instrumentation﹕ Redirected android.nfc.tech.NdefFormatable->reconnect
09-01 16:12:55.021  24524-24524/? I/Instrumentation﹕ Redirected android.nfc.tech.Ndef->close
09-01 16:12:55.031  24524-24524/? I/Instrumentation﹕ Redirected android.nfc.tech.Ndef->connect
09-01 16:12:55.031  24524-24524/? I/Instrumentation﹕ Redirected android.nfc.tech.Ndef->getNdefMessage
09-01 16:12:55.041  24524-24524/? I/Instrumentation﹕ Redirected android.nfc.tech.Ndef->makeReadOnly
09-01 16:12:55.041  24524-24524/? I/Instrumentation﹕ Redirected android.nfc.tech.Ndef->reconnect
09-01 16:12:55.051  24524-24524/? I/Instrumentation﹕ Redirected android.nfc.tech.Ndef->writeNdefMessage
09-01 16:12:55.051  24524-24524/? I/Instrumentation﹕ Redirected android.nfc.tech.NfcA->close
09-01 16:12:55.061  24524-24524/? I/Instrumentation﹕ Redirected android.nfc.tech.NfcA->connect
09-01 16:12:55.071  24524-24524/? I/Instrumentation﹕ Redirected android.nfc.tech.NfcA->getTimeout
09-01 16:12:55.071  24524-24524/? I/Instrumentation﹕ Redirected android.nfc.tech.NfcA->reconnect
09-01 16:12:55.071  24524-24524/? I/Instrumentation﹕ Redirected android.nfc.tech.NfcA->setTimeout
09-01 16:12:55.081  24524-24524/? I/Instrumentation﹕ Redirected android.nfc.tech.NfcA->transceive
09-01 16:12:55.081  24524-24524/? I/Instrumentation﹕ Redirected android.nfc.tech.NfcB->close
09-01 16:12:55.091  24524-24524/? I/Instrumentation﹕ Redirected android.nfc.tech.NfcB->connect
09-01 16:12:55.091  24524-24524/? I/Instrumentation﹕ Redirected android.nfc.tech.NfcB->reconnect
09-01 16:12:55.091  24524-24524/? I/Instrumentation﹕ Redirected android.nfc.tech.NfcB->transceive
09-01 16:12:55.101  24524-24524/? I/Instrumentation﹕ Redirected android.nfc.tech.NfcF->close
09-01 16:12:55.101  24524-24524/? I/Instrumentation﹕ Redirected android.nfc.tech.NfcF->connect
09-01 16:12:55.101  24524-24524/? I/Instrumentation﹕ Redirected android.nfc.tech.NfcF->getTimeout
09-01 16:12:55.111  24524-24524/? I/Instrumentation﹕ Redirected android.nfc.tech.NfcF->reconnect
09-01 16:12:55.111  24524-24524/? I/Instrumentation﹕ Redirected android.nfc.tech.NfcF->setTimeout
09-01 16:12:55.121  24524-24524/? I/Instrumentation﹕ Redirected android.nfc.tech.NfcF->transceive
09-01 16:12:55.121  24524-24524/? I/Instrumentation﹕ Redirected android.nfc.tech.NfcV->close
09-01 16:12:55.121  24524-24524/? I/Instrumentation﹕ Redirected android.nfc.tech.NfcV->connect
09-01 16:12:55.131  24524-24524/? I/Instrumentation﹕ Redirected android.nfc.tech.NfcV->reconnect
09-01 16:12:55.131  24524-24524/? I/Instrumentation﹕ Redirected android.nfc.tech.NfcV->transceive
09-01 16:12:55.141  24524-24524/? I/Instrumentation﹕ Redirected android.os.PowerManager.WakeLock->acquire
09-01 16:12:55.151  24524-24524/? I/Instrumentation﹕ Redirected android.os.PowerManager.WakeLock->acquire
09-01 16:12:55.151  24524-24524/? I/Instrumentation﹕ Redirected android.os.PowerManager.WakeLock->finalize
09-01 16:12:55.161  24524-24524/? I/Instrumentation﹕ Redirected android.os.PowerManager.WakeLock->release
09-01 16:12:55.161  24524-24524/? I/Instrumentation﹕ Redirected android.provider.Browser->addSearchUrl
09-01 16:12:55.171  24524-24524/? I/Instrumentation﹕ Redirected android.provider.Browser->canClearHistory
09-01 16:12:55.171  24524-24524/? I/Instrumentation﹕ Redirected android.provider.Browser->clearHistory
09-01 16:12:55.181  24524-24524/? I/Instrumentation﹕ Redirected android.provider.Browser->clearSearches
09-01 16:12:55.181  24524-24524/? I/Instrumentation﹕ Redirected android.provider.Browser->deleteFromHistory
09-01 16:12:55.191  24524-24524/? I/Instrumentation﹕ Redirected android.provider.Browser->deleteHistoryTimeFrame
09-01 16:12:55.191  24524-24524/? I/Instrumentation﹕ Redirected android.provider.Browser->getAllBookmarks
09-01 16:12:55.201  24524-24524/? I/Instrumentation﹕ Redirected android.provider.Browser->getAllVisitedUrls
09-01 16:12:55.201  24524-24524/? I/Instrumentation﹕ Redirected android.provider.Browser->getVisitedHistory
09-01 16:12:55.211  24524-24524/? I/Instrumentation﹕ Redirected android.provider.Browser->truncateHistory
09-01 16:12:55.211  24524-24524/? I/Instrumentation﹕ Redirected android.provider.Browser->updateVisitedHistory
09-01 16:12:55.221  24524-24524/? I/Instrumentation﹕ Redirected android.provider.CalendarContract.Attendees->query
09-01 16:12:55.231  24524-24524/? I/Instrumentation﹕ Redirected android.provider.CalendarContract.CalendarAlerts->insert
09-01 16:12:55.241  24524-24524/? I/Instrumentation﹕ Redirected android.provider.CalendarContract.EventDays->query
09-01 16:12:55.251  24524-24524/? I/Instrumentation﹕ Redirected android.provider.CalendarContract.Instances->query
09-01 16:12:55.251  24524-24524/? I/Instrumentation﹕ Redirected android.provider.CalendarContract.Instances->query
09-01 16:12:55.261  24524-24524/? I/Instrumentation﹕ Redirected android.provider.CalendarContract.Reminders->query
09-01 16:12:55.261  24524-24524/? I/Instrumentation﹕ Redirected android.provider.CallLog.Calls->getLastOutgoingCall
09-01 16:12:55.271  24524-24524/? I/Instrumentation﹕ Redirected android.provider.ContactsContract.Contacts->getLookupUri
09-01 16:12:55.271  24524-24524/? I/Instrumentation﹕ Redirected android.provider.ContactsContract.Contacts->getLookupUri
09-01 16:12:55.281  24524-24524/? I/Instrumentation﹕ Redirected android.provider.ContactsContract.Contacts->markAsContacted
09-01 16:12:55.281  24524-24524/? I/Instrumentation﹕ Redirected android.provider.ContactsContract.Data->getContactLookupUri
09-01 16:12:55.291  24524-24524/? I/Instrumentation﹕ Redirected android.provider.ContactsContract.Directory->notifyDirectoryChange
09-01 16:12:55.291  24524-24524/? I/Instrumentation﹕ Redirected android.provider.ContactsContract.ProfileSyncState->get
09-01 16:12:55.301  24524-24524/? I/Instrumentation﹕ Redirected android.provider.ContactsContract.ProfileSyncState->getWithUri
09-01 16:12:55.301  24524-24524/? I/Instrumentation﹕ Redirected android.provider.ContactsContract.ProfileSyncState->newSetOperation
09-01 16:12:55.311  24524-24524/? I/Instrumentation﹕ Redirected android.provider.ContactsContract.ProfileSyncState->set
09-01 16:12:55.311  24524-24524/? I/Instrumentation﹕ Redirected android.provider.ContactsContract.RawContacts->getContactLookupUri
09-01 16:12:55.321  24524-24524/? I/Instrumentation﹕ Redirected android.provider.ContactsContract.SyncState->get
09-01 16:12:55.331  24524-24524/? I/Instrumentation﹕ Redirected android.provider.ContactsContract.SyncState->getWithUri
09-01 16:12:55.331  24524-24524/? I/Instrumentation﹕ Redirected android.provider.ContactsContract.SyncState->newSetOperation
09-01 16:12:55.341  24524-24524/? I/Instrumentation﹕ Redirected android.provider.ContactsContract.SyncState->set
09-01 16:12:55.341  24524-24524/? I/Instrumentation﹕ Redirected android.provider.Contacts.ContactMethods->addPostalLocation
09-01 16:12:55.351  24524-24524/? I/Instrumentation﹕ Redirected android.provider.Contacts.People->addToGroup
09-01 16:12:55.361  24524-24524/? I/Instrumentation﹕ Redirected android.provider.Contacts.People->addToGroup
09-01 16:12:55.361  24524-24524/? I/Instrumentation﹕ Redirected android.provider.Contacts.People->addToMyContactsGroup
09-01 16:12:55.371  24524-24524/? I/Instrumentation﹕ Redirected android.provider.Contacts.People->createPersonInMyContactsGroup
09-01 16:12:55.371  24524-24524/? I/Instrumentation﹕ Redirected android.provider.Contacts.People->markAsContacted
09-01 16:12:55.381  24524-24524/? I/Instrumentation﹕ Redirected android.provider.Contacts.People->queryGroups
09-01 16:12:55.381  24524-24524/? I/Instrumentation﹕ Redirected android.provider.Contacts.Settings->getSetting
09-01 16:12:55.391  24524-24524/? I/Instrumentation﹕ Redirected android.provider.Contacts.Settings->setSetting
09-01 16:12:55.391  24524-24524/? I/Instrumentation﹕ Redirected android.provider.Settings.Secure->getUriFor
09-01 16:12:55.401  24524-24524/? I/Instrumentation﹕ Redirected android.provider.Settings.Secure->putFloat
09-01 16:12:55.411  24524-24524/? I/Instrumentation﹕ Redirected android.provider.Settings.Secure->putInt
09-01 16:12:55.421  24524-24524/? I/Instrumentation﹕ Redirected android.provider.Settings.Secure->putLong
09-01 16:12:55.431  24524-24524/? I/Instrumentation﹕ Redirected android.provider.Settings.Secure->putString
09-01 16:12:55.431  24524-24524/? I/Instrumentation﹕ Redirected android.provider.Settings.Secure->setLocationProviderEnabled
09-01 16:12:55.441  24524-24524/? I/Instrumentation﹕ Redirected android.provider.Settings.System->getUriFor
09-01 16:12:55.441  24524-24524/? I/Instrumentation﹕ Redirected android.provider.Settings.System->putConfiguration
09-01 16:12:55.451  24524-24524/? I/Instrumentation﹕ Redirected android.provider.Settings.System->putFloat
09-01 16:12:55.461  24524-24524/? I/Instrumentation﹕ Redirected android.provider.Settings.System->putInt
09-01 16:12:55.461  24524-24524/? I/Instrumentation﹕ Redirected android.provider.Settings.System->putLong
09-01 16:12:55.471  24524-24524/? I/Instrumentation﹕ Redirected android.provider.Settings.System->putString
09-01 16:12:55.471  24524-24524/? I/Instrumentation﹕ Redirected android.provider.Settings.System->setShowGTalkServiceStatus
09-01 16:12:55.481  24524-24524/? I/Instrumentation﹕ Redirected android.provider.UserDictionary.Words->addWord
09-01 16:12:55.491  24524-24524/? I/Instrumentation﹕ Redirected android.provider.UserDictionary.Words->addWord
09-01 16:12:55.491  24524-24524/? I/Instrumentation﹕ Redirected android.provider.VoicemailContract.Status->buildSourceUri
09-01 16:12:55.501  24524-24524/? I/Instrumentation﹕ Redirected android.provider.VoicemailContract.Voicemails->buildSourceUri
09-01 16:12:55.511  24524-24524/? I/Instrumentation﹕ Redirected android.speech.SpeechRecognizer->cancel
09-01 16:12:55.511  24524-24524/? I/Instrumentation﹕ Redirected android.speech.SpeechRecognizer->setRecognitionListener
09-01 16:12:55.521  24524-24524/? I/Instrumentation﹕ Redirected android.speech.SpeechRecognizer->startListening
09-01 16:12:55.521  24524-24524/? I/Instrumentation﹕ Redirected android.speech.SpeechRecognizer->stopListening
09-01 16:12:55.531  24524-24524/? I/Instrumentation﹕ Redirected android.telephony.TelephonyManager->getCellLocation
09-01 16:12:55.541  24524-24524/? I/Instrumentation﹕ Redirected android.telephony.TelephonyManager->getDeviceId
09-01 16:12:55.541  24524-24524/? I/Instrumentation﹕ Redirected android.telephony.TelephonyManager->getDeviceSoftwareVersion
09-01 16:12:55.551  24524-24524/? I/Instrumentation﹕ Redirected android.telephony.TelephonyManager->getLine1Number
09-01 16:12:55.551  24524-24524/? I/Instrumentation﹕ Redirected android.telephony.TelephonyManager->getNeighboringCellInfo
09-01 16:12:55.561  24524-24524/? I/Instrumentation﹕ Redirected android.telephony.TelephonyManager->getSimSerialNumber
09-01 16:12:55.561  24524-24524/? I/Instrumentation﹕ Redirected android.telephony.TelephonyManager->getSubscriberId
09-01 16:12:55.571  24524-24524/? I/Instrumentation﹕ Redirected android.telephony.TelephonyManager->getVoiceMailAlphaTag
09-01 16:12:55.581  24524-24524/? I/Instrumentation﹕ Redirected android.telephony.TelephonyManager->getVoiceMailNumber
09-01 16:12:55.591  24524-24524/? I/Instrumentation﹕ Redirected android.telephony.TelephonyManager->listen
09-01 16:12:55.611  24524-24524/? I/Instrumentation﹕ Redirected android.view.View->startDrag
09-01 16:12:55.611  24524-24524/? I/Instrumentation﹕ Redirected android.webkit.WebViewFragment->onCreateView
09-01 16:12:55.621  24524-24524/? I/Instrumentation﹕ Redirected android.widget.QuickContactBadge->assignContactFromEmail
09-01 16:12:55.631  24524-24524/? I/Instrumentation﹕ Redirected android.widget.QuickContactBadge->assignContactFromPhone
09-01 16:12:55.631  24524-24524/? I/Instrumentation﹕ Redirected android.widget.QuickContactBadge->onClick
09-01 16:12:55.641  24524-24524/? I/Instrumentation﹕ Redirected android.widget.VideoView->onKeyDown
09-01 16:12:55.651  24524-24524/? I/Instrumentation﹕ Redirected android.widget.VideoView->pause
09-01 16:12:55.651  24524-24524/? I/Instrumentation﹕ Redirected android.widget.VideoView->resume
09-01 16:12:55.661  24524-24524/? I/Instrumentation﹕ Redirected android.widget.VideoView->setVideoPath
09-01 16:12:55.671  24524-24524/? I/Instrumentation﹕ Redirected android.widget.VideoView->setVideoURI
09-01 16:12:55.681  24524-24524/? I/Instrumentation﹕ Redirected android.widget.VideoView->suspend
09-01 16:12:55.681  24524-24524/? I/Instrumentation﹕ Redirected java.net.ServerSocket->bind
09-01 16:12:55.681  24524-24524/? I/Instrumentation﹕ Redirected java.net.URLConnection->getInputStream
09-01 16:12:55.691  24524-24524/? I/Instrumentation﹕ Redirected java.net.URL->openConnection
09-01 16:12:55.691  24524-24524/? I/Instrumentation﹕ Redirected org.apache.http.impl.client.AbstractHttpClient->execute
09-01 16:12:55.701  24524-24524/? I/Instrumentation﹕ Redirected android.bluetooth.BluetoothServerSocket-><init>
09-01 16:12:55.711  24524-24524/? I/Instrumentation﹕ Redirected android.bluetooth.BluetoothSocket-><init>
09-01 16:12:55.731  24524-24524/? I/Instrumentation﹕ Redirected android.bluetooth.BluetoothSocket-><init>
09-01 16:12:55.731  24524-24524/? I/Instrumentation﹕ Redirected android.media.AudioRecord-><init>
09-01 16:12:55.741  24524-24524/? I/Instrumentation﹕ Redirected android.webkit.WebView-><init>
09-01 16:12:55.741  24524-24524/? I/Instrumentation﹕ Redirected java.net.DatagramSocket-><init>
09-01 16:12:55.751  24524-24524/? I/Instrumentation﹕ Redirected java.net.MulticastSocket-><init>
09-01 16:12:55.751  24524-24524/? I/Instrumentation﹕ Redirected java.net.ServerSocket-><init>
09-01 16:12:55.751  24524-24524/? I/Instrumentation﹕ Redirected java.net.Socket-><init>
09-01 16:12:55.761  24524-24524/? I/Instrumentation﹕ Redirected java.net.Socket-><init>
09-01 16:12:55.761  24524-24524/? I/Instrumentation﹕ Redirected java.net.Socket-><init>
09-01 16:12:55.761  24524-24524/? I/Instrumentation﹕ Redirected java.net.Socket-><init>
09-01 16:12:55.761  24524-24524/? I/Instrumentation﹕ Redirected java.net.Socket-><init>
09-01 16:12:55.771  24524-24524/? D/dalvikvm﹕ WAIT_FOR_CONCURRENT_GC blocked 6ms
09-01 16:12:55.771  24524-24524/? I/Instrumentation﹕ Redirected java.net.Socket-><init>
09-01 16:12:55.771  24524-24524/? I/Instrumentation﹕ Redirected java.net.Socket-><init>
09-01 16:12:55.771  24524-24524/? I/Instrumentation﹕ Redirected java.net.URLConnection-><init>
09-01 16:12:55.771  24524-24524/? I/Monitor_init﹕ Monitor initialized for package com.picsart.studio
09-01 16:12:55.781  24524-24524/? D/AppDexLoader﹕ Loading app-1441116760597.apk
09-01 16:12:58.841      721-721/? I/ConfigService﹕ onDestroy
09-01 16:12:58.991  24524-24524/? D/dalvikvm﹕ DexOpt: --- BEGIN 'app-1441116760597.apk' (bootstrap=0) ---
09-01 16:12:59.401  24558-24558/? W/dalvikvm﹕ method Lcom/actionbarsherlock/internal/widget/IcsLinearLayout;.drawDividersHorizontal incorrectly overrides package-private method with same name in Landroid/widget/LinearLayout;
09-01 16:12:59.401  24558-24558/? W/dalvikvm﹕ method Lcom/actionbarsherlock/internal/widget/IcsLinearLayout;.drawDividersVertical incorrectly overrides package-private method with same name in Landroid/widget/LinearLayout;
09-01 16:12:59.401  24558-24558/? W/dalvikvm﹕ method Lcom/actionbarsherlock/internal/widget/IcsLinearLayout;.drawHorizontalDivider incorrectly overrides package-private method with same name in Landroid/widget/LinearLayout;
09-01 16:12:59.401  24558-24558/? W/dalvikvm﹕ method Lcom/actionbarsherlock/internal/widget/IcsLinearLayout;.drawVerticalDivider incorrectly overrides package-private method with same name in Landroid/widget/LinearLayout;
09-01 16:13:02.491      481-497/? W/ActivityManager﹕ Launch timeout has expired, giving up wake lock!
09-01 16:13:02.511      481-496/? E/WindowManager﹕ Starting window AppWindowToken{42ea0a78 token=Token{42d8fd10 ActivityRecord{42e7cf78 u0 com.picsart.studio/com.socialin.android.photo.picsinphoto.MainPagerActivity t151}}} timed out
09-01 16:13:02.541  24513-24513/? D/AndroidRuntime﹕ Shutting down VM
09-01 16:13:02.541  24513-24520/? D/jdwp﹕ Got wake-up signal, bailing out of select
09-01 16:13:02.541  24513-24520/? D/dalvikvm﹕ Debugger has detached; object registry had 1 entries
09-01 16:13:04.631  24558-24558/? D/dalvikvm﹕ DexOpt: load 369ms, verify+opt 4916ms, 5891676 bytes
09-01 16:13:05.721  24524-24524/? D/dalvikvm﹕ DexOpt: --- END 'app-1441116760597.apk' (success) ---
09-01 16:13:05.721  24524-24524/? D/dalvikvm﹕ DEX prep '/data/data/com.picsart.studio/app_appguard_dex/app-1441116760597.apk': unzip in 162ms, rewrite 6734ms
09-01 16:13:05.761  24524-24524/? I/dalvikvm-heap﹕ Grow heap (frag case) to 8.134MB for 35992-byte allocation
09-01 16:13:05.781  24524-24524/? W/System.err﹕ java.io.FileNotFoundException: /data/data/com.picsart.studio/files/user_data: open failed: ENOENT (No such file or directory)
09-01 16:13:05.781  24524-24524/? W/System.err﹕ at libcore.io.IoBridge.open(IoBridge.java:409)
09-01 16:13:05.781  24524-24524/? W/System.err﹕ at java.io.FileInputStream.<init>(FileInputStream.java:78)
09-01 16:13:05.791  24524-24524/? W/System.err﹕ at android.app.ContextImpl.openFileInput(ContextImpl.java:788)
09-01 16:13:05.791  24524-24524/? W/System.err﹕ at android.content.ContextWrapper.openFileInput(ContextWrapper.java:179)
09-01 16:13:05.791  24524-24524/? W/System.err﹕ at myobfuscated.ab.b.v(ProGuard:292)
09-01 16:13:05.791  24524-24524/? W/System.err﹕ at myobfuscated.ab.b.<init>(ProGuard:149)
09-01 16:13:05.791  24524-24524/? W/System.err﹕ at com.socialin.android.SocialinApplication.onCreate(ProGuard:53)
09-01 16:13:05.791  24524-24524/? W/System.err﹕ at com.srt.appguard.loader.MonitorLoader.onCreateApplication(MonitorLoader.java:54)
09-01 16:13:05.791  24524-24524/? W/System.err﹕ at com.srt.appguard.loader.MonitorLoaderApplication.onCreate(MonitorLoaderApplication.java:19)
09-01 16:13:05.791  24524-24524/? W/System.err﹕ at android.app.Instrumentation.callApplicationOnCreate(Instrumentation.java:1007)
09-01 16:13:05.791  24524-24524/? W/System.err﹕ at android.app.ActivityThread.handleBindApplication(ActivityThread.java:4328)
09-01 16:13:05.791  24524-24524/? W/System.err﹕ at android.app.ActivityThread.access$1500(ActivityThread.java:135)
09-01 16:13:05.791  24524-24524/? W/System.err﹕ at android.app.ActivityThread$H.handleMessage(ActivityThread.java:1256)
09-01 16:13:05.791  24524-24524/? W/System.err﹕ at android.os.Handler.dispatchMessage(Handler.java:102)
09-01 16:13:05.791  24524-24524/? W/System.err﹕ at android.os.Looper.loop(Looper.java:136)
09-01 16:13:05.791  24524-24524/? W/System.err﹕ at android.app.ActivityThread.main(ActivityThread.java:5001)
09-01 16:13:05.791  24524-24524/? W/System.err﹕ at java.lang.reflect.Method.invokeNative(Native Method)
09-01 16:13:05.791  24524-24524/? W/System.err﹕ at java.lang.reflect.Method.invoke(Method.java:515)
09-01 16:13:05.791  24524-24524/? W/System.err﹕ at com.android.internal.os.ZygoteInit$MethodAndArgsCaller.run(ZygoteInit.java:785)
09-01 16:13:05.791  24524-24524/? W/System.err﹕ at com.android.internal.os.ZygoteInit.main(ZygoteInit.java:601)
09-01 16:13:05.791  24524-24524/? W/System.err﹕ at dalvik.system.NativeStart.main(Native Method)
09-01 16:13:05.791  24524-24524/? W/System.err﹕ Caused by: libcore.io.ErrnoException: open failed: ENOENT (No such file or directory)
09-01 16:13:05.791  24524-24524/? W/System.err﹕ at libcore.io.Posix.open(Native Method)
09-01 16:13:05.791  24524-24524/? W/System.err﹕ at libcore.io.BlockGuardOs.open(BlockGuardOs.java:110)
09-01 16:13:05.791  24524-24524/? W/System.err﹕ at libcore.io.IoBridge.open(IoBridge.java:393)
09-01 16:13:05.791  24524-24524/? W/System.err﹕ ... 20 more
09-01 16:13:05.801  24524-24524/? I/Monitored_API_method_call﹕ TId: 1 objCls: android.content.ContentResolver mthd: registerContentObserver retCls: void params: android.net.Uri content://com.picsart.studio.provider/user.update boolean false android.database.ContentObserver myobfuscated.ab.c@41f95b68 stacktrace: dalvik.system.VMStack.getThreadStackTrace(Native Method)->java.lang.Thread.getStackTrace(Thread.java:579)->org.droidmate.monitor_generator.generated.Monitor.getStackTrace(Monitor.java:455)->org.droidmate.monitor_generator.generated.Monitor.redir_android_content_ContentResolver_registerContentObserver3(Monitor.java:2298)->java.lang.reflect.Method.invokeNative(Native Method)->java.lang.reflect.Method.invoke(Method.java:515)->android.content.ContentResolver.registerContentObserver(ContentResolver.java)->myobfuscated.ab.b.<init>(ProGuard:168)->com.socialin.android.SocialinApplication.onCreate(ProGuard:53)->com.srt.appguard.loader.MonitorLoader.onCreateApplication(MonitorLoader.java:54)->com.srt.appguard.loader.MonitorLoaderApplication.onCreate(MonitorLoaderApplication.java:19)->android.app.Instrumentation.callApplicationOnCreate(Instrumentation.java:1007)->android.app.ActivityThread.handleBindApplication(ActivityThread.java:4328)->android.app.ActivityThread.access$1500(ActivityThread.java:135)->android.app.ActivityThread$H.handleMessage(ActivityThread.java:1256)->android.os.Handler.dispatchMessage(Handler.java:102)->android.os.Looper.loop(Looper.java:136)->android.app.ActivityThread.main(ActivityThread.java:5001)->java.lang.reflect.Method.invokeNative(Native Method)->java.lang.reflect.Method.invoke(Method.java:515)->com.android.internal.os.ZygoteInit$MethodAndArgsCaller.run(ZygoteInit.java:785)->com.android.internal.os.ZygoteInit.main(ZygoteInit.java:601)->dalvik.system.NativeStart.main(Native Method)
09-01 16:13:05.801  24524-24524/? D/ResManager -﹕ com.picsart.studio.R.stringsi_app_uid=2131296292
09-01 16:13:05.801  24524-24524/? D/SocialinApplication -﹕ onCreate() appId:picsinstudio gameSecret:puzzle
09-01 16:13:05.801  24524-24524/? D/SocialinApplication -﹕ onCreate() - SDcardAvailableSizeInMB - 4412
09-01 16:13:05.801  24524-24524/? D/SocialinApplication -﹕ onCreate() - InternalStorageAvailableSizeInMB - 4412
09-01 16:13:05.841  24524-24524/? D/sin﹕ trackLocalAction
09-01 16:13:05.861  24524-24524/? I/com.firegnom.rat.b﹕ Registering default exceptions handler
09-01 16:13:05.861  24524-24524/? D/com.firegnom.rat.b﹕ current handler class=com.android.internal.os.RuntimeInit$UncaughtHandler
09-01 16:13:05.881  24524-24524/? I/dalvikvm-heap﹕ Grow heap (frag case) to 8.367MB for 79892-byte allocation
09-01 16:13:05.961  24524-24524/? I/Monitored_API_method_call﹕ TId: 1 objCls: android.net.ConnectivityManager mthd: getActiveNetworkInfo retCls: android.net.NetworkInfo params:  stacktrace: dalvik.system.VMStack.getThreadStackTrace(Native Method)->java.lang.Thread.getStackTrace(Thread.java:579)->org.droidmate.monitor_generator.generated.Monitor.getStackTrace(Monitor.java:455)->org.droidmate.monitor_generator.generated.Monitor.redir_android_net_ConnectivityManager_getActiveNetworkInfo0(Monitor.java:3255)->java.lang.reflect.Method.invokeNative(Native Method)->java.lang.reflect.Method.invoke(Method.java:515)->android.net.ConnectivityManager.getActiveNetworkInfo(ConnectivityManager.java)->myobfuscated.ca.ab.c(ProGuard:76)->myobfuscated.ca.ab.a(ProGuard:53)->com.socialin.android.SocialinApplication.onCreate(ProGuard:95)->com.srt.appguard.loader.MonitorLoader.onCreateApplication(MonitorLoader.java:54)->com.srt.appguard.loader.MonitorLoaderApplication.onCreate(MonitorLoaderApplication.java:19)->android.app.Instrumentation.callApplicationOnCreate(Instrumentation.java:1007)->android.app.ActivityThread.handleBindApplication(ActivityThread.java:4328)->android.app.ActivityThread.access$1500(ActivityThread.java:135)->android.app.ActivityThread$H.handleMessage(ActivityThread.java:1256)->android.os.Handler.dispatchMessage(Handler.java:102)->android.os.Looper.loop(Looper.java:136)->android.app.ActivityThread.main(ActivityThread.java:5001)->java.lang.reflect.Method.invokeNative(Native Method)->java.lang.reflect.Method.invoke(Method.java:515)->com.android.internal.os.ZygoteInit$MethodAndArgsCaller.run(ZygoteInit.java:785)->com.android.internal.os.ZygoteInit.main(ZygoteInit.java:601)->dalvik.system.NativeStart.main(Native Method)
