09-01 16:12:21.091  24219-24219/? D/AndroidRuntime﹕ >>>>>> AndroidRuntime START com.android.internal.os.RuntimeInit <<<<<<
09-01 16:12:21.101  24219-24219/? D/AndroidRuntime﹕ CheckJNI is OFF
09-01 16:12:21.111  24219-24219/? D/dalvikvm﹕ Trying to load lib libjavacore.so 0x0
09-01 16:12:21.111  24219-24219/? D/dalvikvm﹕ Added shared lib libjavacore.so 0x0
09-01 16:12:21.141  24219-24219/? D/dalvikvm﹕ Note: class Landroid/app/ActivityManagerNative; has 179 unimplemented (abstract) methods
09-01 16:12:21.351  24219-24219/? D/AndroidRuntime﹕ Calling main entry com.android.commands.pm.Pm
    --------- beginning of /dev/log/system
09-01 16:12:21.351      481-505/? W/PackageManager﹕ Package named 'com.picsart.studio' doesn't exist.
09-01 16:12:21.461  24219-24219/? D/AndroidRuntime﹕ Shutting down VM
09-01 16:12:35.121  24267-24267/? D/AndroidRuntime﹕ >>>>>> AndroidRuntime START com.android.internal.os.RuntimeInit <<<<<<
09-01 16:12:35.121  24267-24267/? D/AndroidRuntime﹕ CheckJNI is OFF
09-01 16:12:35.131  24267-24267/? D/dalvikvm﹕ Trying to load lib libjavacore.so 0x0
09-01 16:12:35.131  24267-24267/? D/dalvikvm﹕ Added shared lib libjavacore.so 0x0
09-01 16:12:35.171  24267-24267/? D/dalvikvm﹕ Note: class Landroid/app/ActivityManagerNative; has 179 unimplemented (abstract) methods
09-01 16:12:35.391  24267-24267/? D/AndroidRuntime﹕ Calling main entry com.android.commands.pm.Pm
09-01 16:12:35.411      481-505/? I/ActivityManager﹕ Start proc com.android.defcontainer for service com.android.defcontainer/.DefaultContainerService: pid=24278 uid=10010 gids={50010, 1028, 1015, 1023, 2001}
09-01 16:12:35.571      481-505/? W/ActivityManager﹕ No content provider found for permission revoke: file:///data/local/tmp/com.picsart.studio-inlined.apk
09-01 16:12:35.711      481-505/? W/ActivityManager﹕ No content provider found for permission revoke: file:///data/local/tmp/com.picsart.studio-inlined.apk
09-01 16:12:35.711      481-505/? I/PackageManager﹕ Copying native libraries to /data/app-lib/vmdl1791761661
09-01 16:12:36.001      481-505/? W/PackageParser﹕ No actions in intent filter at /data/app/vmdl1791761661.tmp Binary XML file line #143
09-01 16:12:36.021      481-505/? W/PackageParser﹕ No actions in intent filter at /data/app/vmdl1791761661.tmp Binary XML file line #1169
09-01 16:12:36.291      481-505/? I/dalvikvm-heap﹕ Grow heap (frag case) to 20.539MB for 522052-byte allocation
09-01 16:12:36.561      481-505/? I/dalvikvm-heap﹕ Grow heap (frag case) to 20.917MB for 332955-byte allocation
09-01 16:12:36.821      481-505/? I/dalvikvm-heap﹕ Grow heap (frag case) to 21.235MB for 332955-byte allocation
09-01 16:12:37.811      481-505/? D/dalvikvm﹕ WAIT_FOR_CONCURRENT_GC blocked 100ms
09-01 16:12:38.131      481-505/? D/dalvikvm﹕ WAIT_FOR_CONCURRENT_GC blocked 107ms
09-01 16:12:38.401      481-505/? D/dalvikvm﹕ WAIT_FOR_CONCURRENT_GC blocked 107ms
09-01 16:12:38.701      481-505/? D/dalvikvm﹕ WAIT_FOR_CONCURRENT_GC blocked 108ms
09-01 16:12:39.041      481-481/? D/dalvikvm﹕ WAIT_FOR_CONCURRENT_GC blocked 100ms
09-01 16:12:39.041      481-505/? D/dalvikvm﹕ WAIT_FOR_CONCURRENT_GC blocked 109ms
09-01 16:12:39.311      481-505/? D/dalvikvm﹕ WAIT_FOR_CONCURRENT_GC blocked 104ms
09-01 16:12:39.581      481-505/? D/dalvikvm﹕ WAIT_FOR_CONCURRENT_GC blocked 105ms
09-01 16:12:39.841      481-505/? D/dalvikvm﹕ WAIT_FOR_CONCURRENT_GC blocked 111ms
09-01 16:12:40.091      481-481/? D/dalvikvm﹕ WAIT_FOR_CONCURRENT_GC blocked 43ms
09-01 16:12:40.091      481-505/? D/dalvikvm﹕ WAIT_FOR_CONCURRENT_GC blocked 107ms
09-01 16:12:40.871      481-505/? I/PackageManager﹕ Running dexopt on: com.picsart.studio
09-01 16:12:41.191  24307-24307/? D/dalvikvm﹕ DexOpt: load 48ms, verify+opt 193ms, 1073468 bytes
09-01 16:12:42.481      481-497/? I/ActivityManager﹕ Force stopping com.picsart.studio appid=10348 user=-1: update pkg
09-01 16:12:43.001      481-505/? W/PackageManager﹕ Unknown permission com.android.smspush.WAPPUSH_MANAGER_BIND in package com.android.phone
09-01 16:12:43.001      481-505/? W/PackageManager﹕ Unknown permission com.android.nfc.permission.NFCEE_ADMIN in package com.google.android.apps.walletnfcrel
09-01 16:12:43.001      481-505/? W/PackageManager﹕ Unknown permission com.android.vending.billing.IBillingAccountService.BIND2 in package com.google.android.gsf.login
09-01 16:12:43.001      481-505/? W/PackageManager﹕ Unknown permission com.android.gallery3d.permission.GALLERY_PROVIDER in package com.android.bluetooth
09-01 16:12:43.001      481-505/? W/PackageManager﹕ Unknown permission android.permission.MMS_SEND_OUTBOX_MSG in package com.android.bluetooth
09-01 16:12:43.011      481-505/? W/PackageManager﹕ Not granting permission android.permission.DEVICE_POWER to package com.google.android.deskclock (protectionLevel=2 flags=0xc8bec5)
09-01 16:12:43.011      481-505/? W/PackageManager﹕ Not granting permission android.permission.READ_DREAM_STATE to package com.google.android.gms (protectionLevel=2 flags=0x40c83ec5)
09-01 16:12:43.011      481-505/? W/PackageManager﹕ Not granting permission android.permission.PACKAGE_USAGE_STATS to package com.google.android.gms (protectionLevel=18 flags=0x40c83ec5)
09-01 16:12:43.021      481-505/? W/PackageManager﹕ Not granting permission android.permission.MANAGE_DOCUMENTS to package com.google.android.gms (protectionLevel=2 flags=0x40c83ec5)
09-01 16:12:43.021      481-505/? W/PackageManager﹕ Unknown permission android.permission.READ_OWNER_DATA in package com.google.android.setupwizard
09-01 16:12:43.021      481-505/? W/PackageManager﹕ Unknown permission android.permission.WRITE_OWNER_DATA in package com.google.android.setupwizard
09-01 16:12:43.021      481-505/? W/PackageManager﹕ Unknown permission android.permission.WRITE_SYNC_STATS in package com.google.android.apps.docs
09-01 16:12:43.031      481-505/? W/PackageManager﹕ Unknown permission android.permission.REGISTER_CONNECTION_MANAGER in package com.google.android.talk
09-01 16:12:43.031      481-505/? W/PackageManager﹕ Unknown permission android.permission.REAL_GET_TASKS in package com.android.vending
09-01 16:12:43.031      481-505/? W/PackageManager﹕ Not granting permission android.permission.SEND_DOWNLOAD_COMPLETED_INTENTS to package com.android.vending (protectionLevel=2 flags=0x408abec5)
09-01 16:12:43.031      481-505/? W/PackageManager﹕ Unknown permission android.permission.GET_PACKAGE_IMPORTANCE in package com.android.vending
09-01 16:12:43.031      481-505/? W/PackageManager﹕ Unknown permission android.permission.GET_ACCOUNTS_PRIVILEGED in package com.android.vending
09-01 16:12:43.031      481-505/? W/PackageManager﹕ Unknown permission android.permission.INSTALL_GRANT_RUNTIME_PERMISSIONS in package com.android.vending
09-01 16:12:43.031      481-505/? W/PackageManager﹕ Unknown permission android.permission.GRANT_RUNTIME_PERMISSIONS in package com.android.vending
09-01 16:12:43.031      481-505/? W/PackageManager﹕ Unknown permission android.permission.REVOKE_RUNTIME_PERMISSIONS in package com.android.vending
09-01 16:12:43.031      481-505/? W/PackageManager﹕ Not granting permission android.permission.FORCE_STOP_PACKAGES to package com.android.vending (protectionLevel=18 flags=0x408abec5)
09-01 16:12:43.031      481-505/? W/PackageManager﹕ Not granting permission android.permission.BIND_WALLPAPER to package com.google.android.GoogleCamera (protectionLevel=18 flags=0xd8bc45)
09-01 16:12:43.031      481-505/? W/PackageManager﹕ Not granting permission android.permission.MANAGE_DOCUMENTS to package com.google.android.youtube (protectionLevel=2 flags=0xd83ec5)
09-01 16:12:43.031      481-505/? W/PackageManager﹕ Not granting permission android.permission.READ_DREAM_STATE to package com.google.android.gsf (protectionLevel=2 flags=0x40883e45)
09-01 16:12:43.041      481-505/? W/PackageManager﹕ Unknown permission com.chrome.permission.DEVICE_EXTRAS in package com.android.chrome
09-01 16:12:43.041      481-505/? W/PackageManager﹕ Unknown permission com.sec.enterprise.knox.MDM_CONTENT_PROVIDER in package com.android.chrome
09-01 16:12:43.041      481-505/? W/PackageManager﹕ Not granting permission android.permission.BIND_WALLPAPER to package com.picsart.studio (protectionLevel=18 flags=0x18be44)
09-01 16:12:43.041      481-505/? W/PackageManager﹕ Unknown permission com.sec.android.iap.permission.BILLING in package com.picsart.studio
09-01 16:12:43.261      481-568/? I/InputReader﹕ Reconfiguring input devices.  changes=0x00000010
09-01 16:12:43.271  17001-17306/? D/Documents﹕ Used cached roots for com.android.providers.downloads.documents
09-01 16:12:43.271  17001-17306/? D/Documents﹕ Used cached roots for com.android.externalstorage.documents
09-01 16:12:43.271  17001-17306/? D/Documents﹕ Used cached roots for com.android.providers.media.documents
09-01 16:12:43.271  17001-17306/? D/Documents﹕ Used cached roots for com.google.android.apps.docs.storage
09-01 16:12:43.271  17001-17306/? D/Documents﹕ Update found 7 roots in 4ms
09-01 16:12:43.291    481-13860/? I/ActivityManager﹕ Start proc com.google.android.partnersetup for broadcast com.google.android.partnersetup/.RlzPingBroadcastReceiver: pid=24309 uid=10021 gids={50021, 3003}
09-01 16:12:43.401      481-492/? I/ActivityManager﹕ Start proc com.android.musicfx for broadcast com.android.musicfx/.Compatibility$Receiver: pid=24324 uid=10035 gids={50035, 3003, 3002}
09-01 16:12:43.411      481-481/? D/BackupManagerService﹕ Received broadcast Intent { act=android.intent.action.PACKAGE_ADDED dat=package:com.picsart.studio flg=0x4000010 (has extras) }
09-01 16:12:43.421      481-481/? V/BackupManagerService﹕ addPackageParticipantsLocked: #1
09-01 16:12:43.511   5359-24338/? D/PackageBroadcastService﹕ Received broadcast action=android.intent.action.PACKAGE_ADDED and uri=com.picsart.studio
09-01 16:12:43.571     481-3556/? I/ActivityManager﹕ Killing 17098:com.quickoffice.android/u0a108 (adj 15): empty for 4899s
09-01 16:12:43.591  24267-24267/? D/AndroidRuntime﹕ Shutting down VM
09-01 16:12:43.591  24267-24274/? D/jdwp﹕ Got wake-up signal, bailing out of select
09-01 16:12:43.591  24267-24274/? D/dalvikvm﹕ Debugger has detached; object registry had 1 entries
09-01 16:12:43.591    481-22946/? I/ActivityManager﹕ Start proc com.google.android.gms.wearable for service com.google.android.gms/.wearable.service.WearableControlService: pid=24339 uid=10017 gids={50017, 3003, 1007, 1028, 1015, 3002, 3001, 3007, 2001, 3006}
09-01 16:12:43.611    5359-5359/? D/Vision﹕ Received broadcast Intent { act=android.intent.action.PACKAGE_ADDED dat=package:com.picsart.studio flg=0x4000010 cmp=com.google.android.gms/.vision.DependencyBroadcastReceiverProxy (has extras) }
09-01 16:12:43.611    5359-5359/? D/Vision﹕ No vision deps
09-01 16:12:43.611     481-3556/? I/ActivityManager﹕ Killing 14474:com.google.android.apps.docs/u0a102 (adj 15): empty for 4899s
09-01 16:12:43.621     481-3556/? I/ActivityManager﹕ Delay finish: com.google.android.gms/.vision.DependencyBroadcastReceiverProxy
09-01 16:12:43.651      721-721/? I/ConfigService﹕ onCreate
09-01 16:12:43.671  24339-24339/? W/dalvikvm﹕ VFY: unable to resolve static field 590 (PR_SET_DUMPABLE) in Landroid/system/OsConstants;
09-01 16:12:43.671  24339-24339/? D/dalvikvm﹕ VFY: replacing opcode 0x60 at 0x000b
09-01 16:12:43.681  24339-24339/? D/dalvikvm﹕ DexOpt: couldn't find static field Landroid/os/Build;.SUPPORTED_ABIS
09-01 16:12:43.681  24339-24339/? W/dalvikvm﹕ VFY: unable to resolve static field 156 (SUPPORTED_ABIS) in Landroid/os/Build;
09-01 16:12:43.681  24339-24339/? D/dalvikvm﹕ VFY: replacing opcode 0x62 at 0x005e
09-01 16:12:43.691  24339-24339/? I/MultiDex﹕ VM with version 1.6.0 does not have multidex support
09-01 16:12:43.691  24339-24339/? I/MultiDex﹕ install
09-01 16:12:43.701  24339-24339/? I/MultiDex﹕ MultiDexExtractor.load(/data/app/com.google.android.gms-1.apk, false)
09-01 16:12:43.711  24339-24339/? I/MultiDex﹕ loading existing secondary dex files
09-01 16:12:43.721  24339-24339/? I/MultiDex﹕ load found 3 secondary dex files
09-01 16:12:43.771  24339-24339/? I/MultiDex﹕ install done
09-01 16:12:43.821  24339-24339/? D/dalvikvm﹕ DexOpt: couldn't find field Landroid/content/pm/ApplicationInfo;.splitSourceDirs
09-01 16:12:43.821  24339-24339/? W/dalvikvm﹕ VFY: unable to resolve instance field 61
09-01 16:12:43.821  24339-24339/? D/dalvikvm﹕ VFY: replacing opcode 0x54 at 0x0054
09-01 16:12:43.831  24339-24339/? D/dalvikvm﹕ DexOpt: couldn't find static field Landroid/os/Build;.SUPPORTED_ABIS
09-01 16:12:43.831  24339-24339/? W/dalvikvm﹕ VFY: unable to resolve static field 156 (SUPPORTED_ABIS) in Landroid/os/Build;
09-01 16:12:43.831  24339-24339/? D/dalvikvm﹕ VFY: replacing opcode 0x62 at 0x0067
09-01 16:12:43.831  24339-24339/? D/dalvikvm﹕ DexOpt: couldn't find static field Landroid/os/Build;.SUPPORTED_ABIS
09-01 16:12:43.831  24339-24339/? W/dalvikvm﹕ VFY: unable to resolve static field 156 (SUPPORTED_ABIS) in Landroid/os/Build;
09-01 16:12:43.831  24339-24339/? D/dalvikvm﹕ VFY: replacing opcode 0x62 at 0x000a
09-01 16:12:43.831  24339-24339/? D/dalvikvm﹕ DexOpt: couldn't find field Landroid/content/pm/ApplicationInfo;.splitSourceDirs
09-01 16:12:43.831  24339-24339/? I/dalvikvm﹕ DexOpt: unable to optimize instance field ref 0x003d at 0x58 in Lcom/google/android/gms/common/util/ax;.a
09-01 16:12:43.831  24339-24339/? D/dalvikvm﹕ Trying to load lib /data/app-lib/com.google.android.gms-1/libgmscore.so 0x41edca88
09-01 16:12:43.831  24339-24339/? D/dalvikvm﹕ Added shared lib /data/app-lib/com.google.android.gms-1/libgmscore.so 0x41edca88
09-01 16:12:43.831  24339-24339/? D/dalvikvm﹕ No JNI_OnLoad found in /data/app-lib/com.google.android.gms-1/libgmscore.so 0x41edca88, skipping init
09-01 16:12:43.841  24339-24339/? D/dalvikvm﹕ Trying to load lib /data/app-lib/com.google.android.gms-1/libconscrypt_gmscore_jni.so 0x41edca88
09-01 16:12:43.841  24339-24339/? D/dalvikvm﹕ Added shared lib /data/app-lib/com.google.android.gms-1/libconscrypt_gmscore_jni.so 0x41edca88
09-01 16:12:43.841  24339-24339/? V/JNIHelp﹕ Registering com/google/android/gms/org/conscrypt/NativeCrypto's 227 native methods...
09-01 16:12:43.911  24339-24339/? D/dalvikvm﹕ Trying to load lib /data/app-lib/com.google.android.gms-1/libgmscore.so 0x41edca88
09-01 16:12:43.911  24339-24339/? D/dalvikvm﹕ Shared lib '/data/app-lib/com.google.android.gms-1/libgmscore.so' already loaded in same CL 0x41edca88
09-01 16:12:43.911  24339-24339/? D/dalvikvm﹕ Trying to load lib /data/app-lib/com.google.android.gms-1/libconscrypt_gmscore_jni.so 0x41edca88
09-01 16:12:43.921  24339-24339/? D/dalvikvm﹕ Shared lib '/data/app-lib/com.google.android.gms-1/libconscrypt_gmscore_jni.so' already loaded in same CL 0x41edca88
09-01 16:12:44.011  24339-24339/? I/ProviderInstaller﹕ Installed default security provider GmsCore_OpenSSL
09-01 16:12:44.141  24339-24362/? I/dalvikvm﹕ Could not find method android.os.UserManager.getUserProfiles, referenced from method com.google.android.gms.wearable.service.n.a
09-01 16:12:44.141  24339-24362/? W/dalvikvm﹕ VFY: unable to resolve virtual method 1402: Landroid/os/UserManager;.getUserProfiles ()Ljava/util/List;
09-01 16:12:44.141  24339-24362/? D/dalvikvm﹕ VFY: replacing opcode 0x6e at 0x003f
09-01 16:12:44.161  24359-24359/? D/AndroidRuntime﹕ >>>>>> AndroidRuntime START com.android.internal.os.RuntimeInit <<<<<<
09-01 16:12:44.161  24359-24359/? D/AndroidRuntime﹕ CheckJNI is OFF
09-01 16:12:44.181  24359-24359/? D/dalvikvm﹕ Trying to load lib libjavacore.so 0x0
09-01 16:12:44.181  24359-24359/? D/dalvikvm﹕ Added shared lib libjavacore.so 0x0
09-01 16:12:44.181      481-680/? I/ActivityManager﹕ Resuming delayed broadcast
09-01 16:12:44.191      481-680/? I/ActivityManager﹕ Start proc com.quickoffice.android for broadcast com.quickoffice.android/com.qo.android.quickoffice.QOBroadcastReceiver: pid=24363 uid=10108 gids={50108, 3003, 1028, 1015}
09-01 16:12:44.231  24359-24359/? D/dalvikvm﹕ Note: class Landroid/app/ActivityManagerNative; has 179 unimplemented (abstract) methods
09-01 16:12:44.261      481-683/? I/ActivityManager﹕ Killing 17001:com.android.documentsui/u0a101 (adj 15): empty for 4900s
09-01 16:12:44.301  24339-24361/? D/dalvikvm﹕ WAIT_FOR_CONCURRENT_GC blocked 21ms
09-01 16:12:44.371  24339-24361/? D/dalvikvm﹕ WAIT_FOR_CONCURRENT_GC blocked 11ms
09-01 16:12:44.511  24359-24359/? D/AndroidRuntime﹕ Calling main entry com.android.commands.pm.Pm
09-01 16:12:44.581  24359-24359/? D/AndroidRuntime﹕ Shutting down VM
09-01 16:12:44.581  24359-24379/? D/jdwp﹕ Got wake-up signal, bailing out of select
09-01 16:12:44.581  24359-24379/? D/dalvikvm﹕ Debugger has detached; object registry had 1 entries
09-01 16:12:44.581  24359-24380/? D/dalvikvm﹕ Compiler shutdown in progress - discarding request
09-01 16:12:44.831  24363-24386/? D/com.google.android.apps.docs.quickoffice.X﹕ Loading recent documents list
09-01 16:12:44.841  24192-24213/? V/ServerRunnable59778﹕ Socket accepted.
09-01 16:12:44.871  24363-24389/? D/com.google.android.apps.docs.quickoffice.X﹕ Checking validity of 0 items
09-01 16:12:44.871      481-492/? I/ActivityManager﹕ Killing 23340:com.android.chrome:privileged_process2/u0a8 (adj 10): empty for 3044s
09-01 16:12:44.871      481-684/? W/ActivityManager﹕ No permission grants found for com.quickoffice.android
09-01 16:12:44.881  17258-17258/? W/ChildProcessConnection﹕ onServiceDisconnected (crash or killed by oom): pid=23340
09-01 16:12:44.881  17258-17258/? I/chromium﹕ [INFO:compositor_view.cc(283)] Child process disconnected (type=9) pid=23340)
09-01 16:12:44.881    481-22946/? W/ActivityManager﹕ Scheduling restart of crashed service com.android.chrome/org.chromium.content.app.PrivilegedProcessService2 in 1000ms
09-01 16:12:44.891  24363-24389/? D/ContentResolverUtil﹕ There are 0 persisted uri permissions.
09-01 16:12:44.891  24363-24389/? D/com.google.android.apps.docs.quickoffice.X﹕ 0 items were valid
09-01 16:12:44.911      481-491/? I/ActivityManager﹕ Start proc com.android.chrome:privileged_process0 for service com.android.chrome/org.chromium.content.app.PrivilegedProcessService0: pid=24391 uid=10008 gids={50008, 3003, 1028, 1015}
09-01 16:12:44.921    481-28502/? I/ActivityManager﹕ Start proc com.google.android.apps.docs for broadcast com.google.android.apps.docs/.receivers.AppPackageAddRemoveReceiver: pid=24396 uid=10102 gids={50102, 1028, 3003, 1015}
09-01 16:12:44.991  24391-24391/? I/ChildProcessService﹕ Creating new ChildProcessService pid=24391
09-01 16:12:44.991  24391-24422/? D/dalvikvm﹕ Trying to load lib /data/app-lib/com.android.chrome-2/libchromium_android_linker.so 0x41ede048
09-01 16:12:45.001  24391-24422/? D/dalvikvm﹕ Added shared lib /data/app-lib/com.android.chrome-2/libchromium_android_linker.so 0x41ede048
09-01 16:12:45.021  24391-24422/? I/LibraryLoader﹕ Loading chrome
09-01 16:12:45.101  24391-24422/? I/LibraryLoader﹕ Time to load native libraries: 82 ms (timestamps 8860-8942)
09-01 16:12:45.101  24391-24422/? I/LibraryLoader﹕ Expected native library version number "44.0.2403.133",actual native library version number "44.0.2403.133"
09-01 16:12:45.101  24391-24422/? I/chromium﹕ [INFO:library_loader_hooks.cc(120)] Chromium logging enabled: level = 0, default verbosity = 0
09-01 16:12:45.181  24391-24422/? D/libEGL﹕ loaded /system/lib/egl/libEGL_tegra.so
09-01 16:12:45.191  24391-24422/? D/libEGL﹕ loaded /system/lib/egl/libGLESv1_CM_tegra.so
09-01 16:12:45.201  24391-24422/? D/libEGL﹕ loaded /system/lib/egl/libGLESv2_tegra.so
09-01 16:12:45.211  24391-24422/? E/libEGL﹕ validate_display:254 error 3008 (EGL_BAD_DISPLAY)
09-01 16:12:45.211  24391-24422/? E/libEGL﹕ validate_display:254 error 3008 (EGL_BAD_DISPLAY)
09-01 16:12:45.251  24391-24422/? I/dalvikvm﹕ Could not find method android.media.MediaCodecList.<init>, referenced from method org.chromium.media.MediaCodecBridge.getEncoderColorFormatsForMime
09-01 16:12:45.251  24391-24422/? W/dalvikvm﹕ VFY: unable to resolve direct method 1264: Landroid/media/MediaCodecList;.<init> (I)V
09-01 16:12:45.251  24391-24422/? D/dalvikvm﹕ VFY: replacing opcode 0x70 at 0x000b
09-01 16:12:45.251  24391-24422/? I/dalvikvm﹕ Could not find method android.media.MediaCodec.getInputBuffer, referenced from method org.chromium.media.MediaCodecBridge.getInputBuffer
09-01 16:12:45.251  24391-24422/? W/dalvikvm﹕ VFY: unable to resolve virtual method 1246: Landroid/media/MediaCodec;.getInputBuffer (I)Ljava/nio/ByteBuffer;
09-01 16:12:45.251  24391-24422/? D/dalvikvm﹕ VFY: replacing opcode 0x6e at 0x0008
09-01 16:12:45.251  24391-24422/? I/dalvikvm﹕ Could not find method android.media.MediaCodec.getOutputBuffer, referenced from method org.chromium.media.MediaCodecBridge.getOutputBuffer
09-01 16:12:45.251  24391-24422/? W/dalvikvm﹕ VFY: unable to resolve virtual method 1249: Landroid/media/MediaCodec;.getOutputBuffer (I)Ljava/nio/ByteBuffer;
09-01 16:12:45.251  24391-24422/? D/dalvikvm﹕ VFY: replacing opcode 0x6e at 0x0008
09-01 16:12:45.251  24391-24422/? I/dalvikvm﹕ Could not find method android.media.MediaCodec.getInputBuffer, referenced from method org.chromium.media.MediaCodecBridge.queueInputBuffer
09-01 16:12:45.251  24391-24422/? W/dalvikvm﹕ VFY: unable to resolve virtual method 1246: Landroid/media/MediaCodec;.getInputBuffer (I)Ljava/nio/ByteBuffer;
09-01 16:12:45.251  24391-24422/? D/dalvikvm﹕ VFY: replacing opcode 0x6e at 0x000b
09-01 16:12:45.251  24391-24422/? I/dalvikvm﹕ Could not find method android.media.MediaCodec.getOutputBuffer, referenced from method org.chromium.media.MediaCodecBridge.releaseOutputBuffer
09-01 16:12:45.251  24391-24422/? W/dalvikvm﹕ VFY: unable to resolve virtual method 1249: Landroid/media/MediaCodec;.getOutputBuffer (I)Ljava/nio/ByteBuffer;
09-01 16:12:45.251  24391-24422/? D/dalvikvm﹕ VFY: replacing opcode 0x6e at 0x0008
09-01 16:12:45.251  24391-24427/? I/OMXClient﹕ Using client-side OMX mux.
09-01 16:12:45.271  24396-24396/? D/dalvikvm﹕ WAIT_FOR_CONCURRENT_GC blocked 17ms
09-01 16:12:45.281  24192-24213/? D/org.droidmate.uiad﹕ Executing device command: get_uiautomator_window_hierarchy_dump
09-01 16:12:45.351  24396-24396/? I/dalvikvm﹕ Could not find method android.app.Activity.finishAfterTransition, referenced from method android.support.v4.app.FragmentActivity.onBackPressed
09-01 16:12:45.351  24396-24396/? W/dalvikvm﹕ VFY: unable to resolve virtual method 2002: Landroid/app/Activity;.finishAfterTransition ()V
09-01 16:12:45.351  24396-24396/? D/dalvikvm﹕ VFY: replacing opcode 0x6e at 0x0016
09-01 16:12:45.391  24396-24435/? D/dalvikvm﹕ WAIT_FOR_CONCURRENT_GC blocked 5ms
09-01 16:12:45.401  24192-24213/? D/ServerRunnable59778﹕ Accepting socket from client on port 59778...
09-01 16:12:45.421  24396-24396/? I/dalvikvm﹕ Could not find method android.content.pm.PackageManager.getPackageInstaller, referenced from method flb.a
09-01 16:12:45.421  24396-24396/? W/dalvikvm﹕ VFY: unable to resolve virtual method 2543: Landroid/content/pm/PackageManager;.getPackageInstaller ()Landroid/content/pm/PackageInstaller;
09-01 16:12:45.421  24396-24396/? D/dalvikvm﹕ VFY: replacing opcode 0x6e at 0x000f
09-01 16:12:45.461  24396-24439/? D/dalvikvm﹕ WAIT_FOR_CONCURRENT_GC blocked 10ms
09-01 16:12:45.461  24396-24424/? D/dalvikvm﹕ WAIT_FOR_CONCURRENT_GC blocked 10ms
09-01 16:12:45.461  24396-24396/? D/dalvikvm﹕ WAIT_FOR_CONCURRENT_GC blocked 9ms
09-01 16:12:45.481  24396-24396/? W/AnalyticsTrackerProxyImpl﹕ Analytics setup for ID UA-21125203-2, app name Drive, version 2.3.283.31.30
09-01 16:12:45.511  24396-24440/? D/dalvikvm﹕ WAIT_FOR_CONCURRENT_GC blocked 4ms
09-01 16:12:45.511  24396-24396/? D/dalvikvm﹕ WAIT_FOR_CONCURRENT_GC blocked 8ms
09-01 16:12:45.511  24396-24424/? D/dalvikvm﹕ WAIT_FOR_CONCURRENT_GC blocked 8ms
09-01 16:12:45.511  24396-24439/? D/dalvikvm﹕ WAIT_FOR_CONCURRENT_GC blocked 9ms
09-01 16:12:45.571  24396-24396/? D/dalvikvm﹕ WAIT_FOR_CONCURRENT_GC blocked 7ms
09-01 16:12:45.621  24396-24396/? I/dalvikvm﹕ Could not find method android.provider.DocumentsContract.getTreeDocumentId, referenced from method oe.run
09-01 16:12:45.621  24396-24396/? W/dalvikvm﹕ VFY: unable to resolve static method 3581: Landroid/provider/DocumentsContract;.getTreeDocumentId (Landroid/net/Uri;)Ljava/lang/String;
09-01 16:12:45.621  24396-24396/? D/dalvikvm﹕ VFY: replacing opcode 0x71 at 0x014e
09-01 16:12:45.651    481-14247/? I/ActivityManager﹕ Delay finish: com.google.android.apps.plus/.service.PackagesMediaMonitor
09-01 16:12:45.651    481-28502/? I/ActivityManager﹕ Resuming delayed broadcast
09-01 16:12:45.651      481-683/? I/ActivityManager﹕ Delay finish: com.google.android.apps.plus/.service.PhotosAppTransitionMonitor
09-01 16:12:45.661    481-14247/? I/ActivityManager﹕ Resuming delayed broadcast
09-01 16:12:45.681     721-1935/? D/GCM﹕ GcmService start Intent { act=com.google.android.gms.INITIALIZE flg=0x10 pkg=com.google.android.gms cmp=com.google.android.gms/.gcm.GcmService } com.google.android.gms.INITIALIZE
09-01 16:12:45.691      721-721/? D/AuthorizationBluetoothService﹕ Received GmsCore event: Intent { act=com.google.android.gms.INITIALIZE flg=0x10 pkg=com.google.android.gms cmp=com.google.android.gms/.auth.be.proximity.authorization.bt.AuthorizationBluetoothService$AutoStarter }.
09-01 16:12:45.691      721-721/? E/AuthorizationBluetoothService﹕ Proximity feature is not enabled.
09-01 16:12:45.701    5359-5359/? V/GmsCoreStatsServiceLauncher﹕ Received broadcast intent Intent { act=com.google.android.gms.INITIALIZE flg=0x10 pkg=com.google.android.gms cmp=com.google.android.gms/.common.stats.GmsCoreStatsServiceLauncher }
09-01 16:12:45.731  24339-24339/? D/WearableService﹕ callingUid 10017, callindPid: 24339
09-01 16:12:45.741  24339-24339/? E/dalvikvm﹕ Could not find class 'android.telecom.TelecomManager', referenced from method com.google.android.gms.wearable.service.y.a
09-01 16:12:45.741  24339-24339/? W/dalvikvm﹕ VFY: unable to resolve check-cast 869 (Landroid/telecom/TelecomManager;) in Lcom/google/android/gms/wearable/service/y;
09-01 16:12:45.741  24339-24339/? D/dalvikvm﹕ VFY: replacing opcode 0x1f at 0x0054
09-01 16:12:45.741  24339-24339/? W/dalvikvm﹕ VFY: unable to find class referenced in signature (Landroid/telecom/TelecomManager;)
09-01 16:12:45.741   5359-24450/? D/LocationInitializer﹕ Restart initialization of location
09-01 16:12:45.741    481-28502/? I/ActivityManager﹕ Delay finish: com.google.android.gms/.init.InitializeGmsReceiver
09-01 16:12:45.751     481-3556/? I/ActivityManager﹕ Resuming delayed broadcast
09-01 16:12:45.761  24396-24445/? D/dalvikvm﹕ DexOpt: couldn't find field Landroid/content/pm/ApplicationInfo;.splitSourceDirs
09-01 16:12:45.761  24396-24445/? W/dalvikvm﹕ VFY: unable to resolve instance field 61
09-01 16:12:45.761  24396-24445/? D/dalvikvm﹕ VFY: replacing opcode 0x54 at 0x0054
09-01 16:12:45.761  24396-24445/? D/dalvikvm﹕ DexOpt: couldn't find static field Landroid/os/Build;.SUPPORTED_ABIS
09-01 16:12:45.761  24396-24445/? W/dalvikvm﹕ VFY: unable to resolve static field 156 (SUPPORTED_ABIS) in Landroid/os/Build;
09-01 16:12:45.761  24396-24445/? D/dalvikvm﹕ VFY: replacing opcode 0x62 at 0x0067
09-01 16:12:45.781  24396-24445/? D/dalvikvm﹕ DexOpt: couldn't find static field Landroid/os/Build;.SUPPORTED_ABIS
09-01 16:12:45.781  24396-24445/? W/dalvikvm﹕ VFY: unable to resolve static field 156 (SUPPORTED_ABIS) in Landroid/os/Build;
09-01 16:12:45.781  24396-24445/? D/dalvikvm﹕ VFY: replacing opcode 0x62 at 0x000a
09-01 16:12:45.781  24396-24445/? D/dalvikvm﹕ DexOpt: couldn't find field Landroid/content/pm/ApplicationInfo;.splitSourceDirs
09-01 16:12:45.781  24396-24445/? I/dalvikvm﹕ DexOpt: unable to optimize instance field ref 0x003d at 0x58 in Lcom/google/android/gms/common/util/ax;.a
09-01 16:12:45.781  24396-24445/? D/dalvikvm﹕ Trying to load lib /data/app-lib/com.google.android.gms-1/libgmscore.so 0x41f62240
09-01 16:12:45.781  24396-24445/? D/dalvikvm﹕ Added shared lib /data/app-lib/com.google.android.gms-1/libgmscore.so 0x41f62240
09-01 16:12:45.781  24396-24445/? D/dalvikvm﹕ No JNI_OnLoad found in /data/app-lib/com.google.android.gms-1/libgmscore.so 0x41f62240, skipping init
09-01 16:12:45.791  24339-24351/? I/dalvikvm﹕ Could not find method android.content.pm.PackageManager.getPackageInstaller, referenced from method com.google.android.gms.common.kf.a
09-01 16:12:45.791  24339-24351/? W/dalvikvm﹕ VFY: unable to resolve virtual method 460: Landroid/content/pm/PackageManager;.getPackageInstaller ()Landroid/content/pm/PackageInstaller;
09-01 16:12:45.791  24339-24351/? D/dalvikvm﹕ VFY: replacing opcode 0x6e at 0x000d
09-01 16:12:45.791  24396-24445/? D/dalvikvm﹕ Trying to load lib /data/app-lib/com.google.android.gms-1/libconscrypt_gmscore_jni.so 0x41f62240
09-01 16:12:45.791  24396-24445/? D/dalvikvm﹕ Added shared lib /data/app-lib/com.google.android.gms-1/libconscrypt_gmscore_jni.so 0x41f62240
09-01 16:12:45.791  24396-24445/? V/JNIHelp﹕ Registering com/google/android/gms/org/conscrypt/NativeCrypto's 227 native methods...
09-01 16:12:45.801  24339-24351/? I/dalvikvm﹕ Could not find method android.app.Notification$Builder.setLocalOnly, referenced from method com.google.android.gms.common.kf.b
09-01 16:12:45.801  24339-24351/? W/dalvikvm﹕ VFY: unable to resolve virtual method 166: Landroid/app/Notification$Builder;.setLocalOnly (Z)Landroid/app/Notification$Builder;
09-01 16:12:45.801  24339-24351/? D/dalvikvm﹕ VFY: replacing opcode 0x6e at 0x0201
09-01 16:12:45.821     758-1208/? E/MDM﹕ [65] b.run: Couldn't connect to Google API client: ConnectionResult{statusCode=API_UNAVAILABLE, resolution=null}
09-01 16:12:45.841  24396-24445/? D/dalvikvm﹕ WAIT_FOR_CONCURRENT_GC blocked 9ms
09-01 16:12:45.861  24396-24445/? D/dalvikvm﹕ Trying to load lib /data/app-lib/com.google.android.gms-1/libgmscore.so 0x41f62240
09-01 16:12:45.861  24396-24445/? D/dalvikvm﹕ Shared lib '/data/app-lib/com.google.android.gms-1/libgmscore.so' already loaded in same CL 0x41f62240
09-01 16:12:45.861  24396-24445/? D/dalvikvm﹕ Trying to load lib /data/app-lib/com.google.android.gms-1/libconscrypt_gmscore_jni.so 0x41f62240
09-01 16:12:45.861  24396-24445/? D/dalvikvm﹕ Shared lib '/data/app-lib/com.google.android.gms-1/libconscrypt_gmscore_jni.so' already loaded in same CL 0x41f62240
09-01 16:12:45.941  24396-24445/? I/ProviderInstaller﹕ Installed default security provider GmsCore_OpenSSL
09-01 16:12:45.991  24448-24448/? D/AndroidRuntime﹕ >>>>>> AndroidRuntime START com.android.internal.os.RuntimeInit <<<<<<
09-01 16:12:46.001  24448-24448/? D/AndroidRuntime﹕ CheckJNI is OFF
09-01 16:12:46.011  24448-24448/? D/dalvikvm﹕ Trying to load lib libjavacore.so 0x0
09-01 16:12:46.011  24448-24448/? D/dalvikvm﹕ Added shared lib libjavacore.so 0x0
09-01 16:12:46.051  24448-24448/? D/dalvikvm﹕ Note: class Landroid/app/ActivityManagerNative; has 179 unimplemented (abstract) methods
09-01 16:12:46.261  24448-24448/? D/AndroidRuntime﹕ Calling main entry com.android.commands.pm.Pm
09-01 16:12:46.271      128-128/? D/keystore﹕ calling clear_uid in state: 2
09-01 16:12:46.271      481-680/? I/ActivityManager﹕ Force stopping com.picsart.studio appid=10348 user=0: clear data
09-01 16:12:46.291      481-497/? I/ActivityManager﹕ Start proc com.android.documentsui for broadcast com.android.documentsui/.PackageReceiver: pid=24465 uid=10101 gids={50101}
09-01 16:12:46.311  24448-24448/? D/AndroidRuntime﹕ Shutting down VM
09-01 16:12:46.311  24448-24458/? D/jdwp﹕ Got wake-up signal, bailing out of select
09-01 16:12:46.311  24448-24458/? D/dalvikvm﹕ Debugger has detached; object registry had 1 entries
09-01 16:12:46.311  24448-24459/? D/dalvikvm﹕ Compiler shutdown in progress - discarding request
09-01 16:12:46.351  24465-24478/? D/Documents﹕ Loading roots for com.android.providers.downloads.documents
09-01 16:12:46.361   5359-24479/? D/PackageBroadcastService﹕ Received broadcast action=android.intent.action.PACKAGE_DATA_CLEARED and uri=com.picsart.studio
09-01 16:12:46.361   5359-24479/? D/AccountUtils﹕ Clearing selected account for com.picsart.studio
09-01 16:12:46.371   5359-24479/? I/LocationSettingsChecker﹕ Removing dialog suppression flag for package com.picsart.studio
09-01 16:12:46.391  24465-24478/? D/Documents﹕ Loading roots for com.android.externalstorage.documents
09-01 16:12:46.401     481-3560/? I/ActivityManager﹕ Start proc com.android.externalstorage for content provider com.android.externalstorage/.ExternalStorageProvider: pid=24482 uid=10063 gids={50063, 1028, 1015, 1023}
09-01 16:12:46.461  24482-24482/? D/ExternalStorage﹕ After updating volumes, found 1 active roots
09-01 16:12:46.461  24465-24465/? D/Documents﹕ Updating roots due to change at content://com.android.externalstorage.documents/root
09-01 16:12:46.471  24465-24478/? D/Documents﹕ Loading roots for com.android.providers.media.documents
09-01 16:12:46.501  24465-24478/? D/Documents﹕ Loading roots for com.google.android.apps.docs.storage
09-01 16:12:46.541  24192-24213/? V/ServerRunnable59778﹕ Socket accepted.
09-01 16:12:46.551  24465-24478/? D/Documents﹕ Update found 7 roots in 203ms
09-01 16:12:46.551  24465-24495/? D/Documents﹕ Used cached roots for com.android.providers.downloads.documents
09-01 16:12:46.551  24465-24495/? D/Documents﹕ Loading roots for com.android.externalstorage.documents
09-01 16:12:46.551  24192-24213/? D/org.droidmate.uiad﹕ Executing device command: perform_action
09-01 16:12:46.551  24192-24213/? V/org.droidmate.uiad﹕ Performing GUI action
09-01 16:12:46.551  24192-24213/? D/org.droidmate.uiad﹕ Checking wifi state.
09-01 16:12:46.561  24465-24495/? D/Documents﹕ Used cached roots for com.android.providers.media.documents
09-01 16:12:46.561  24465-24495/? D/Documents﹕ Used cached roots for com.google.android.apps.docs.storage
09-01 16:12:46.561  24465-24495/? D/Documents﹕ Update found 7 roots in 15ms
09-01 16:12:47.091  24192-24213/? I/QueryController﹕ Matched selector: UiSelector[CONTAINS_TEXT=Settings] <<==>> [android.view.accessibility.AccessibilityNodeInfo@ea2a; boundsInParent: Rect(524247, 0 - 524340, 93); boundsInScreen: Rect(468, 1103 - 543, 1178); packageName: com.android.launcher; className: android.widget.TextView; text: Settings; contentDescription: null; viewIdResName: null; checkable: false; checked: false; focusable: true; focused: false; selected: false; clickable: true; longClickable: true; enabled: true; password: false; scrollable: false; [ACTION_FOCUS, ACTION_SELECT, ACTION_CLEAR_SELECTION, ACTION_CLICK, ACTION_LONG_CLICK, ACTION_ACCESSIBILITY_FOCUS, ACTION_NEXT_AT_MOVEMENT_GRANULARITY, ACTION_PREVIOUS_AT_MOVEMENT_GRANULARITY, ACTION_SET_SELECTION]]
09-01 16:12:47.101  24192-24213/? D/InteractionController﹕ clickAndSync(505, 1140)
09-01 16:12:47.221     481-1336/? I/ActivityManager﹕ START u0 {act=android.intent.action.MAIN cat=[android.intent.category.LAUNCHER] flg=0x10200000 cmp=com.android.settings/.Settings bnds=[468,1103][561,1196]} from pid 808
09-01 16:12:47.421  15018-15018/? W/IInputConnectionWrapper﹕ showStatusIcon on inactive InputConnection
09-01 16:12:47.421  24192-24213/? V/org.droidmate.uiad﹕ Waiting for GUI to stabilize...
09-01 16:12:47.951  24192-24213/? V/org.droidmate.uiad﹕ waitForGuiToStabilize: initial waitForIdle took 522ms
09-01 16:12:49.151  24192-24213/? V/org.droidmate.uiad﹕ waitForGuiToStabilize: iteration 1 waitForWindowUpdate took 1201ms
09-01 16:12:49.151  24192-24213/? V/org.droidmate.uiad﹕ waitForGuiToStabilize: iteration 1 waitForIdle took 0ms
09-01 16:12:49.151  24192-24213/? V/org.droidmate.uiad﹕ GUI stabilized after 1 iterations / 1724ms
09-01 16:12:49.201  24192-24213/? I/QueryController﹕ Matched selector: UiSelector[RESOURCE_ID=com.android.settings:id/switchWidget] <<==>> [android.view.accessibility.AccessibilityNodeInfo@8895; boundsInParent: Rect(0, 0 - 162, 51); boundsInScreen: Rect(593, 158 - 755, 209); packageName: com.android.settings; className: android.widget.Switch; text: ON; contentDescription: null; viewIdResName: com.android.settings:id/switchWidget; checkable: true; checked: true; focusable: false; focused: false; selected: false; clickable: true; longClickable: false; enabled: true; password: false; scrollable: false; [ACTION_SELECT, ACTION_CLEAR_SELECTION, ACTION_CLICK, ACTION_ACCESSIBILITY_FOCUS]]
09-01 16:12:49.201  24192-24213/? D/UiObject﹕ getText() = ON
09-01 16:12:49.211      481-567/? I/ActivityManager﹕ START u0 {act=android.intent.action.MAIN cat=[android.intent.category.HOME] flg=0x10200000 cmp=com.android.launcher/com.android.launcher2.Launcher} from pid 481
09-01 16:12:50.211  24192-24213/? W/InteractionController﹕ runAndwaitForEvent timedout waiting for events
09-01 16:12:50.211  24192-24213/? V/org.droidmate.uiad﹕ Waiting for GUI to stabilize...
09-01 16:12:50.211  24192-24213/? V/org.droidmate.uiad﹕ waitForGuiToStabilize: initial waitForIdle took 0ms
09-01 16:12:51.411  24192-24213/? V/org.droidmate.uiad﹕ waitForGuiToStabilize: iteration 1 waitForWindowUpdate took 1200ms
09-01 16:12:51.411  24192-24213/? V/org.droidmate.uiad﹕ waitForGuiToStabilize: iteration 1 waitForIdle took 0ms
09-01 16:12:51.411  24192-24213/? V/org.droidmate.uiad﹕ GUI stabilized after 1 iterations / 1201ms
09-01 16:12:51.421  24192-24213/? D/ServerRunnable59778﹕ Accepting socket from client on port 59778...
09-01 16:12:51.931  24513-24513/? D/AndroidRuntime﹕ >>>>>> AndroidRuntime START com.android.internal.os.RuntimeInit <<<<<<
09-01 16:12:51.931  24513-24513/? D/AndroidRuntime﹕ CheckJNI is OFF
09-01 16:12:51.941  24513-24513/? D/dalvikvm﹕ Trying to load lib libjavacore.so 0x0
09-01 16:12:51.941  24513-24513/? D/dalvikvm﹕ Added shared lib libjavacore.so 0x0
09-01 16:12:51.981  24513-24513/? D/dalvikvm﹕ Note: class Landroid/app/ActivityManagerNative; has 179 unimplemented (abstract) methods
09-01 16:12:52.201  24513-24513/? D/AndroidRuntime﹕ Calling main entry com.android.commands.am.Am
09-01 16:12:52.211     481-1336/? I/ActivityManager﹕ Force stopping com.picsart.studio appid=10348 user=0: from pid 24513
09-01 16:12:52.471      481-685/? I/ActivityManager﹕ START u0 {act=android.intent.action.MAIN cat=[android.intent.category.LAUNCHER] flg=0x10000000 cmp=com.picsart.studio/com.socialin.android.photo.picsinphoto.MainPagerActivity} from pid 24513
09-01 16:12:52.501    481-11055/? I/ActivityManager﹕ Start proc com.picsart.studio:SocialProcess for activity com.picsart.studio/com.socialin.android.photo.picsinphoto.MainPagerActivity: pid=24524 uid=10348 gids={50348, 3003, 1028, 1015}
09-01 16:12:52.621  24524-24524/? I/System.out﹕ Extracting lib/armeabi/libinstrumentation.so to /data/data/com.picsart.studio/files/appguard_monitor_libs/libinstrumentation.so
09-01 16:12:52.621  24524-24524/? I/System.out﹕ Extracting lib/armeabi-v7a/libinstrumentation.so to /data/data/com.picsart.studio/files/appguard_monitor_libs/libinstrumentation.so
09-01 16:12:52.641  24524-24524/? D/dalvikvm﹕ DexOpt: --- BEGIN 'monitor.apk' (bootstrap=0) ---
09-01 16:12:52.861  24536-24536/? D/dalvikvm﹕ DexOpt: load 15ms, verify+opt 150ms, 507116 bytes
09-01 16:12:53.091  24524-24524/? D/dalvikvm﹕ DexOpt: --- END 'monitor.apk' (success) ---
09-01 16:12:53.091  24524-24524/? D/dalvikvm﹕ DEX prep '/data/local/tmp/monitor.apk': unzip in 6ms, rewrite 448ms
09-01 16:12:53.121  24524-24524/? D/Monitor_server﹕ Starting monitor TCP server...
09-01 16:12:53.121  24524-24542/? D/MonitorServerRunnable59776﹕ Started MonitorServerRunnable.
09-01 16:12:53.121  24524-24542/? D/MonitorServerRunnable59776﹕ Creating server socket bound to port 59776...
09-01 16:12:53.131  24524-24524/? D/Monitor_server﹕ Starting monitor TCP server succeeded.
09-01 16:12:53.131  24524-24524/? I/Monitor_init﹕ Monitor constructed successfully.
09-01 16:12:53.131  24524-24524/? D/dalvikvm﹕ Trying to load lib /data/data/com.picsart.studio/files/appguard_monitor_libs/libinstrumentation.so 0x41ee9270
09-01 16:12:53.131  24524-24542/? D/MonitorServerRunnable59776﹕ Accepting socket from client on port 59776...
09-01 16:12:53.141  24524-24524/? D/dalvikvm﹕ Added shared lib /data/data/com.picsart.studio/files/appguard_monitor_libs/libinstrumentation.so 0x41ee9270
09-01 16:12:53.141  24524-24524/? D/dalvikvm﹕ No JNI_OnLoad found in /data/data/com.picsart.studio/files/appguard_monitor_libs/libinstrumentation.so 0x41ee9270, skipping init
09-01 16:12:53.171  24524-24524/? I/Instrumentation﹕ Redirected android.accounts.AccountManager->addAccount
09-01 16:12:53.181  24524-24524/? I/Instrumentation﹕ Redirected android.accounts.AccountManager->addAccountExplicitly
09-01 16:12:53.191  24524-24524/? I/Instrumentation﹕ Redirected android.accounts.AccountManager->addOnAccountsUpdatedListener
09-01 16:12:53.191  24524-24524/? I/Instrumentation﹕ Redirected android.accounts.AccountManager->blockingGetAuthToken
09-01 16:12:53.201  24524-24524/? I/Instrumentation﹕ Redirected android.accounts.AccountManager->clearPassword
09-01 16:12:53.201  24524-24524/? I/Instrumentation﹕ Redirected android.accounts.AccountManager->confirmCredentials
09-01 16:12:53.211  24524-24524/? I/Instrumentation﹕ Redirected android.accounts.AccountManager->editProperties
09-01 16:12:53.211  24524-24524/? I/Instrumentation﹕ Redirected android.accounts.AccountManager->getAccounts
09-01 16:12:53.221  24524-24524/? I/Instrumentation﹕ Redirected android.accounts.AccountManager->getAccountsByType
09-01 16:12:53.221  24524-24524/? I/Instrumentation﹕ Redirected android.accounts.AccountManager->getAccountsByTypeAndFeatures
09-01 16:12:53.231  24524-24524/? I/Instrumentation﹕ Redirected android.accounts.AccountManager->getAuthToken
09-01 16:12:53.241  24524-24524/? I/Instrumentation﹕ Redirected android.accounts.AccountManager->getAuthToken
09-01 16:12:53.251  24524-24524/? I/Instrumentation﹕ Redirected android.accounts.AccountManager->getAuthToken
09-01 16:12:53.261  24524-24524/? I/Instrumentation﹕ Redirected android.accounts.AccountManager->getAuthTokenByFeatures
09-01 16:12:53.261  24524-24524/? I/Instrumentation﹕ Redirected android.accounts.AccountManager->getAuthTokenLabel
09-01 16:12:53.271  24524-24524/? I/Instrumentation﹕ Redirected android.accounts.AccountManager->getPassword
09-01 16:12:53.271  24524-24524/? I/Instrumentation﹕ Redirected android.accounts.AccountManager->getUserData
09-01 16:12:53.281  24524-24524/? I/Instrumentation﹕ Redirected android.accounts.AccountManager->hasFeatures
09-01 16:12:53.281  24524-24524/? I/Instrumentation﹕ Redirected android.accounts.AccountManager->invalidateAuthToken
09-01 16:12:53.291  24524-24524/? I/Instrumentation﹕ Redirected android.accounts.AccountManager->peekAuthToken
09-01 16:12:53.291  24524-24524/? I/Instrumentation﹕ Redirected android.accounts.AccountManager->removeAccount
09-01 16:12:53.301  24524-24524/? I/Instrumentation﹕ Redirected android.accounts.AccountManager->setAuthToken
09-01 16:12:53.301  24524-24524/? I/Instrumentation﹕ Redirected android.accounts.AccountManager->setPassword
09-01 16:12:53.311  24524-24524/? I/Instrumentation﹕ Redirected android.accounts.AccountManager->setUserData
09-01 16:12:53.321  24524-24524/? I/Instrumentation﹕ Redirected android.accounts.AccountManager->updateCredentials
09-01 16:12:53.331  24524-24524/? I/Instrumentation﹕ Redirected android.app.ActivityManager->getRecentTasks
09-01 16:12:53.331  24524-24524/? I/Instrumentation﹕ Redirected android.app.ActivityManager->getRunningTasks
09-01 16:12:53.341  24524-24524/? I/Instrumentation﹕ Redirected android.app.ActivityManager->killBackgroundProcesses
09-01 16:12:53.341  24524-24524/? I/Instrumentation﹕ Redirected android.app.ActivityManager->moveTaskToFront
09-01 16:12:53.351  24524-24524/? I/Instrumentation﹕ Redirected android.app.ActivityManager->moveTaskToFront
09-01 16:12:53.351  24524-24524/? I/Instrumentation﹕ Redirected android.app.ActivityManager->restartPackage
09-01 16:12:53.361  24524-24524/? I/Instrumentation﹕ Redirected android.app.Activity->startActivities
09-01 16:12:53.371  24524-24524/? I/Instrumentation﹕ Redirected android.app.Activity->startActivityForResult
09-01 16:12:53.381  24524-24524/? I/Instrumentation﹕ Redirected android.app.Activity->startActivityFromChild
09-01 16:12:53.391  24524-24524/? I/Instrumentation﹕ Redirected android.app.Activity->startActivityFromFragment
09-01 16:12:53.401  24524-24524/? I/Instrumentation﹕ Redirected android.app.Activity->startActivityIfNeeded
09-01 16:12:53.411  24524-24524/? I/Instrumentation﹕ Redirected android.app.Activity->startIntentSenderForResultInner
09-01 16:12:53.411  24524-24524/? I/Instrumentation﹕ Redirected android.app.AlarmManager->setTimeZone
09-01 16:12:53.421  24524-24524/? I/Instrumentation﹕ Redirected android.app.ContextImpl->startActivities
09-01 16:12:53.431  24524-24524/? I/Instrumentation﹕ Redirected android.app.ContextImpl->startActivitiesAsUser
09-01 16:12:53.431  24524-24524/? I/Instrumentation﹕ Redirected android.app.ContextImpl->startActivity
09-01 16:12:53.441  24524-24524/? I/Instrumentation﹕ Redirected android.app.ContextImpl->startActivityAsUser
09-01 16:12:53.451  24524-24524/? I/Instrumentation﹕ Redirected android.app.ContextImpl->startIntentSender
09-01 16:12:53.461  24524-24524/? I/Instrumentation﹕ Redirected android.app.DownloadManager->addCompletedDownload
09-01 16:12:53.471  24524-24524/? I/Instrumentation﹕ Redirected android.app.DownloadManager->enqueue
09-01 16:12:53.471  24524-24524/? I/Instrumentation﹕ Redirected android.app.DownloadManager->getUriForDownloadedFile
09-01 16:12:53.481  24524-24524/? I/Instrumentation﹕ Redirected android.app.KeyguardManager.KeyguardLock->disableKeyguard
09-01 16:12:53.481  24524-24524/? I/Instrumentation﹕ Redirected android.app.KeyguardManager.KeyguardLock->reenableKeyguard
09-01 16:12:53.481  24524-24524/? I/Instrumentation﹕ Redirected android.app.KeyguardManager->exitKeyguardSecurely
09-01 16:12:53.491  24524-24524/? I/Instrumentation﹕ Redirected android.app.NotificationManager->notify
09-01 16:12:53.491  24524-24524/? I/Instrumentation﹕ Redirected android.app.WallpaperManager->clear
09-01 16:12:53.501  24524-24524/? I/Instrumentation﹕ Redirected android.app.WallpaperManager->setBitmap
09-01 16:12:53.501  24524-24524/? I/Instrumentation﹕ Redirected android.app.WallpaperManager->setResource
09-01 16:12:53.501  24524-24524/? I/Instrumentation﹕ Redirected android.app.WallpaperManager->setStream
09-01 16:12:53.511  24524-24524/? I/Instrumentation﹕ Redirected android.app.WallpaperManager->suggestDesiredDimensions
09-01 16:12:53.521  24524-24524/? I/Instrumentation﹕ Redirected android.bluetooth.BluetoothA2dp->connect
09-01 16:12:53.521  24524-24524/? I/Instrumentation﹕ Redirected android.bluetooth.BluetoothA2dp->disconnect
09-01 16:12:53.531  24524-24524/? I/Instrumentation﹕ Redirected android.bluetooth.BluetoothA2dp->getConnectedDevices
09-01 16:12:53.541  24524-24524/? I/Instrumentation﹕ Redirected android.bluetooth.BluetoothA2dp->getConnectionState
09-01 16:12:53.541  24524-24524/? I/Instrumentation﹕ Redirected android.bluetooth.BluetoothA2dp->getDevicesMatchingConnectionStates
09-01 16:12:53.541  24524-24524/? I/Instrumentation﹕ Redirected android.bluetooth.BluetoothA2dp->getPriority
09-01 16:12:53.551  24524-24524/? I/Instrumentation﹕ Redirected android.bluetooth.BluetoothA2dp->isA2dpPlaying
09-01 16:12:53.551  24524-24524/? I/Instrumentation﹕ Redirected android.bluetooth.BluetoothA2dp->isEnabled
09-01 16:12:53.561  24524-24524/? I/Instrumentation﹕ Redirected android.bluetooth.BluetoothA2dp->setPriority
09-01 16:12:53.571  24524-24524/? I/Instrumentation﹕ Redirected android.bluetooth.BluetoothAdapter->cancelDiscovery
09-01 16:12:53.571  24524-24524/? I/Instrumentation﹕ Redirected android.bluetooth.BluetoothAdapter->disable
09-01 16:12:53.581  24524-24524/? I/Instrumentation﹕ Redirected android.bluetooth.BluetoothAdapter->enable
09-01 16:12:53.581  24524-24524/? I/Instrumentation﹕ Redirected android.bluetooth.BluetoothAdapter->getAddress
09-01 16:12:53.581  24524-24524/? I/Instrumentation﹕ Redirected android.bluetooth.BluetoothAdapter->getBondedDevices
09-01 16:12:53.591  24524-24524/? I/Instrumentation﹕ Redirected android.bluetooth.BluetoothAdapter->getConnectionState
09-01 16:12:53.591  24524-24524/? I/Instrumentation﹕ Redirected android.bluetooth.BluetoothAdapter->getName
09-01 16:12:53.601  24524-24524/? I/Instrumentation﹕ Redirected android.bluetooth.BluetoothAdapter->getProfileConnectionState
09-01 16:12:53.611  24524-24524/? I/Instrumentation﹕ Redirected android.bluetooth.BluetoothAdapter->getScanMode
09-01 16:12:53.621  24524-24524/? I/Instrumentation﹕ Redirected android.bluetooth.BluetoothAdapter->getState
09-01 16:12:53.621  24524-24524/? I/Instrumentation﹕ Redirected android.bluetooth.BluetoothAdapter->getUuids
09-01 16:12:53.631  24524-24524/? I/Instrumentation﹕ Redirected android.bluetooth.BluetoothAdapter->isDiscovering
09-01 16:12:53.631  24524-24524/? I/Instrumentation﹕ Redirected android.bluetooth.BluetoothAdapter->isEnabled
09-01 16:12:53.651  24524-24524/? I/Instrumentation﹕ Redirected android.bluetooth.BluetoothAdapter->setName
09-01 16:12:53.651  24524-24524/? I/Instrumentation﹕ Redirected android.bluetooth.BluetoothAdapter->startDiscovery
09-01 16:12:53.671  24524-24524/? I/Instrumentation﹕ Redirected android.bluetooth.BluetoothDevice->fetchUuidsWithSdp
09-01 16:12:53.671  24524-24524/? I/Instrumentation﹕ Redirected android.bluetooth.BluetoothDevice->getBluetoothClass
09-01 16:12:53.681  24524-24524/? I/Instrumentation﹕ Redirected android.bluetooth.BluetoothDevice->getBondState
09-01 16:12:53.681  24524-24524/? I/Instrumentation﹕ Redirected android.bluetooth.BluetoothDevice->getName
09-01 16:12:53.691  24524-24524/? I/Instrumentation﹕ Redirected android.bluetooth.BluetoothDevice->getUuids
09-01 16:12:53.691   5359-24353/? V/ConfigFetchTask﹕ ConfigFetchTask getDeviceDataVersionInfo(): ABFEt1UAdJAzEUF7oi471wqOJWAwroPacvOxV3TnvMIWLsWN9H7mKp1Ef7HDABzlbHs0lwL94hqMlbAjLGXZ_db-naICMNgKl_DsxxnD1_wvMN2qedpMb8aAwxK2RDKNHU1ZjB92LwIfdkl6U36-q-SWEp7Zwuo_MWlwX0NSztfXK4c3TnVQQ5XAGTOHzgXomSDqbB_jwrh3L82Q67fCplUZPvlO19kKZdkqJFR1f3IL5lOpDzS1sjX4OnVDJMeSm-fmRIyZ2XIgrKTlOnSAKHWPA_inbhbOVBZ3-T0zylo2FZ8AyUqM4eI
