06-02 20:39:57.903 32239-32239/? I/Monitor_API_method_call: TId: 1 objCls: android.app.Activity mthd: onResume retCls: void params:  stacktrace: dalvik.system.VMStack.getThreadStackTrace(Native Method)->java.lang.Thread.getStackTrace(Thread.java:580)->org.droidmate.monitor_generator.generated.Monitor.getStackTrace(Monitor.java:446)->org.droidmate.monitor_generator.generated.Monitor.redir_android_app_Activity_onResume0(Monitor.java:718)->com.babbel.mobile.android.en.BabbelLoginActivity.onResume(BabbelLoginActivity.java:496)->android.app.Instrumentation.callActivityOnResume(Instrumentation.java:1258)->android.app.Activity.performResume(Activity.java:6327)->android.app.ActivityThread.performResumeActivity(ActivityThread.java:3092)->android.app.ActivityThread.handleResumeActivity(ActivityThread.java:3134)->android.app.ActivityThread.handleLaunchActivity(ActivityThread.java:2481)->android.app.ActivityThread.-wrap11(ActivityThread.java)->android.app.ActivityThread$H.handleMessage(ActivityThread.java:1344)->android.os.Handler.dispatchMessage(Handler.java:102)->android.os.Looper.loop(Looper.java:148)->android.app.ActivityThread.main(ActivityThread.java:5417)->java.lang.reflect.Method.invoke(Native Method)->com.android.internal.os.ZygoteInit$MethodAndArgsCaller.run(ZygoteInit.java:726)->com.android.internal.os.ZygoteInit.main(ZygoteInit.java:616)
06-02 20:39:58.114 603-621/? I/ActivityManager: Displayed com.babbel.mobile.android.en/.BabbelLoginActivity: +402ms
06-02 20:40:00.132 16093-16109/org.droidmate.uiautomator2daemon.UiAutomator2Daemon D/droidmate/uiad: GUI stabilized after 2 iterations / 2447ms
06-02 20:40:00.134 16093-16109/org.droidmate.uiautomator2daemon.UiAutomator2Daemon D/droidmate/server: serverSocket.accept(59800)
06-02 20:40:00.158 16093-16109/org.droidmate.uiautomator2daemon.UiAutomator2Daemon D/droidmate/uiad: Getting window hierarchy dump
06-02 20:40:00.159 16093-16109/org.droidmate.uiautomator2daemon.UiAutomator2Daemon D/droidmate/uiad: Dump data directory: /data/user/0/org.droidmate.uiautomator2daemon.UiAutomator2Daemon/files
06-02 20:40:00.159 16093-16109/org.droidmate.uiautomator2daemon.UiAutomator2Daemon D/droidmate/uiad: Dump data file: /data/user/0/org.droidmate.uiautomator2daemon.UiAutomator2Daemon/files/window_hierarchy_dump.xml
06-02 20:40:00.159 16093-16109/org.droidmate.uiautomator2daemon.UiAutomator2Daemon D/droidmate/uiad: Trying to create dump file '/data/user/0/org.droidmate.uiautomator2daemon.UiAutomator2Daemon/files/window_hierarchy_dump.xml'
06-02 20:40:00.160 16093-16109/org.droidmate.uiautomator2daemon.UiAutomator2Daemon D/droidmate/uiad: Executing dump
06-02 20:40:00.184 16093-16109/org.droidmate.uiautomator2daemon.UiAutomator2Daemon D/droidmate/uiad: Dump executed
06-02 20:40:00.191 16093-16109/org.droidmate.uiautomator2daemon.UiAutomator2Daemon D/droidmate/server: serverSocket.accept(59800)
06-02 20:40:00.222 16093-16109/org.droidmate.uiautomator2daemon.UiAutomator2Daemon D/droidmate/uiad: Clicking on (x,y) coordinates of (960,1057)
06-02 20:40:00.334 192-637/? D/audio_hw_primary: out_set_parameters: enter: usecase(1: low-latency-playback) kvpairs: routing=2
06-02 20:40:00.351 32239-32239/? I/Monitor_API_method_call: TId: 1 objCls: android.app.Activity mthd: startActivityForResult retCls: void params: android.content.Intent intent:#Intent;component=com.babbel.mobile.android.en/.BabbelRegisterActivity;end int 14 stacktrace: dalvik.system.VMStack.getThreadStackTrace(Native Method)->java.lang.Thread.getStackTrace(Thread.java:580)->org.droidmate.monitor_generator.generated.Monitor.getStackTrace(Monitor.java:446)->org.droidmate.monitor_generator.generated.Monitor.redir_android_app_Activity_startActivityForResult2(Monitor.java:728)->com.babbel.mobile.android.en.BabbelAppStartPage.onActivityResult(BabbelAppStartPage.java:332)->android.app.Activity.dispatchActivityResult(Activity.java:6456)->android.app.ActivityThread.deliverResults(ActivityThread.java:3695)->android.app.ActivityThread.handleSendResult(ActivityThread.java:3742)->android.app.ActivityThread.-wrap16(ActivityThread.java)->android.app.ActivityThread$H.handleMessage(ActivityThread.java:1393)->android.os.Handler.dispatchMessage(Handler.java:102)->android.os.Looper.loop(Looper.java:148)->android.app.ActivityThread.main(ActivityThread.java:5417)->java.lang.reflect.Method.invoke(Native Method)->com.android.internal.os.ZygoteInit$MethodAndArgsCaller.run(ZygoteInit.java:726)->com.android.internal.os.ZygoteInit.main(ZygoteInit.java:616)
06-02 20:40:00.354 603-1344/? I/ActivityManager: START u0 {cmp=com.babbel.mobile.android.en/.BabbelRegisterActivity} from uid 10128 on display 0
06-02 20:40:00.365 32239-32239/? I/Monitor_API_method_call: TId: 1 objCls: android.app.Activity mthd: onResume retCls: void params:  stacktrace: dalvik.system.VMStack.getThreadStackTrace(Native Method)->java.lang.Thread.getStackTrace(Thread.java:580)->org.droidmate.monitor_generator.generated.Monitor.getStackTrace(Monitor.java:446)->org.droidmate.monitor_generator.generated.Monitor.redir_android_app_Activity_onResume0(Monitor.java:718)->com.babbel.mobile.android.en.BabbelAppStartPage.onResume(BabbelAppStartPage.java:351)->android.app.Instrumentation.callActivityOnResume(Instrumentation.java:1258)->android.app.Activity.performResume(Activity.java:6327)->android.app.ActivityThread.performResumeActivity(ActivityThread.java:3092)->android.app.ActivityThread.handleResumeActivity(ActivityThread.java:3134)->android.app.ActivityThread$H.handleMessage(ActivityThread.java:1388)->android.os.Handler.dispatchMessage(Handler.java:102)->android.os.Looper.loop(Looper.java:148)->android.app.ActivityThread.main(ActivityThread.java:5417)->java.lang.reflect.Method.invoke(Native Method)->com.android.internal.os.ZygoteInit$MethodAndArgsCaller.run(ZygoteInit.java:726)->com.android.internal.os.ZygoteInit.main(ZygoteInit.java:616)
06-02 20:40:00.494 32239-32239/? I/Monitor_API_method_call: TId: 1 objCls: android.app.Activity mthd: onResume retCls: void params:  stacktrace: dalvik.system.VMStack.getThreadStackTrace(Native Method)->java.lang.Thread.getStackTrace(Thread.java:580)->org.droidmate.monitor_generator.generated.Monitor.getStackTrace(Monitor.java:446)->org.droidmate.monitor_generator.generated.Monitor.redir_android_app_Activity_onResume0(Monitor.java:718)->android.support.v4.app.FragmentActivity.onResume(FragmentActivity.java:443)->com.babbel.mobile.android.en.BabbelRegisterActivity.onResume(BabbelRegisterActivity.java:524)->android.app.Instrumentation.callActivityOnResume(Instrumentation.java:1258)->android.app.Activity.performResume(Activity.java:6327)->android.app.ActivityThread.performResumeActivity(ActivityThread.java:3092)->android.app.ActivityThread.handleResumeActivity(ActivityThread.java:3134)->android.app.ActivityThread.handleLaunchActivity(ActivityThread.java:2481)->android.app.ActivityThread.-wrap11(ActivityThread.java)->android.app.ActivityThread$H.handleMessage(ActivityThread.java:1344)->android.os.Handler.dispatchMessage(Handler.java:102)->android.os.Looper.loop(Looper.java:148)->android.app.ActivityThread.main(ActivityThread.java:5417)->java.lang.reflect.Method.invoke(Native Method)->com.android.internal.os.ZygoteInit$MethodAndArgsCaller.run(ZygoteInit.java:726)->com.android.internal.os.ZygoteInit.main(ZygoteInit.java:616)
06-02 20:40:00.637 603-621/? I/ActivityManager: Displayed com.babbel.mobile.android.en/.BabbelRegisterActivity: +202ms
06-02 20:40:02.652 16093-16109/org.droidmate.uiautomator2daemon.UiAutomator2Daemon D/droidmate/uiad: GUI stabilized after 2 iterations / 2320ms
06-02 20:40:02.654 16093-16109/org.droidmate.uiautomator2daemon.UiAutomator2Daemon D/droidmate/server: serverSocket.accept(59800)
06-02 20:40:02.680 16093-16109/org.droidmate.uiautomator2daemon.UiAutomator2Daemon D/droidmate/uiad: Getting window hierarchy dump
06-02 20:40:02.681 16093-16109/org.droidmate.uiautomator2daemon.UiAutomator2Daemon D/droidmate/uiad: Dump data directory: /data/user/0/org.droidmate.uiautomator2daemon.UiAutomator2Daemon/files
06-02 20:40:02.681 16093-16109/org.droidmate.uiautomator2daemon.UiAutomator2Daemon D/droidmate/uiad: Dump data file: /data/user/0/org.droidmate.uiautomator2daemon.UiAutomator2Daemon/files/window_hierarchy_dump.xml
06-02 20:40:02.681 16093-16109/org.droidmate.uiautomator2daemon.UiAutomator2Daemon D/droidmate/uiad: Trying to create dump file '/data/user/0/org.droidmate.uiautomator2daemon.UiAutomator2Daemon/files/window_hierarchy_dump.xml'
06-02 20:40:02.681 16093-16109/org.droidmate.uiautomator2daemon.UiAutomator2Daemon D/droidmate/uiad: Executing dump
06-02 20:40:02.706 16093-16109/org.droidmate.uiautomator2daemon.UiAutomator2Daemon D/droidmate/uiad: Dump executed
06-02 20:40:02.715 16093-16109/org.droidmate.uiautomator2daemon.UiAutomator2Daemon D/droidmate/server: serverSocket.accept(59800)
06-02 20:40:02.748 16093-16109/org.droidmate.uiautomator2daemon.UiAutomator2Daemon D/droidmate/uiad: Clicking on (x,y) coordinates of (960,565)
06-02 20:40:02.864 192-637/? D/audio_hw_primary: out_set_parameters: enter: usecase(1: low-latency-playback) kvpairs: routing=2
06-02 20:40:02.865 603-1413/? I/ActivityManager: START u0 {act=com.google.android.gms.plus.action.SIGN_UP cmp=com.google.android.gms/.plus.activity.AccountSignUpActivity (has extras)} from uid 10008 on display 0
06-02 20:40:02.900 192-637/? D/AudioFlinger: mixer(0xb41c0000) throttle end: throttle time(4)
06-02 20:40:02.921 603-613/? I/ActivityManager: START u0 {act=com.google.android.gms.signin.action.SIGN_IN cmp=com.google.android.gms/.signin.activity.SignInActivity (has extras)} from uid 10008 on display 0
06-02 20:40:03.143 603-1413/? I/ActivityManager: START u0 {act=com.google.android.gms.common.account.CHOOSE_ACCOUNT_USERTILE pkg=com.google.android.gms cmp=com.google.android.gms/.common.account.AccountChipAccountPickerActivity (has extras)} from uid 10008 on display 0
06-02 20:40:03.298 603-1402/? I/ActivityManager: START u0 {cat=[categoryhack:4d0dbedc-0d63-49c2-8395-15dd13a80255] cmp=com.google.android.gms/.common.ui.UnpackingRedirectActivity (has extras)} from uid 10008 on display 0
06-02 20:40:03.602 603-1402/? I/WindowManager: Screenshot max retries 4 of Token{370dbe7 ActivityRecord{dca75a6 u0 com.google.android.gms/.common.account.AccountChipAccountPickerActivity t575}} appWin=Window{e719456 u0 com.google.android.gms/com.google.android.gms.common.account.AccountChipAccountPickerActivity} drawState=1
06-02 20:40:03.712 603-1384/? I/ActivityManager: START u0 {cat=[categoryhack:bd05d8fc-8d8f-4ca1-aab7-e3ab34ea1743] flg=0x2000000 cmp=com.google.android.gms/.auth.uiflows.addaccount.AccountIntroActivity (has extras)} from uid 10008 on display 0
06-02 20:40:03.727 603-1429/? I/ActivityManager: START u0 {flg=0x2000000 cmp=com.google.android.gms/.auth.uiflows.addaccount.PreAddAccountActivity (has extras)} from uid 10008 on display 0
06-02 20:40:03.799 1155-32388/? I/CheckinService: Checking schedule, now: 1464892803799 next: 1464892415820
06-02 20:40:03.799 1155-32388/? I/CheckinService: active receiver: enabled
06-02 20:40:03.801 1155-32388/? I/CheckinService: Preparing to send checkin request
06-02 20:40:03.910 603-621/? I/ActivityManager: Displayed com.google.android.gms/.auth.uiflows.addaccount.PreAddAccountActivity: +174ms (total +1s19ms)
06-02 20:40:03.927 603-1363/? I/ActivityManager: START u0 {flg=0x2000000 cmp=com.google.android.gms/.auth.uiflows.minutemaid.MinuteMaidActivity (has extras)} from uid 10008 on display 0
06-02 20:40:03.965 1155-32388/? I/CheckinRequestBuilder: Checkin reason type: 9 attempt count: 1
06-02 20:40:03.966 1155-32388/? E/ActivityThread: Failed to find provider info for com.google.android.wearable.settings
06-02 20:40:04.049 192-192/? D/WVCdm: Instantiating CDM.
06-02 20:40:04.051 192-641/? I/WVCdm: CdmEngine::OpenSession
06-02 20:40:04.051 192-641/? I/WVCdm: Level3 Library Jun 15 2015 14:09:24
06-02 20:40:04.058 192-641/? W/WVCdm: Could not read /data/mediadrm/IDM1013/ay64.dat2: No such file or directory
06-02 20:40:04.060 192-641/? D/DrmWidevineDash: OEMCrypto_Initialize: starts! g_qsee_apps_version = 0x91
06-02 20:40:04.060 192-641/? D/DrmWidevineDash: Service_Initialize: starts!
06-02 20:40:04.060 192-641/? D/QSEECOMAPI:: QSEECom_start_app sb_length = 0x19000
06-02 20:40:04.060 192-641/? D/QSEECOMAPI:: App is not loaded in QSEE
06-02 20:40:04.081 192-641/? D/QSEECOMAPI:: Loaded image: APP id = 2
06-02 20:40:04.083 192-641/? D/DrmWidevineDash: Service_Initialize: ends! returns 0
06-02 20:40:04.083 192-641/? D/DrmWidevineDash: OEMCrypto_Initialize sion_buffer g_wv_fhandle->ion_sbuffer  0x0xb3851000
06-02 20:40:04.084 192-641/? E/DrmWidevineDash: sion_buffer g_wv_fhandle->ion_sbuffer  0x0xb3851000
06-02 20:40:04.118 192-641/? D/DrmWidevineDash: OEMCrypto_Initialize: ends! returns 0
06-02 20:40:04.118 192-641/? D/DrmWidevineDash: OEMCrypto_APIVersion: starts!
06-02 20:40:04.134 192-641/? D/DrmWidevineDash: hlos api version =  10
06-02 20:40:04.135 192-641/? D/DrmWidevineDash: tz api version =  10
06-02 20:40:04.135 192-641/? D/DrmWidevineDash: OEMCrypto_APIVersion: ends! returns version 10
06-02 20:40:04.135 192-641/? D/DrmWidevineDash: OEMCrypto_IsKeyboxValid: starts!
06-02 20:40:04.156 603-621/? I/ActivityManager: Displayed com.google.android.gms/.auth.uiflows.minutemaid.MinuteMaidActivity: +153ms
06-02 20:40:04.170 192-641/? D/DrmWidevineDash: OEMCrypto_IsKeyboxValid: ends! returns 0
06-02 20:40:04.170 192-641/? D/WVCdm: OEMCrypto_Initialize Level 1 success. I will use level 1.
06-02 20:40:04.170 192-641/? D/DrmWidevineDash: OEMCrypto_OpenSession: starts! SID=0xb3b3f134
06-02 20:40:04.188 1366-1569/? E/PhoneInterfaceManager: [PhoneIntfMgr] getIccId: No UICC
06-02 20:40:04.197 12657-12657/? W/Auth: [MinuteMaid,MinuteMaidFragment] com.google.android.androidforwork is not installed on system.
06-02 20:40:04.199 192-641/? D/DrmWidevineDash: OEMCrypto_OpenSession SID = 1
06-02 20:40:04.199 192-641/? D/DrmWidevineDash: OEMCrypto_OpenSession: ends! returns 0
06-02 20:40:04.199 192-641/? D/DrmWidevineDash: OEMCrypto_GetRandom: starts! randomData=0xb469b1d8, dataLength=8
06-02 20:40:04.220 192-641/? D/DrmWidevineDash: OEMCrypto_GetRandom: ends! returns 0
06-02 20:40:04.222 12657-12657/? I/Auth: [BrowserSignInFragment] onPageStarted: Host: accounts.google.com Path: /EmbeddedSetup
06-02 20:40:04.224 192-641/? D/DrmWidevineDash: OEMCrypto_LoadDeviceRSAKey: starts!SID=1, wrapped_rsa_key=0xb39dfc00, wrapped_rsa_key_length=1280
06-02 20:40:04.243 192-641/? D/DrmWidevineDash: OEMCrypto_LoadDeviceRSAKey: ends! returns 0
06-02 20:40:04.243 192-641/? I/WVCdm: CdmEngine::QueryKeyControlInfo
06-02 20:40:04.243 192-15748/? W/WVCdm: BufferReader::Read<T> : Failure during parse: Not enough bytes (4)
06-02 20:40:04.243 192-15748/? W/WVCdm: CdmEngine::ExtractWidevinePssh: Unable to read atom size.
06-02 20:40:04.243 192-15748/? I/WVCdm: CdmEngine::GenerateKeyRequest
06-02 20:40:04.243 192-15748/? D/DrmWidevineDash: OEMCrypto_GetDeviceID: starts! deviceID=0xb335f1e0, idLength=0xb333ef2c
06-02 20:40:04.266 192-15748/? D/DrmWidevineDash: OEMCrypto_GetDeviceID: ends! returns 0
06-02 20:40:04.266 192-15748/? D/DrmWidevineDash: OEMCrypto_SupportsUsageTable: starts!
06-02 20:40:04.278 192-15748/? D/DrmWidevineDash: OEMCrypto_SupportsUsageTable: is_supported = 1
06-02 20:40:04.278 192-15748/? D/DrmWidevineDash: OEMCrypto_SupportsUsageTable: wv_app_version = 0x22
06-02 20:40:04.278 192-15748/? D/DrmWidevineDash: OEMCrypto_SupportsUsageTable: ends! returns 0x0
06-02 20:40:04.278 192-15748/? D/DrmWidevineDash: OEMCrypto_IsAntiRollbackHwPresent: starts!
06-02 20:40:04.286 192-15748/? D/DrmWidevineDash: OEMCrypto_IsAntiRollbackHwPresent ends! ret=0, is_antirb_enabled = 0
06-02 20:40:04.287 192-15748/? D/DrmWidevineDash: OEMCrypto_APIVersion: starts!
06-02 20:40:04.312 12657-12657/? W/BindingManager: Cannot call determinedVisibility() - never saw a connection for the pid: 12657
06-02 20:40:04.330 192-15748/? D/DrmWidevineDash: hlos api version =  10
06-02 20:40:04.330 192-15748/? D/DrmWidevineDash: tz api version =  10
06-02 20:40:04.330 192-15748/? D/DrmWidevineDash: OEMCrypto_APIVersion: ends! returns version 10
06-02 20:40:04.330 192-15748/? D/DrmWidevineDash: OEMCrypto_GetHDCPCapability starts!
06-02 20:40:04.342 192-15748/? D/DrmWidevineDash: OEMCrypto_GetHDCPCapability current=255, max=4
06-02 20:40:04.342 192-15748/? D/DrmWidevineDash: OEMCrypto_GetHDCPCapability ends! ret = 0
06-02 20:40:04.342 192-15748/? D/DrmWidevineDash: OEMCrypto_GenerateNonce: starts! SID=1
06-02 20:40:04.355 192-15748/? D/DrmWidevineDash: OEMCrypto_GenerateNonce: ends! returns 0
06-02 20:40:04.355 192-15748/? D/WVCdm: PrepareKeyRequest: nonce=1871508285
06-02 20:40:04.355 192-15748/? D/DrmWidevineDash: OEMCrypto_GenerateRSASignature starts! SID=1, message=0xb3882e00
06-02 20:40:04.355 192-15748/? D/DrmWidevineDash: message_length=1618, signature=0xb39d0780, signature_length=3006525444
06-02 20:40:04.363 12715-12727/? I/Adreno-EGL: <qeglDrvAPI_eglInitialize:379>: QUALCOMM Build: 10/21/15, 369a2ea, I96aee987eb
06-02 20:40:04.461 12715-12727/? I/Adreno-EGL: <qeglDrvAPI_eglInitialize:379>: QUALCOMM Build: 10/21/15, 369a2ea, I96aee987eb
06-02 20:40:04.475 192-15748/? D/DrmWidevineDash: OEMCrypto_GenerateRSASignature returns 0
06-02 20:40:04.476 192-901/? I/WVCdm: CdmEngine::CloseSession
06-02 20:40:04.476 192-901/? D/DrmWidevineDash: OEMCrypto_CloseSession: starts! SID=1
06-02 20:40:04.489 192-901/? D/DrmWidevineDash: OEMCrypto_CloseSession: ends! returns 0
06-02 20:40:04.489 192-901/? D/DrmWidevineDash: OEMCrypto_Terminate: starts!
06-02 20:40:04.502 192-901/? D/DrmWidevineDash: Service_Uninitialize: starts!
06-02 20:40:04.502 192-901/? D/QSEECOMAPI:: QSEECom_shutdown_app 
06-02 20:40:04.502 192-901/? D/QSEECOMAPI:: QSEECom_shutdown_app, app_id = 2
06-02 20:40:04.511 192-901/? D/DrmWidevineDash: Service_Uninitialize: ends! returns 0x0
06-02 20:40:04.511 192-901/? D/DrmWidevineDash: OEMCrypto_Terminate: ends! returns 0
06-02 20:40:04.514 192-192/? I/WVCdm: CdmEngine::OpenSession
06-02 20:40:04.514 192-192/? I/WVCdm: Level3 Library Jun 15 2015 14:09:24
06-02 20:40:04.516 192-192/? W/WVCdm: Could not read /data/mediadrm/IDM1013/ay64.dat2: No such file or directory
06-02 20:40:04.518 192-192/? D/DrmWidevineDash: OEMCrypto_Initialize: starts! g_qsee_apps_version = 0x91
06-02 20:40:04.518 192-192/? D/DrmWidevineDash: Service_Initialize: starts!
06-02 20:40:04.518 192-192/? D/QSEECOMAPI:: QSEECom_start_app sb_length = 0x19000
06-02 20:40:04.518 192-192/? D/QSEECOMAPI:: App is not loaded in QSEE
06-02 20:40:04.535 12715-12727/? I/Adreno-EGL: <qeglDrvAPI_eglInitialize:379>: QUALCOMM Build: 10/21/15, 369a2ea, I96aee987eb
06-02 20:40:04.536 192-192/? D/QSEECOMAPI:: Loaded image: APP id = 2
06-02 20:40:04.537 192-192/? D/DrmWidevineDash: Service_Initialize: ends! returns 0
06-02 20:40:04.540 192-192/? D/DrmWidevineDash: OEMCrypto_Initialize sion_buffer g_wv_fhandle->ion_sbuffer  0x0xb3851000
06-02 20:40:04.540 192-192/? E/DrmWidevineDash: sion_buffer g_wv_fhandle->ion_sbuffer  0x0xb3851000
06-02 20:40:04.569 192-192/? D/DrmWidevineDash: OEMCrypto_Initialize: ends! returns 0
06-02 20:40:04.569 192-192/? D/DrmWidevineDash: OEMCrypto_APIVersion: starts!
06-02 20:40:04.584 192-192/? D/DrmWidevineDash: hlos api version =  10
06-02 20:40:04.584 192-192/? D/DrmWidevineDash: tz api version =  10
06-02 20:40:04.584 192-192/? D/DrmWidevineDash: OEMCrypto_APIVersion: ends! returns version 10
06-02 20:40:04.584 192-192/? D/DrmWidevineDash: OEMCrypto_IsKeyboxValid: starts!
06-02 20:40:04.609 192-192/? D/DrmWidevineDash: OEMCrypto_IsKeyboxValid: ends! returns 0
06-02 20:40:04.609 192-192/? D/WVCdm: OEMCrypto_Initialize Level 1 success. I will use level 1.
06-02 20:40:04.609 192-192/? D/DrmWidevineDash: OEMCrypto_OpenSession: starts! SID=0xbed14214
06-02 20:40:04.620 192-192/? D/DrmWidevineDash: OEMCrypto_OpenSession SID = 1
06-02 20:40:04.621 192-192/? D/DrmWidevineDash: OEMCrypto_OpenSession: ends! returns 0
06-02 20:40:04.621 192-192/? D/DrmWidevineDash: OEMCrypto_GetRandom: starts! randomData=0xb604c648, dataLength=8
06-02 20:40:04.623 12715-12771/? I/Adreno-EGL: <qeglDrvAPI_eglInitialize:379>: QUALCOMM Build: 10/21/15, 369a2ea, I96aee987eb
06-02 20:40:04.633 192-192/? D/DrmWidevineDash: OEMCrypto_GetRandom: ends! returns 0
06-02 20:40:04.634 192-192/? D/DrmWidevineDash: OEMCrypto_LoadDeviceRSAKey: starts!SID=1, wrapped_rsa_key=0xb3402600, wrapped_rsa_key_length=1280
06-02 20:40:04.649 192-192/? D/DrmWidevineDash: OEMCrypto_LoadDeviceRSAKey: ends! returns 0
06-02 20:40:04.649 192-192/? I/WVCdm: CdmEngine::QueryKeyControlInfo
06-02 20:40:04.650 192-15748/? W/WVCdm: BufferReader::Read<T> : Failure during parse: Not enough bytes (4)
06-02 20:40:04.650 192-15748/? W/WVCdm: CdmEngine::ExtractWidevinePssh: Unable to read atom size.
06-02 20:40:04.650 192-15748/? I/WVCdm: CdmEngine::GenerateKeyRequest
06-02 20:40:04.650 192-15748/? D/DrmWidevineDash: OEMCrypto_GetDeviceID: starts! deviceID=0xb335f360, idLength=0xb333ef2c
06-02 20:40:04.671 192-15748/? D/DrmWidevineDash: OEMCrypto_GetDeviceID: ends! returns 0
06-02 20:40:04.671 192-15748/? D/DrmWidevineDash: OEMCrypto_SupportsUsageTable: starts!
06-02 20:40:04.685 192-15748/? D/DrmWidevineDash: OEMCrypto_SupportsUsageTable: is_supported = 1
06-02 20:40:04.685 192-15748/? D/DrmWidevineDash: OEMCrypto_SupportsUsageTable: wv_app_version = 0x22
06-02 20:40:04.685 192-15748/? D/DrmWidevineDash: OEMCrypto_SupportsUsageTable: ends! returns 0x0
06-02 20:40:04.685 192-15748/? D/DrmWidevineDash: OEMCrypto_IsAntiRollbackHwPresent: starts!
06-02 20:40:04.694 192-15748/? D/DrmWidevineDash: OEMCrypto_IsAntiRollbackHwPresent ends! ret=0, is_antirb_enabled = 0
06-02 20:40:04.694 192-15748/? D/DrmWidevineDash: OEMCrypto_APIVersion: starts!
06-02 20:40:04.707 192-15748/? D/DrmWidevineDash: hlos api version =  10
06-02 20:40:04.707 192-15748/? D/DrmWidevineDash: tz api version =  10
06-02 20:40:04.707 192-15748/? D/DrmWidevineDash: OEMCrypto_APIVersion: ends! returns version 10
06-02 20:40:04.707 192-15748/? D/DrmWidevineDash: OEMCrypto_GetHDCPCapability starts!
06-02 20:40:04.719 192-15748/? D/DrmWidevineDash: OEMCrypto_GetHDCPCapability current=255, max=4
06-02 20:40:04.719 192-15748/? D/DrmWidevineDash: OEMCrypto_GetHDCPCapability ends! ret = 0
06-02 20:40:04.719 192-15748/? D/DrmWidevineDash: OEMCrypto_GenerateNonce: starts! SID=1
06-02 20:40:04.727 192-15748/? D/DrmWidevineDash: OEMCrypto_GenerateNonce: ends! returns 0
06-02 20:40:04.727 192-15748/? D/WVCdm: PrepareKeyRequest: nonce=3491675135
06-02 20:40:04.727 192-15748/? D/DrmWidevineDash: OEMCrypto_GenerateRSASignature starts! SID=1, message=0xb3882e00
06-02 20:40:04.727 192-15748/? D/DrmWidevineDash: message_length=1618, signature=0xb39d0780, signature_length=3006525444
06-02 20:40:04.796 12715-12771/? I/Adreno-EGL: <qeglDrvAPI_eglInitialize:379>: QUALCOMM Build: 10/21/15, 369a2ea, I96aee987eb
06-02 20:40:04.850 192-15748/? D/DrmWidevineDash: OEMCrypto_GenerateRSASignature returns 0
06-02 20:40:04.851 192-901/? I/WVCdm: CdmEngine::OpenSession
06-02 20:40:04.851 192-901/? D/DrmWidevineDash: OEMCrypto_OpenSession: starts! SID=0xb3240134
06-02 20:40:04.865 192-901/? D/DrmWidevineDash: OEMCrypto_OpenSession SID = 2
06-02 20:40:04.865 192-901/? D/DrmWidevineDash: OEMCrypto_OpenSession: ends! returns 0
06-02 20:40:04.865 192-901/? D/DrmWidevineDash: OEMCrypto_GetRandom: starts! randomData=0xb469b1d8, dataLength=8
06-02 20:40:04.878 192-901/? D/DrmWidevineDash: OEMCrypto_GetRandom: ends! returns 0
06-02 20:40:04.879 192-901/? D/DrmWidevineDash: OEMCrypto_LoadDeviceRSAKey: starts!SID=2, wrapped_rsa_key=0xb3402c00, wrapped_rsa_key_length=1280
06-02 20:40:04.897 192-901/? D/DrmWidevineDash: OEMCrypto_LoadDeviceRSAKey: ends! returns 0
06-02 20:40:04.897 192-901/? I/WVCdm: CdmEngine::QueryKeyControlInfo
06-02 20:40:04.897 192-15750/? I/WVCdm: CdmEngine::CloseSession
06-02 20:40:04.897 192-15750/? D/DrmWidevineDash: OEMCrypto_CloseSession: starts! SID=1
06-02 20:40:04.911 192-15750/? D/DrmWidevineDash: OEMCrypto_CloseSession: ends! returns 0
06-02 20:40:04.912 192-15748/? W/WVCdm: BufferReader::Read<T> : Failure during parse: Not enough bytes (4)
06-02 20:40:04.912 192-15748/? W/WVCdm: CdmEngine::ExtractWidevinePssh: Unable to read atom size.
06-02 20:40:04.912 192-15748/? I/WVCdm: CdmEngine::GenerateKeyRequest
06-02 20:40:04.912 192-15748/? D/DrmWidevineDash: OEMCrypto_GetDeviceID: starts! deviceID=0xb335f460, idLength=0xb333ef2c
06-02 20:40:04.933 192-15748/? D/DrmWidevineDash: OEMCrypto_GetDeviceID: ends! returns 0
06-02 20:40:04.934 192-15748/? D/DrmWidevineDash: OEMCrypto_SupportsUsageTable: starts!
06-02 20:40:04.947 192-15748/? D/DrmWidevineDash: OEMCrypto_SupportsUsageTable: is_supported = 1
06-02 20:40:04.947 192-15748/? D/DrmWidevineDash: OEMCrypto_SupportsUsageTable: wv_app_version = 0x22
06-02 20:40:04.947 192-15748/? D/DrmWidevineDash: OEMCrypto_SupportsUsageTable: ends! returns 0x0
06-02 20:40:04.947 192-15748/? D/DrmWidevineDash: OEMCrypto_IsAntiRollbackHwPresent: starts!
06-02 20:40:04.956 192-15748/? D/DrmWidevineDash: OEMCrypto_IsAntiRollbackHwPresent ends! ret=0, is_antirb_enabled = 0
06-02 20:40:04.956 192-15748/? D/DrmWidevineDash: OEMCrypto_APIVersion: starts!
06-02 20:40:04.969 192-15748/? D/DrmWidevineDash: hlos api version =  10
06-02 20:40:04.969 192-15748/? D/DrmWidevineDash: tz api version =  10
06-02 20:40:04.969 192-15748/? D/DrmWidevineDash: OEMCrypto_APIVersion: ends! returns version 10
06-02 20:40:04.969 192-15748/? D/DrmWidevineDash: OEMCrypto_GetHDCPCapability starts!
06-02 20:40:04.981 192-15748/? D/DrmWidevineDash: OEMCrypto_GetHDCPCapability current=255, max=4
06-02 20:40:04.981 192-15748/? D/DrmWidevineDash: OEMCrypto_GetHDCPCapability ends! ret = 0
06-02 20:40:04.981 192-15748/? D/DrmWidevineDash: OEMCrypto_GenerateNonce: starts! SID=2
06-02 20:40:04.990 192-15748/? D/DrmWidevineDash: OEMCrypto_GenerateNonce: ends! returns 0
06-02 20:40:04.990 192-15748/? D/WVCdm: PrepareKeyRequest: nonce=2573308435
06-02 20:40:04.990 192-15748/? D/DrmWidevineDash: OEMCrypto_GenerateRSASignature starts! SID=2, message=0xb3882e00
06-02 20:40:04.990 192-15748/? D/DrmWidevineDash: message_length=1649, signature=0xb39d0780, signature_length=3006525444
06-02 20:40:05.099 192-15748/? D/DrmWidevineDash: OEMCrypto_GenerateRSASignature returns 0
06-02 20:40:05.100 192-901/? I/WVCdm: CdmEngine::CloseSession
06-02 20:40:05.100 192-901/? D/DrmWidevineDash: OEMCrypto_CloseSession: starts! SID=2
06-02 20:40:05.113 192-901/? D/DrmWidevineDash: OEMCrypto_CloseSession: ends! returns 0
06-02 20:40:05.113 192-901/? D/DrmWidevineDash: OEMCrypto_Terminate: starts!
06-02 20:40:05.125 192-901/? D/DrmWidevineDash: Service_Uninitialize: starts!
06-02 20:40:05.125 192-901/? D/QSEECOMAPI:: QSEECom_shutdown_app 
06-02 20:40:05.125 192-901/? D/QSEECOMAPI:: QSEECom_shutdown_app, app_id = 2
06-02 20:40:05.129 192-901/? D/DrmWidevineDash: Service_Uninitialize: ends! returns 0x0
06-02 20:40:05.129 192-901/? D/DrmWidevineDash: OEMCrypto_Terminate: ends! returns 0
06-02 20:40:05.160 12657-12657/? I/Auth: [BrowserSignInFragment] onPageFinished: Host: accounts.google.com Path: /EmbeddedSetup
06-02 20:40:05.195 1155-32388/? I/CheckinRequestBuilder: Classify the device as Tablet.
06-02 20:40:05.228 1155-32388/? W/System.err: java.lang.Exception: Error converting session
06-02 20:40:05.228 1155-32388/? W/System.err:     at com.google.android.gms.org.conscrypt.a.log(SourceFile:302)
06-02 20:40:05.228 1155-32388/? W/System.err:     at com.google.android.gms.org.conscrypt.a.toSession(SourceFile:268)
06-02 20:40:05.228 1155-32388/? W/System.err:     at com.google.android.gms.org.conscrypt.ClientSessionContext.getSession(SourceFile:87)
06-02 20:40:05.229 1155-32388/? W/System.err:     at com.google.android.gms.org.conscrypt.SSLParametersImpl.getCachedClientSession(SourceFile:711)
06-02 20:40:05.229 1155-32388/? W/System.err:     at com.google.android.gms.org.conscrypt.SSLParametersImpl.getSessionToReuse(SourceFile:377)
06-02 20:40:05.229 1155-32388/? W/System.err:     at com.google.android.gms.org.conscrypt.OpenSSLSocketImpl.startHandshake(SourceFile:296)
06-02 20:40:05.229 1155-32388/? W/System.err:     at com.google.android.gms.common.net.SSLCertificateSocketFactory.a(SourceFile:258)
06-02 20:40:05.229 1155-32388/? W/System.err:     at com.google.android.gms.common.net.SSLCertificateSocketFactory.createSocket(SourceFile:558)
06-02 20:40:05.229 1155-32388/? W/System.err:     at com.android.okhttp.internal.http.SocketConnector.connectTls(SocketConnector.java:89)
06-02 20:40:05.229 1155-32388/? W/System.err:     at com.android.okhttp.Connection.connect(Connection.java:143)
06-02 20:40:05.229 1155-32388/? W/System.err:     at com.android.okhttp.Connection.connectAndSetOwner(Connection.java:185)
06-02 20:40:05.229 1155-32388/? W/System.err:     at com.android.okhttp.OkHttpClient$1.connectAndSetOwner(OkHttpClient.java:128)
06-02 20:40:05.229 1155-32388/? W/System.err:     at com.android.okhttp.internal.http.HttpEngine.nextConnection(HttpEngine.java:341)
06-02 20:40:05.229 1155-32388/? W/System.err:     at com.android.okhttp.internal.http.HttpEngine.connect(HttpEngine.java:330)
06-02 20:40:05.229 1155-32388/? W/System.err:     at com.android.okhttp.internal.http.HttpEngine.sendRequest(HttpEngine.java:248)
06-02 20:40:05.229 1155-32388/? W/System.err:     at com.android.okhttp.internal.huc.HttpURLConnectionImpl.execute(HttpURLConnectionImpl.java:437)
06-02 20:40:05.229 1155-32388/? W/System.err:     at com.android.okhttp.internal.huc.HttpURLConnectionImpl.connect(HttpURLConnectionImpl.java:114)
06-02 20:40:05.229 1155-32388/? W/System.err:     at com.android.okhttp.internal.huc.HttpURLConnectionImpl.getOutputStream(HttpURLConnectionImpl.java:245)
06-02 20:40:05.229 1155-32388/? W/System.err:     at com.android.okhttp.internal.huc.DelegatingHttpsURLConnection.getOutputStream(DelegatingHttpsURLConnection.java:218)
06-02 20:40:05.229 1155-32388/? W/System.err:     at com.android.okhttp.internal.huc.HttpsURLConnectionImpl.getOutputStream(HttpsURLConnectionImpl.java)
06-02 20:40:05.229 1155-32388/? W/System.err:     at com.google.android.gms.checkin.k.a(SourceFile:360)
06-02 20:40:05.229 1155-32388/? W/System.err:     at com.google.android.gms.checkin.k.a(SourceFile:235)
06-02 20:40:05.229 1155-32388/? W/System.err:     at com.google.android.gms.checkin.g.a(SourceFile:571)
06-02 20:40:05.229 1155-32388/? W/System.err:     at com.google.android.gms.checkin.g.doInBackground(SourceFile:544)
06-02 20:40:05.229 1155-32388/? W/System.err:     at android.os.AsyncTask$2.call(AsyncTask.java:295)
06-02 20:40:05.230 1155-32388/? W/System.err:     at java.util.concurrent.FutureTask.run(FutureTask.java:237)
06-02 20:40:05.230 1155-32388/? W/System.err:     at java.lang.Thread.run(Thread.java:818)
06-02 20:40:05.230 1155-32388/? W/System.err: Caused by: java.io.IOException: Invalid session data
06-02 20:40:05.230 1155-32388/? W/System.err:     at com.google.android.gms.org.conscrypt.OpenSSLSessionImpl.<init>(SourceFile:88)
06-02 20:40:05.230 1155-32388/? W/System.err:     at com.google.android.gms.org.conscrypt.a.toSession(SourceFile:267)
06-02 20:40:05.230 1155-32388/? W/System.err: 	... 25 more
06-02 20:40:05.280 1155-32388/? I/CheckinTask: Sending checkin request (7669 bytes)
06-02 20:40:05.307 12657-12657/? W/BindingManager: Cannot call determinedVisibility() - never saw a connection for the pid: 12657
06-02 20:40:05.307 12657-12657/? I/Auth: [BrowserSignInFragment] onPageFinished: Host: accounts.google.com Path: /EmbeddedSetup
06-02 20:40:05.374 1155-32388/? I/CheckinRequestBuilder: Checkin reason type: 9 attempt count: 1
06-02 20:40:05.374 1155-32388/? E/ActivityThread: Failed to find provider info for com.google.android.wearable.settings
06-02 20:40:05.509 1155-1163/? E/System: Uncaught exception thrown by finalizer
06-02 20:40:05.509 1155-1163/? E/System: java.lang.NullPointerException: ssl_session == null
                                             at com.google.android.gms.org.conscrypt.NativeCrypto.SSL_SESSION_free(Native Method)
                                             at com.google.android.gms.org.conscrypt.OpenSSLSessionImpl.finalize(SourceFile:485)
                                             at java.lang.Daemons$FinalizerDaemon.doFinalize(Daemons.java:202)
                                             at java.lang.Daemons$FinalizerDaemon.run(Daemons.java:185)
                                             at java.lang.Thread.run(Thread.java:818)
06-02 20:40:05.570 1155-32388/? I/CheckinRequestBuilder: Classify the device as Tablet.
06-02 20:40:05.585 1155-32388/? I/CheckinTask: Checkin success: https://android.clients.google.com/checkin (1 requests sent)
06-02 20:40:05.599 1155-32388/? I/CheckinService: Checking schedule, now: 1464892805599 next: 1464933289585
06-02 20:40:05.599 1155-32388/? I/CheckinService: active receiver: disabled
06-02 20:40:05.638 1155-1155/? I/Kids: [GCoreUtils] Current gmscore version, 8186436 is smaller than the required version 8400000
06-02 20:40:05.646 1009-1719/? D/GCM: GcmService start Intent { act=com.google.android.checkin.CHECKIN_COMPLETE flg=0x10 cmp=com.google.android.gms/.gcm.GcmService (has extras) } com.google.android.checkin.CHECKIN_COMPLETE
06-02 20:40:06.047 192-637/? D/audio_hw_primary: disable_audio_route: reset and update mixer path: low-latency-playback
06-02 20:40:06.047 192-637/? D/audio_hw_primary: disable_snd_device: snd_device(2: speaker)
06-02 20:40:07.676 16093-16109/org.droidmate.uiautomator2daemon.UiAutomator2Daemon D/droidmate/uiad: GUI stabilized after 3 iterations / 4819ms
06-02 20:40:07.688 16093-16109/org.droidmate.uiautomator2daemon.UiAutomator2Daemon D/droidmate/server: serverSocket.accept(59800)
06-02 20:40:07.737 16093-16109/org.droidmate.uiautomator2daemon.UiAutomator2Daemon D/droidmate/uiad: Getting window hierarchy dump
06-02 20:40:07.738 16093-16109/org.droidmate.uiautomator2daemon.UiAutomator2Daemon D/droidmate/uiad: Dump data directory: /data/user/0/org.droidmate.uiautomator2daemon.UiAutomator2Daemon/files
06-02 20:40:07.738 16093-16109/org.droidmate.uiautomator2daemon.UiAutomator2Daemon D/droidmate/uiad: Dump data file: /data/user/0/org.droidmate.uiautomator2daemon.UiAutomator2Daemon/files/window_hierarchy_dump.xml
06-02 20:40:07.739 16093-16109/org.droidmate.uiautomator2daemon.UiAutomator2Daemon D/droidmate/uiad: Trying to create dump file '/data/user/0/org.droidmate.uiautomator2daemon.UiAutomator2Daemon/files/window_hierarchy_dump.xml'
06-02 20:40:07.739 16093-16109/org.droidmate.uiautomator2daemon.UiAutomator2Daemon D/droidmate/uiad: Executing dump
06-02 20:40:07.784 16093-16109/org.droidmate.uiautomator2daemon.UiAutomator2Daemon D/droidmate/uiad: Dump executed
06-02 20:40:07.792 16093-16109/org.droidmate.uiautomator2daemon.UiAutomator2Daemon D/droidmate/server: serverSocket.accept(59800)
06-02 20:40:08.592 32433-32433/? D/AndroidRuntime: >>>>>> START com.android.internal.os.RuntimeInit uid 2000 <<<<<<
06-02 20:40:08.645 32433-32433/? D/ICU: No timezone override file found: /data/misc/zoneinfo/current/icu/icu_tzdata.dat
06-02 20:40:08.701 32433-32433/? I/Radio-JNI: register_android_hardware_Radio DONE
06-02 20:40:08.734 32433-32433/? D/AndroidRuntime: Calling main entry com.android.commands.pm.Pm
06-02 20:40:08.738 603-1402/? I/ActivityManager: Force stopping com.babbel.mobile.android.en appid=10128 user=0: clear data
06-02 20:40:08.739 603-1402/? I/ActivityManager: Killing 32239:com.babbel.mobile.android.en/u0a128 (adj 7): stop com.babbel.mobile.android.en
06-02 20:40:08.758 603-1369/? I/WindowState: WIN DEATH: Window{1a562f6 u0 com.babbel.mobile.android.en/com.babbel.mobile.android.en.BabbelRegisterActivity}
06-02 20:40:08.758 603-767/? D/GraphicsStats: Buffer count: 9
06-02 20:40:08.761 603-767/? I/WindowState: WIN DEATH: Window{ede0122 u0 com.babbel.mobile.android.en/com.babbel.mobile.android.en.BabbelAppStartPage}
06-02 20:40:08.882 603-1402/? I/ActivityManager:   Force finishing activity ActivityRecord{8f4b8a4 u0 com.babbel.mobile.android.en/.BabbelAppStartPage t575}
06-02 20:40:08.884 603-1402/? I/ActivityManager:   Force finishing activity ActivityRecord{14e4b15 u0 com.babbel.mobile.android.en/.BabbelRegisterActivity t575}
06-02 20:40:08.885 603-1402/? I/ActivityManager:   Force finishing activity ActivityRecord{9e5a964 u0 com.google.android.gms/.plus.activity.AccountSignUpActivity t575}
06-02 20:40:08.886 603-1402/? I/ActivityManager:   Force finishing activity ActivityRecord{49e5b93 u0 com.google.android.gms/.signin.activity.SignInActivity t575}
06-02 20:40:08.887 603-1402/? I/ActivityManager:   Force finishing activity ActivityRecord{dca75a6 u0 com.google.android.gms/.common.account.AccountChipAccountPickerActivity t575}
06-02 20:40:08.889 603-1402/? I/ActivityManager:   Force finishing activity ActivityRecord{471f5b6 u0 com.google.android.gms/.auth.uiflows.minutemaid.MinuteMaidActivity t575}
06-02 20:40:08.926 603-1429/? W/ActivityManager: Spurious death for ProcessRecord{51d0170 0:com.babbel.mobile.android.en/u0a128}, curProc for 32239: null
06-02 20:40:09.014 603-612/? I/art: Background partial concurrent mark sweep GC freed 16939(1061KB) AllocSpace objects, 4(80KB) LOS objects, 33% free, 19MB/29MB, paused 2.014ms total 108.306ms
06-02 20:40:09.081 32433-32433/? I/art: System.exit called, status: 0
06-02 20:40:09.081 32433-32433/? I/AndroidRuntime: VM exiting with result code 0.
06-02 20:40:09.280 1385-1385/? D/Launcher.Model: DbDebug    Modify item (Play Music) in db, id: 4 (2, 0, 0, 0) --> (2, 0, 0, 0)
06-02 20:40:09.281 1385-1385/? D/Launcher.Model: DbDebug    Modify item (Play Books) in db, id: 6 (2, 0, 1, 0) --> (2, 0, 1, 0)
06-02 20:40:09.281 1385-1385/? D/Launcher.Model: DbDebug    Modify item (Play Movies & TV) in db, id: 8 (2, 0, 2, 0) --> (2, 0, 2, 0)
06-02 20:40:09.281 1385-1385/? D/Launcher.Model: DbDebug    Modify item (Play Games) in db, id: 10 (2, 0, 0, 1) --> (2, 0, 0, 1)
06-02 20:40:09.282 1385-1385/? D/Launcher.Model: DbDebug    Modify item (Google+) in db, id: 12 (2, 0, 1, 1) --> (2, 0, 1, 1)
06-02 20:40:09.282 1385-1385/? D/Launcher.Model: DbDebug    Modify item (Keep) in db, id: 14 (2, 0, 2, 1) --> (2, 0, 2, 1)
06-02 20:40:09.282 1385-1385/? D/Launcher.Model: DbDebug    Modify item (Drive) in db, id: 16 (2, 0, 0, 2) --> (2, 0, 0, 2)
06-02 20:40:09.283 1385-1385/? D/Launcher.Model: DbDebug    Modify item (Calendar) in db, id: 18 (2, 0, 1, 2) --> (2, 0, 1, 2)
06-02 20:40:09.283 1385-1385/? D/Launcher.Model: DbDebug    Modify item (Photos) in db, id: 20 (2, 0, 2, 2) --> (2, 0, 2, 2)
06-02 20:40:14.017 1259-1259/? I/GCoreNlp: shouldConfirmNlp, NLP off. Ensuring opt-in disabled
06-02 20:40:14.061 603-615/? D/ActivityRecognitionProxy: AR HW instance not available, binding will be a no-op.
06-02 20:40:14.151 16093-16109/org.droidmate.uiautomator2daemon.UiAutomator2Daemon D/droidmate/uiad: Getting window hierarchy dump
06-02 20:40:14.152 16093-16109/org.droidmate.uiautomator2daemon.UiAutomator2Daemon D/droidmate/uiad: Dump data directory: /data/user/0/org.droidmate.uiautomator2daemon.UiAutomator2Daemon/files
06-02 20:40:14.152 16093-16109/org.droidmate.uiautomator2daemon.UiAutomator2Daemon D/droidmate/uiad: Dump data file: /data/user/0/org.droidmate.uiautomator2daemon.UiAutomator2Daemon/files/window_hierarchy_dump.xml
06-02 20:40:14.152 16093-16109/org.droidmate.uiautomator2daemon.UiAutomator2Daemon D/droidmate/uiad: Trying to create dump file '/data/user/0/org.droidmate.uiautomator2daemon.UiAutomator2Daemon/files/window_hierarchy_dump.xml'
06-02 20:40:14.152 16093-16109/org.droidmate.uiautomator2daemon.UiAutomator2Daemon D/droidmate/uiad: Executing dump
06-02 20:40:14.196 16093-16109/org.droidmate.uiautomator2daemon.UiAutomator2Daemon D/droidmate/uiad: Dump executed
06-02 20:40:14.202 16093-16109/org.droidmate.uiautomator2daemon.UiAutomator2Daemon D/droidmate/server: serverSocket.accept(59800)
06-02 20:40:14.217 16093-16109/org.droidmate.uiautomator2daemon.UiAutomator2Daemon D/droidmate/uiad: Checking wifi state.
06-02 20:40:14.355 192-637/? D/audio_hw_primary: out_set_parameters: enter: usecase(1: low-latency-playback) kvpairs: routing=2
06-02 20:40:14.357 603-1344/? I/ActivityManager: START u0 {act=android.intent.action.MAIN cat=[android.intent.category.LAUNCHER] flg=0x10200000 cmp=com.android.settings/.Settings bnds=[260,752][436,928] (has extras)} from uid 10014 on display 0
06-02 20:40:14.365 192-637/? D/audio_hw_primary: select_devices: out_snd_device(2: speaker) in_snd_device(0: none)
06-02 20:40:14.365 192-637/? D/ACDB-LOADER: ACDB -> send_afe_cal
06-02 20:40:14.366 192-637/? D/audio_hw_primary: enable_snd_device: snd_device(2: speaker)
06-02 20:40:14.375 192-637/? D/audio_hw_primary: enable_audio_route: apply and update mixer path: low-latency-playback
06-02 20:40:14.439 3264-6171/? D/Index: Locale 'en_US' is already indexed
06-02 20:40:14.691 3264-3264/? D/DashboardSummary: rebuildUI took: 134 ms
06-02 20:40:16.945 16093-16109/org.droidmate.uiautomator2daemon.UiAutomator2Daemon D/droidmate/uiad: GUI stabilized after 1 iterations / 2469ms
06-02 20:40:16.945 16093-16109/org.droidmate.uiautomator2daemon.UiAutomator2Daemon D/droidmate/uiad: Getting 'DeviceModel'
06-02 20:40:17.625 192-637/? D/audio_hw_primary: disable_audio_route: reset and update mixer path: low-latency-playback
06-02 20:40:17.625 192-637/? D/audio_hw_primary: disable_snd_device: snd_device(2: speaker)
06-02 20:40:28.471 16093-16109/org.droidmate.uiautomator2daemon.UiAutomator2Daemon I/droidmate/uiad: Wifi switch not found, looking for button.
06-02 20:40:28.517 16093-16109/org.droidmate.uiautomator2daemon.UiAutomator2Daemon E/droidmate/uiad: Wifi container position x=484
06-02 20:40:28.542 16093-16109/org.droidmate.uiautomator2daemon.UiAutomator2Daemon E/droidmate/uiad: Wifi container position y=300
06-02 20:40:28.542 16093-16109/org.droidmate.uiautomator2daemon.UiAutomator2Daemon I/droidmate/uiad: Wifi button located, pressing it.
06-02 20:40:28.601 603-2341/? D/NetlinkSocketObserver: NeighborEvent{elapsedMs=21010069, 10.9.56.1, [002304FAEF80], RTM_NEWNEIGH, NUD_STALE}
06-02 20:40:28.652 603-1383/? I/ActivityManager: START u0 {act=android.intent.action.MAIN cmp=com.android.settings/.SubSettings (has extras)} from uid 1000 on display 0
06-02 20:40:28.654 192-637/? D/audio_hw_primary: out_set_parameters: enter: usecase(1: low-latency-playback) kvpairs: routing=2
06-02 20:40:28.665 192-637/? D/audio_hw_primary: select_devices: out_snd_device(2: speaker) in_snd_device(0: none)
06-02 20:40:28.665 192-637/? D/ACDB-LOADER: ACDB -> send_afe_cal
06-02 20:40:28.665 192-637/? D/audio_hw_primary: enable_snd_device: snd_device(2: speaker)
06-02 20:40:28.673 192-637/? D/audio_hw_primary: enable_audio_route: apply and update mixer path: low-latency-playback
06-02 20:40:28.697 3264-3264/? D/SubSettings: Launching fragment com.android.settings.wifi.WifiSettings
06-02 20:40:28.813 3264-3281/? D/Index: Deleting data for locale 'en_US' took 4 millis
06-02 20:40:28.831 3264-3281/? D/Index: Indexing locale 'en_US' took 18 millis
06-02 20:40:28.847 603-621/? I/ActivityManager: Displayed com.android.settings/.SubSettings: +185ms
06-02 20:40:28.907 3264-3281/? D/Index: Deleting data for locale 'en_US' took 2 millis
06-02 20:40:28.920 3264-3281/? D/Index: Indexing locale 'en_US' took 13 millis
06-02 20:40:31.155 16093-16109/org.droidmate.uiautomator2daemon.UiAutomator2Daemon D/droidmate/uiad: GUI stabilized after 2 iterations / 2505ms
06-02 20:40:31.155 16093-16109/org.droidmate.uiautomator2daemon.UiAutomator2Daemon I/droidmate/uiad: Locating wifi switch, again.
06-02 20:40:31.170 16093-16109/org.droidmate.uiautomator2daemon.UiAutomator2Daemon D/UiObject: getText() = ON
06-02 20:40:31.177 603-652/? I/ActivityManager: START u0 {act=android.intent.action.MAIN cat=[android.intent.category.HOME] flg=0x10200000 cmp=com.android.launcher/com.android.launcher2.Launcher (has extras)} from uid 1000 on display 0
06-02 20:40:31.913 192-637/? D/audio_hw_primary: disable_audio_route: reset and update mixer path: low-latency-playback
06-02 20:40:31.913 192-637/? D/audio_hw_primary: disable_snd_device: snd_device(2: speaker)
06-02 20:40:33.400 603-646/? W/qcom_sensors_hal: hal_sensor1_data_cb: SENSOR1_MSG_TYPE_BROKEN_PIPE
06-02 20:40:33.417 32534-32534/? E/Diag_Lib:  Diag_LSM_Init: Failed to open handle to diag driver, error = 2
06-02 20:40:33.418 32534-32534/? E/Sensors: sns_fsa_la.c(386):fsa: fflush failed, 9
06-02 20:40:33.418 32534-32534/? E/Sensors: sns_fsa_la.c(386):fsa: fflush failed, 9
06-02 20:40:33.443 32534-32536/? W/Sensors: sns_smr_la.c(446):smr_la: smr_apps_la_thread_main is starting, fd=11, sns_smr.en_rx_msg_ptr=b6f1fa04
06-02 20:40:33.455 32534-32538/? W/Sensors: sns_sam_app.c(6827):sns_sam_reg_algo: Registering algo service 16, err 0
06-02 20:40:33.469 32534-32540/? E/Sensors: sns_debug_main.c(565):Debug Config File missing in EFS!
06-02 20:40:34.260 16093-16109/org.droidmate.uiautomator2daemon.UiAutomator2Daemon D/droidmate/uiad: GUI stabilized after 1 iterations / 2890ms
06-02 20:40:34.268 16093-16109/org.droidmate.uiautomator2daemon.UiAutomator2Daemon D/droidmate/server: serverSocket.accept(59800)
06-02 20:40:34.286 16093-16109/org.droidmate.uiautomator2daemon.UiAutomator2Daemon D/droidmate/uiad: Getting window hierarchy dump
06-02 20:40:34.286 16093-16109/org.droidmate.uiautomator2daemon.UiAutomator2Daemon D/droidmate/uiad: Dump data directory: /data/user/0/org.droidmate.uiautomator2daemon.UiAutomator2Daemon/files
06-02 20:40:34.286 16093-16109/org.droidmate.uiautomator2daemon.UiAutomator2Daemon D/droidmate/uiad: Dump data file: /data/user/0/org.droidmate.uiautomator2daemon.UiAutomator2Daemon/files/window_hierarchy_dump.xml
06-02 20:40:34.288 16093-16109/org.droidmate.uiautomator2daemon.UiAutomator2Daemon D/droidmate/uiad: Trying to create dump file '/data/user/0/org.droidmate.uiautomator2daemon.UiAutomator2Daemon/files/window_hierarchy_dump.xml'
06-02 20:40:34.288 16093-16109/org.droidmate.uiautomator2daemon.UiAutomator2Daemon D/droidmate/uiad: Executing dump
06-02 20:40:34.359 16093-16109/org.droidmate.uiautomator2daemon.UiAutomator2Daemon D/droidmate/uiad: Dump executed
06-02 20:40:34.365 16093-16109/org.droidmate.uiautomator2daemon.UiAutomator2Daemon D/droidmate/server: serverSocket.accept(59800)
06-02 20:40:35.177 32553-32553/? D/AndroidRuntime: >>>>>> START com.android.internal.os.RuntimeInit uid 2000 <<<<<<
06-02 20:40:35.229 32553-32553/? D/ICU: No timezone override file found: /data/misc/zoneinfo/current/icu/icu_tzdata.dat
06-02 20:40:35.279 32553-32553/? I/Radio-JNI: register_android_hardware_Radio DONE
06-02 20:40:35.306 32553-32553/? D/AndroidRuntime: Calling main entry com.android.commands.am.Am
06-02 20:40:35.310 603-767/? I/ActivityManager: Force stopping com.babbel.mobile.android.en appid=10128 user=0: from pid 32553
06-02 20:40:35.564 603-1363/? I/ActivityManager: START u0 {act=android.intent.action.MAIN cat=[android.intent.category.LAUNCHER] flg=0x10000000 cmp=com.babbel.mobile.android.en/.BabbelAppStartPage} from uid 2000 on display 0
06-02 20:40:35.675 603-1402/? I/ActivityManager: Start proc 32571:com.babbel.mobile.android.en/u0a128 for activity com.babbel.mobile.android.en/.BabbelAppStartPage
06-02 20:40:35.792 32571-32571/? I/System.out: Extracting lib/armeabi/libarthook_native.so to: /data/user/0/com.babbel.mobile.android.en/files/appguard_monitor_libs/libarthook_native.so
06-02 20:40:35.794 32571-32571/? I/System.out: Extracting lib/armeabi-v7a/libarthook_native.so to: /data/user/0/com.babbel.mobile.android.en/files/appguard_monitor_libs/libarthook_native.so
06-02 20:40:35.865 32595-32595/? I/dex2oat: /system/bin/dex2oat --dex-file=/data/local/tmp/monitor.apk --oat-file=/data/user/0/com.babbel.mobile.android.en/files/appguard_monitor_odex/monitor.dex
06-02 20:40:36.597 32595-32595/? I/dex2oat: dex2oat took 734.039ms (threads: 4) arena alloc=1156KB java alloc=499KB native alloc=3MB free=1813KB
06-02 20:40:36.610 32571-32571/? D/Monitor_server: Starting monitor TCP server...
06-02 20:40:36.614 32571-32603/? D/Monitor_server: Creating server socket bound to port 59701...
06-02 20:40:36.615 32571-32571/? D/Monitor_server: Starting monitor TCP server succeeded. Port used: 59701 PID: 32571
06-02 20:40:36.615 32571-32571/? I/Monitor_init: Monitor constructed successfully.
06-02 20:40:38.423 32619-32619/? I/dex2oat: /system/bin/dex2oat --dex-file=/data/user/0/com.babbel.mobile.android.en/app_appguard_dex/app-1464892752105.apk --oat-file=/data/user/0/com.babbel.mobile.android.en/app_odex/app-1464892752105.dex
06-02 20:40:40.065 32619-32622/? W/dex2oat: Compilation of void c.a.a.u.a() took 117.034ms
06-02 20:40:41.041 32619-32621/? W/dex2oat: No verified method for method calling String.<init>: void org.json.JSONStringer.<init>(int)
06-02 20:40:42.185 32619-32619/? I/dex2oat: dex2oat took 3.763s (threads: 4) arena alloc=6MB java alloc=4MB native alloc=19MB free=3MB
06-02 20:40:45.132 32571-32637/? I/Monitor_API_method_call: TId: 753 objCls: java.net.URL mthd: openConnection retCls: java.net.URLConnection params:  stacktrace: dalvik.system.VMStack.getThreadStackTrace(Native Method)->java.lang.Thread.getStackTrace(Thread.java:580)->org.droidmate.monitor_generator.generated.Monitor.getStackTrace(Monitor.java:446)->org.droidmate.monitor_generator.generated.Monitor.redir_java_net_URL_openConnection0(Monitor.java:1868)->com.babbel.mobile.android.en.util.w.a(FileDownloader.java:46)->com.babbel.mobile.android.en.util.ak.doInBackground(TIPUpdateTask.java:9)->android.os.AsyncTask$2.call(AsyncTask.java:295)->java.util.concurrent.FutureTask.run(FutureTask.java:237)->android.os.AsyncTask$SerialExecutor$1.run(AsyncTask.java:234)->java.util.concurrent.ThreadPoolExecutor.runWorker(ThreadPoolExecutor.java:1113)->java.util.concurrent.ThreadPoolExecutor$Worker.run(ThreadPoolExecutor.java:588)->java.lang.Thread.run(Thread.java:818)
