06-02 20:37:51.407 31442-31565/? I/Monitor_API_method_call: TId: 749 objCls: android.os.PowerManager$WakeLock mthd: release retCls: void params: int 0 stacktrace: dalvik.system.VMStack.getThreadStackTrace(Native Method)->java.lang.Thread.getStackTrace(Thread.java:580)->org.droidmate.monitor_generator.generated.Monitor.getStackTrace(Monitor.java:446)->org.droidmate.monitor_generator.generated.Monitor.redir_android_os_PowerManager_WakeLock_release1(Monitor.java:1608)->android.os.PowerManager$WakeLock.release(PowerManager.java:1128)->java.lang.reflect.Method.invoke(Native Method)->de.larma.arthook.OriginalMethod.invoke(OriginalMethod.java:43)->org.droidmate.monitor_generator.generated.Monitor.redir_android_os_PowerManager_WakeLock_release0(Monitor.java:1602)->com.google.android.gcm.GCMBaseIntentService.onHandleIntent(SourceFile:252)->android.app.IntentService$ServiceHandler.handleMessage(IntentService.java:66)->android.os.Handler.dispatchMessage(Handler.java:102)->android.os.Looper.loop(Looper.java:148)->android.os.HandlerThread.run(HandlerThread.java:61)
06-02 20:37:51.465 1155-2044/? E/Volley: [100] BasicNetwork.performRequest: Unexpected response code 307 for https://android.googleapis.com/nova/herrevad/network_quality_info
06-02 20:37:51.466 1155-31566/? W/RmtRprtRfrshSvc: [943] RemoteReportsRefreshService.a: java.util.concurrent.ExecutionException: com.android.volley.ServerError
                                                   java.util.concurrent.ExecutionException: com.android.volley.ServerError
                                                       at com.android.volley.toolbox.RequestFuture.doGet(SourceFile:117)
                                                       at com.android.volley.toolbox.RequestFuture.get(SourceFile:88)
                                                       at com.google.android.gms.herrevad.services.RemoteReportsRefreshService.a(SourceFile:122)
                                                       at com.google.android.gms.herrevad.services.RemoteReportsRefreshService.a(SourceFile:80)
                                                       at com.google.android.gms.gcm.al.run(SourceFile:135)
                                                    Caused by: com.android.volley.ServerError
                                                       at com.android.volley.toolbox.BasicNetwork.performRequest(SourceFile:163)
                                                       at com.google.android.gms.common.server.v.performRequest(SourceFile:48)
                                                       at com.android.volley.NetworkDispatcher.run(SourceFile:112)
06-02 20:37:53.495 16093-16109/org.droidmate.uiautomator2daemon.UiAutomator2Daemon D/droidmate/uiad: GUI stabilized after 2 iterations / 2719ms
06-02 20:37:53.498 16093-16109/org.droidmate.uiautomator2daemon.UiAutomator2Daemon D/droidmate/server: serverSocket.accept(59800)
06-02 20:37:53.524 16093-16109/org.droidmate.uiautomator2daemon.UiAutomator2Daemon D/droidmate/uiad: Getting window hierarchy dump
06-02 20:37:53.525 16093-16109/org.droidmate.uiautomator2daemon.UiAutomator2Daemon D/droidmate/uiad: Dump data directory: /data/user/0/org.droidmate.uiautomator2daemon.UiAutomator2Daemon/files
06-02 20:37:53.525 16093-16109/org.droidmate.uiautomator2daemon.UiAutomator2Daemon D/droidmate/uiad: Dump data file: /data/user/0/org.droidmate.uiautomator2daemon.UiAutomator2Daemon/files/window_hierarchy_dump.xml
06-02 20:37:53.526 16093-16109/org.droidmate.uiautomator2daemon.UiAutomator2Daemon D/droidmate/uiad: Trying to create dump file '/data/user/0/org.droidmate.uiautomator2daemon.UiAutomator2Daemon/files/window_hierarchy_dump.xml'
06-02 20:37:53.526 16093-16109/org.droidmate.uiautomator2daemon.UiAutomator2Daemon D/droidmate/uiad: Executing dump
06-02 20:37:53.672 16093-16109/org.droidmate.uiautomator2daemon.UiAutomator2Daemon D/droidmate/uiad: Dump executed
06-02 20:37:53.683 16093-16109/org.droidmate.uiautomator2daemon.UiAutomator2Daemon D/droidmate/server: serverSocket.accept(59800)
06-02 20:37:53.966 192-637/? D/audio_hw_primary: disable_audio_route: reset and update mixer path: low-latency-playback
06-02 20:37:53.966 192-637/? D/audio_hw_primary: disable_snd_device: snd_device(2: speaker)
06-02 20:37:54.513 31576-31576/? D/AndroidRuntime: >>>>>> START com.android.internal.os.RuntimeInit uid 2000 <<<<<<
06-02 20:37:54.566 31576-31576/? D/ICU: No timezone override file found: /data/misc/zoneinfo/current/icu/icu_tzdata.dat
06-02 20:37:54.623 31576-31576/? I/Radio-JNI: register_android_hardware_Radio DONE
06-02 20:37:54.661 31576-31576/? D/AndroidRuntime: Calling main entry com.android.commands.pm.Pm
06-02 20:37:54.666 603-614/? I/ActivityManager: Force stopping com.avira.android appid=10127 user=0: clear data
06-02 20:37:54.667 603-614/? I/ActivityManager: Killing 31442:com.avira.android/u0a127 (adj 0): stop com.avira.android
06-02 20:37:54.689 603-1429/? D/GraphicsStats: Buffer count: 9
06-02 20:37:54.689 603-1429/? I/WindowState: WIN DEATH: Window{d2fdc7a u0 com.avira.android/com.avira.android.welcome.WelcomeActivity}
06-02 20:37:54.694 603-767/? I/WindowState: WIN DEATH: Window{cafc282 u0 com.avira.android/com.avira.android.registration.LoginActivity}
06-02 20:37:54.814 603-614/? W/ActivityManager: Scheduling restart of crashed service com.avira.android/.FreshInstallFlowControllerService in 1000ms
06-02 20:37:54.814 603-614/? W/ActivityManager: Force removing ActivityRecord{ca980d2 u0 com.avira.android/.registration.LoginActivity t572}: app died, no saved state
06-02 20:37:54.843 603-614/? I/ActivityManager: Start proc 31585:com.avira.android/u0a127 for activity com.avira.android/.welcome.WelcomeActivity
06-02 20:37:54.846 603-614/? I/ActivityManager:   Force finishing activity ActivityRecord{e46c579 u0 com.avira.android/.welcome.WelcomeActivity t572}
06-02 20:37:54.896 603-621/? W/WindowManager: Attempted to add application window with unknown token Token{8e322be ActivityRecord{e46c579 u0 com.avira.android/.welcome.WelcomeActivity t572 f}}.  Aborting.
06-02 20:37:54.897 603-621/? W/WindowManager: Token{8e322be ActivityRecord{e46c579 u0 com.avira.android/.welcome.WelcomeActivity t572 f}} already running, starting window not displayed. Unable to add window -- token Token{8e322be ActivityRecord{e46c579 u0 com.avira.android/.welcome.WelcomeActivity t572 f}} is not valid; is your activity running?
06-02 20:37:54.897 603-621/? W/WindowManager: view not successfully added to wm, removing view
06-02 20:37:54.897 603-621/? W/WindowManager: Exception when adding starting window
                                              java.lang.IllegalArgumentException: View=com.android.internal.policy.PhoneWindow$DecorView{902aed7 V.E...... R.....ID 0,0-0,0} not attached to window manager
                                                  at android.view.WindowManagerGlobal.findViewLocked(WindowManagerGlobal.java:424)
                                                  at android.view.WindowManagerGlobal.removeView(WindowManagerGlobal.java:350)
                                                  at android.view.WindowManagerImpl.removeViewImmediate(WindowManagerImpl.java:116)
                                                  at com.android.server.policy.PhoneWindowManager.addStartingWindow(PhoneWindowManager.java:2385)
                                                  at com.android.server.wm.WindowManagerService$H.handleMessage(WindowManagerService.java:7843)
                                                  at android.os.Handler.dispatchMessage(Handler.java:102)
                                                  at android.os.Looper.loop(Looper.java:148)
                                                  at android.os.HandlerThread.run(HandlerThread.java:61)
                                                  at com.android.server.ServiceThread.run(ServiceThread.java:46)
06-02 20:37:54.899 603-621/? W/WindowAnimator: Failed to dispatch window animation state change.
                                               android.os.DeadObjectException
                                                   at android.os.BinderProxy.transactNative(Native Method)
                                                   at android.os.BinderProxy.transact(Binder.java:503)
                                                   at android.view.IWindow$Stub$Proxy.onAnimationStarted(IWindow.java:520)
                                                   at com.android.server.wm.WindowAnimator.updateWindowsLocked(WindowAnimator.java:282)
                                                   at com.android.server.wm.WindowAnimator.animateLocked(WindowAnimator.java:678)
                                                   at com.android.server.wm.WindowAnimator.-wrap0(WindowAnimator.java)
                                                   at com.android.server.wm.WindowAnimator$1.doFrame(WindowAnimator.java:123)
                                                   at android.view.Choreographer$CallbackRecord.run(Choreographer.java:856)
                                                   at android.view.Choreographer.doCallbacks(Choreographer.java:670)
                                                   at android.view.Choreographer.doFrame(Choreographer.java:603)
                                                   at android.view.Choreographer$FrameDisplayEventReceiver.run(Choreographer.java:844)
                                                   at android.os.Handler.handleCallback(Handler.java:739)
                                                   at android.os.Handler.dispatchMessage(Handler.java:95)
                                                   at android.os.Looper.loop(Looper.java:148)
                                                   at android.os.HandlerThread.run(HandlerThread.java:61)
                                                   at com.android.server.ServiceThread.run(ServiceThread.java:46)
06-02 20:37:54.911 603-1369/? W/ActivityManager: Spurious death for ProcessRecord{bcf4646 0:com.avira.android/u0a127}, curProc for 31442: null
06-02 20:37:55.096 3264-6171/? D/Index: Deleting data for locale 'en_US' took 6 millis
06-02 20:37:55.104 31576-31576/? I/art: System.exit called, status: 0
06-02 20:37:55.104 31576-31576/? I/AndroidRuntime: VM exiting with result code 0.
06-02 20:37:55.109 3264-6171/? D/Index: Indexing locale 'en_US' took 13 millis
06-02 20:37:55.124 31585-31585/? I/System.out: Extracting lib/armeabi/libarthook_native.so to: /data/user/0/com.avira.android/files/appguard_monitor_libs/libarthook_native.so
06-02 20:37:55.125 603-621/? W/WindowAnimator: Failed to dispatch window animation state change.
                                               android.os.DeadObjectException
                                                   at android.os.BinderProxy.transactNative(Native Method)
                                                   at android.os.BinderProxy.transact(Binder.java:503)
                                                   at android.view.IWindow$Stub$Proxy.onAnimationStopped(IWindow.java:534)
                                                   at com.android.server.wm.WindowAnimator.updateWindowsLocked(WindowAnimator.java:286)
                                                   at com.android.server.wm.WindowAnimator.animateLocked(WindowAnimator.java:678)
                                                   at com.android.server.wm.WindowAnimator.-wrap0(WindowAnimator.java)
                                                   at com.android.server.wm.WindowAnimator$1.doFrame(WindowAnimator.java:123)
                                                   at android.view.Choreographer$CallbackRecord.run(Choreographer.java:856)
                                                   at android.view.Choreographer.doCallbacks(Choreographer.java:670)
                                                   at android.view.Choreographer.doFrame(Choreographer.java:603)
                                                   at android.view.Choreographer$FrameDisplayEventReceiver.run(Choreographer.java:844)
                                                   at android.os.Handler.handleCallback(Handler.java:739)
                                                   at android.os.Handler.dispatchMessage(Handler.java:95)
                                                   at android.os.Looper.loop(Looper.java:148)
                                                   at android.os.HandlerThread.run(HandlerThread.java:61)
                                                   at com.android.server.ServiceThread.run(ServiceThread.java:46)
06-02 20:37:55.126 31585-31585/? I/System.out: Extracting lib/armeabi-v7a/libarthook_native.so to: /data/user/0/com.avira.android/files/appguard_monitor_libs/libarthook_native.so
06-02 20:37:55.195 31614-31614/? I/dex2oat: /system/bin/dex2oat --dex-file=/data/local/tmp/monitor.apk --oat-file=/data/user/0/com.avira.android/files/appguard_monitor_odex/monitor.dex
06-02 20:37:55.865 31614-31614/? I/dex2oat: dex2oat took 670.593ms (threads: 4) arena alloc=979KB java alloc=499KB native alloc=3MB free=2MB
06-02 20:37:55.875 31585-31585/? D/Monitor_server: Starting monitor TCP server...
06-02 20:37:55.879 31585-31624/? D/Monitor_server: Creating server socket bound to port 59701...
06-02 20:37:55.880 31585-31585/? D/Monitor_server: Starting monitor TCP server succeeded. Port used: 59701 PID: 31585
06-02 20:37:55.880 31585-31585/? I/Monitor_init: Monitor constructed successfully.
06-02 20:37:57.494 31637-31637/? I/dex2oat: /system/bin/dex2oat --dex-file=/data/user/0/com.avira.android/app_appguard_dex/app-1464892576203.apk --oat-file=/data/user/0/com.avira.android/app_odex/app-1464892576203.dex
06-02 20:37:59.326 31637-31641/? W/dex2oat: No verified method for method calling String.<init>: void org.json.JSONStringer.<init>(int)
06-02 20:37:59.920 31637-31640/? W/dex2oat: Compilation of com.google.c.a.c com.google.c.a.c.a() took 127.624ms
06-02 20:38:00.526 31637-31637/? I/dex2oat: dex2oat took 3.032s (threads: 4) arena alloc=8MB java alloc=3MB native alloc=18MB free=6MB
06-02 20:38:00.548 31585-31585/? I/Monitor_API_method_call: TId: 1 objCls: android.app.ActivityThread mthd: installContentProviders retCls: void params: android.content.Context com.srt.appguard.loader.MonitorLoaderApplication@c75a51e java.util.List [ContentProviderInfo{name=com.avira.android.idsafeguard_className=com.avira.android.idsafeguard.database.IdSafeguardContentProvider}] stacktrace: dalvik.system.VMStack.getThreadStackTrace(Native Method)->java.lang.Thread.getStackTrace(Thread.java:580)->org.droidmate.monitor_generator.generated.Monitor.getStackTrace(Monitor.java:446)->org.droidmate.monitor_generator.generated.Monitor.redir_android_app_ActivityThread_installContentProviders2(Monitor.java:708)->android.app.ActivityThread.handleBindApplication(ActivityThread.java:4688)->android.app.ActivityThread.-wrap1(ActivityThread.java)->android.app.ActivityThread$H.handleMessage(ActivityThread.java:1405)->android.os.Handler.dispatchMessage(Handler.java:102)->android.os.Looper.loop(Looper.java:148)->android.app.ActivityThread.main(ActivityThread.java:5417)->java.lang.reflect.Method.invoke(Native Method)->com.android.internal.os.ZygoteInit$MethodAndArgsCaller.run(ZygoteInit.java:726)->com.android.internal.os.ZygoteInit.main(ZygoteInit.java:616)
06-02 20:38:00.563 31585-31585/? D/ACRA: Retrieve application default SharedPreferences.
06-02 20:38:00.564 31585-31585/? D/ACRA: Set OnSharedPreferenceChangeListener.
06-02 20:38:00.569 31585-31585/? D/ACRA: ACRA is enabled for com.avira.android, intializing...
06-02 20:38:00.577 31585-31585/? D/ACRA: Looking for error files in /data/user/0/com.avira.android/files
06-02 20:38:01.017 31652-31652/? D/AndroidRuntime: >>>>>> START com.android.internal.os.RuntimeInit uid 2000 <<<<<<
06-02 20:38:01.069 31652-31652/? D/ICU: No timezone override file found: /data/misc/zoneinfo/current/icu/icu_tzdata.dat
06-02 20:38:01.117 31652-31652/? I/Radio-JNI: register_android_hardware_Radio DONE
06-02 20:38:01.145 31652-31652/? D/AndroidRuntime: Calling main entry com.android.commands.pm.Pm
06-02 20:38:01.152 603-1402/? I/ActivityManager: Force stopping com.avira.android appid=10127 user=0: clear data
06-02 20:38:01.152 603-1402/? I/ActivityManager: Killing 31585:com.avira.android/u0a127 (adj 11): stop com.avira.android
06-02 20:38:01.274 603-767/? W/ActivityManager: Spurious death for ProcessRecord{ba97b51 0:com.avira.android/u0a127}, curProc for 31585: null
06-02 20:38:01.344 31652-31652/? I/art: System.exit called, status: 0
06-02 20:38:01.344 31652-31652/? I/AndroidRuntime: VM exiting with result code 0.
06-02 20:38:04.581 603-2341/? D/NetlinkSocketObserver: NeighborEvent{elapsedMs=20866049, 10.9.56.1, [002304FAEF80], RTM_NEWNEIGH, NUD_STALE}
06-02 20:38:06.437 16093-16109/org.droidmate.uiautomator2daemon.UiAutomator2Daemon D/droidmate/uiad: Getting window hierarchy dump
06-02 20:38:06.437 16093-16109/org.droidmate.uiautomator2daemon.UiAutomator2Daemon D/droidmate/uiad: Dump data directory: /data/user/0/org.droidmate.uiautomator2daemon.UiAutomator2Daemon/files
06-02 20:38:06.437 16093-16109/org.droidmate.uiautomator2daemon.UiAutomator2Daemon D/droidmate/uiad: Dump data file: /data/user/0/org.droidmate.uiautomator2daemon.UiAutomator2Daemon/files/window_hierarchy_dump.xml
06-02 20:38:06.437 16093-16109/org.droidmate.uiautomator2daemon.UiAutomator2Daemon D/droidmate/uiad: Trying to create dump file '/data/user/0/org.droidmate.uiautomator2daemon.UiAutomator2Daemon/files/window_hierarchy_dump.xml'
06-02 20:38:06.437 16093-16109/org.droidmate.uiautomator2daemon.UiAutomator2Daemon D/droidmate/uiad: Executing dump
06-02 20:38:06.479 16093-16109/org.droidmate.uiautomator2daemon.UiAutomator2Daemon D/droidmate/uiad: Dump executed
06-02 20:38:06.485 16093-16109/org.droidmate.uiautomator2daemon.UiAutomator2Daemon D/droidmate/server: serverSocket.accept(59800)
06-02 20:38:06.499 16093-16109/org.droidmate.uiautomator2daemon.UiAutomator2Daemon D/droidmate/uiad: Checking wifi state.
06-02 20:38:06.645 603-614/? I/ActivityManager: START u0 {act=android.intent.action.MAIN cat=[android.intent.category.LAUNCHER] flg=0x10200000 cmp=com.android.settings/.Settings bnds=[24,1140][216,1332] (has extras)} from uid 10014 on display 0
06-02 20:38:06.645 192-637/? D/audio_hw_primary: out_set_parameters: enter: usecase(1: low-latency-playback) kvpairs: routing=2
06-02 20:38:06.656 192-637/? D/audio_hw_primary: select_devices: out_snd_device(2: speaker) in_snd_device(0: none)
06-02 20:38:06.656 192-637/? D/ACDB-LOADER: ACDB -> send_afe_cal
06-02 20:38:06.656 192-637/? D/audio_hw_primary: enable_snd_device: snd_device(2: speaker)
06-02 20:38:06.664 192-637/? D/audio_hw_primary: enable_audio_route: apply and update mixer path: low-latency-playback
06-02 20:38:06.841 3264-3264/? D/DashboardSummary: rebuildUI took: 95 ms
06-02 20:38:09.054 16093-16109/org.droidmate.uiautomator2daemon.UiAutomator2Daemon D/droidmate/uiad: GUI stabilized after 1 iterations / 2365ms
06-02 20:38:09.054 16093-16109/org.droidmate.uiautomator2daemon.UiAutomator2Daemon D/droidmate/uiad: Getting 'DeviceModel'
06-02 20:38:09.920 192-637/? D/audio_hw_primary: disable_audio_route: reset and update mixer path: low-latency-playback
06-02 20:38:09.920 192-637/? D/audio_hw_primary: disable_snd_device: snd_device(2: speaker)
06-02 20:38:14.361 603-2341/? D/NetlinkSocketObserver: NeighborEvent{elapsedMs=20875829, 10.9.56.1, [002304FAEF80], RTM_NEWNEIGH, NUD_REACHABLE}
06-02 20:38:19.221 603-2341/? D/NetlinkSocketObserver: NeighborEvent{elapsedMs=20880689, 10.9.56.1, [002304FAEF80], RTM_NEWNEIGH, NUD_STALE}
06-02 20:38:20.642 16093-16109/org.droidmate.uiautomator2daemon.UiAutomator2Daemon I/droidmate/uiad: Wifi switch not found, looking for button.
06-02 20:38:20.688 16093-16109/org.droidmate.uiautomator2daemon.UiAutomator2Daemon E/droidmate/uiad: Wifi container position x=304
06-02 20:38:20.713 16093-16109/org.droidmate.uiautomator2daemon.UiAutomator2Daemon E/droidmate/uiad: Wifi container position y=328
06-02 20:38:20.713 16093-16109/org.droidmate.uiautomator2daemon.UiAutomator2Daemon I/droidmate/uiad: Wifi button located, pressing it.
06-02 20:38:20.828 603-1369/? I/ActivityManager: START u0 {act=android.intent.action.MAIN cmp=com.android.settings/.SubSettings (has extras)} from uid 1000 on display 0
06-02 20:38:20.829 192-637/? D/audio_hw_primary: out_set_parameters: enter: usecase(1: low-latency-playback) kvpairs: routing=2
06-02 20:38:20.839 192-637/? D/audio_hw_primary: select_devices: out_snd_device(2: speaker) in_snd_device(0: none)
06-02 20:38:20.839 192-637/? D/ACDB-LOADER: ACDB -> send_afe_cal
06-02 20:38:20.839 192-637/? D/audio_hw_primary: enable_snd_device: snd_device(2: speaker)
06-02 20:38:20.847 192-637/? D/audio_hw_primary: enable_audio_route: apply and update mixer path: low-latency-playback
06-02 20:38:20.871 3264-3264/? D/SubSettings: Launching fragment com.android.settings.wifi.WifiSettings
06-02 20:38:20.990 3264-9410/? D/Index: Deleting data for locale 'en_US' took 5 millis
06-02 20:38:21.007 3264-9410/? D/Index: Indexing locale 'en_US' took 17 millis
06-02 20:38:21.023 603-621/? I/ActivityManager: Displayed com.android.settings/.SubSettings: +183ms (total +26s208ms)
06-02 20:38:21.112 3264-9410/? D/Index: Deleting data for locale 'en_US' took 3 millis
06-02 20:38:21.121 3264-9410/? D/Index: Indexing locale 'en_US' took 9 millis
06-02 20:38:21.531 1155-31718/? E/ProtoReq: [946] a.a: want to send authenticated request, but no Google account on device
06-02 20:38:21.531 1155-31718/? W/BaseAppContext: Using Auth Proxy for data requests.
06-02 20:38:21.610 1155-2047/? E/Volley: [103] BasicNetwork.performRequest: Unexpected response code 307 for https://android.googleapis.com/nova/herrevad/network_quality_info
06-02 20:38:21.611 1155-31718/? W/RmtRprtRfrshSvc: [946] RemoteReportsRefreshService.a: java.util.concurrent.ExecutionException: com.android.volley.ServerError
                                                   java.util.concurrent.ExecutionException: com.android.volley.ServerError
                                                       at com.android.volley.toolbox.RequestFuture.doGet(SourceFile:117)
                                                       at com.android.volley.toolbox.RequestFuture.get(SourceFile:88)
                                                       at com.google.android.gms.herrevad.services.RemoteReportsRefreshService.a(SourceFile:122)
                                                       at com.google.android.gms.herrevad.services.RemoteReportsRefreshService.a(SourceFile:80)
                                                       at com.google.android.gms.gcm.al.run(SourceFile:135)
                                                    Caused by: com.android.volley.ServerError
                                                       at com.android.volley.toolbox.BasicNetwork.performRequest(SourceFile:163)
                                                       at com.google.android.gms.common.server.v.performRequest(SourceFile:48)
                                                       at com.android.volley.NetworkDispatcher.run(SourceFile:112)
06-02 20:38:23.335 16093-16109/org.droidmate.uiautomator2daemon.UiAutomator2Daemon D/droidmate/uiad: GUI stabilized after 2 iterations / 2513ms
06-02 20:38:23.335 16093-16109/org.droidmate.uiautomator2daemon.UiAutomator2Daemon I/droidmate/uiad: Locating wifi switch, again.
06-02 20:38:23.353 16093-16109/org.droidmate.uiautomator2daemon.UiAutomator2Daemon D/UiObject: getText() = ON
06-02 20:38:23.362 603-652/? I/ActivityManager: START u0 {act=android.intent.action.MAIN cat=[android.intent.category.HOME] flg=0x10200000 cmp=com.android.launcher/com.android.launcher2.Launcher (has extras)} from uid 1000 on display 0
06-02 20:38:23.492 603-612/? I/art: Background partial concurrent mark sweep GC freed 43522(2MB) AllocSpace objects, 10(208KB) LOS objects, 33% free, 20MB/30MB, paused 2.380ms total 107.025ms
06-02 20:38:24.104 192-637/? D/audio_hw_primary: disable_audio_route: reset and update mixer path: low-latency-playback
06-02 20:38:24.104 192-637/? D/audio_hw_primary: disable_snd_device: snd_device(2: speaker)
06-02 20:38:26.456 16093-16109/org.droidmate.uiautomator2daemon.UiAutomator2Daemon D/droidmate/uiad: GUI stabilized after 1 iterations / 2926ms
06-02 20:38:26.460 16093-16109/org.droidmate.uiautomator2daemon.UiAutomator2Daemon D/droidmate/server: serverSocket.accept(59800)
06-02 20:38:26.591 603-2341/? D/NetlinkSocketObserver: NeighborEvent{elapsedMs=20888059, 10.9.56.1, [002304FAEF80], RTM_NEWNEIGH, NUD_REACHABLE}
06-02 20:38:26.613 16093-16109/org.droidmate.uiautomator2daemon.UiAutomator2Daemon D/droidmate/uiad: Getting window hierarchy dump
06-02 20:38:26.614 16093-16109/org.droidmate.uiautomator2daemon.UiAutomator2Daemon D/droidmate/uiad: Dump data directory: /data/user/0/org.droidmate.uiautomator2daemon.UiAutomator2Daemon/files
06-02 20:38:26.614 16093-16109/org.droidmate.uiautomator2daemon.UiAutomator2Daemon D/droidmate/uiad: Dump data file: /data/user/0/org.droidmate.uiautomator2daemon.UiAutomator2Daemon/files/window_hierarchy_dump.xml
06-02 20:38:26.615 16093-16109/org.droidmate.uiautomator2daemon.UiAutomator2Daemon D/droidmate/uiad: Trying to create dump file '/data/user/0/org.droidmate.uiautomator2daemon.UiAutomator2Daemon/files/window_hierarchy_dump.xml'
06-02 20:38:26.615 16093-16109/org.droidmate.uiautomator2daemon.UiAutomator2Daemon D/droidmate/uiad: Executing dump
06-02 20:38:26.700 16093-16109/org.droidmate.uiautomator2daemon.UiAutomator2Daemon D/droidmate/uiad: Dump executed
06-02 20:38:26.723 16093-16109/org.droidmate.uiautomator2daemon.UiAutomator2Daemon D/droidmate/server: serverSocket.accept(59800)
06-02 20:38:27.539 31761-31761/? D/AndroidRuntime: >>>>>> START com.android.internal.os.RuntimeInit uid 2000 <<<<<<
06-02 20:38:27.592 31761-31761/? D/ICU: No timezone override file found: /data/misc/zoneinfo/current/icu/icu_tzdata.dat
06-02 20:38:27.653 31761-31761/? I/Radio-JNI: register_android_hardware_Radio DONE
06-02 20:38:27.684 31761-31761/? D/AndroidRuntime: Calling main entry com.android.commands.am.Am
06-02 20:38:27.688 603-1344/? I/ActivityManager: Force stopping com.avira.android appid=10127 user=0: from pid 31761
06-02 20:38:27.941 603-1051/? I/ActivityManager: START u0 {act=android.intent.action.MAIN cat=[android.intent.category.LAUNCHER] flg=0x10000000 cmp=com.avira.android/.AviraMobileSecurityActivity} from uid 2000 on display 0
06-02 20:38:28.061 603-1429/? I/ActivityManager: Start proc 31776:com.avira.android/u0a127 for activity com.avira.android/.AviraMobileSecurityActivity
06-02 20:38:28.157 31776-31776/? I/System.out: Extracting lib/armeabi/libarthook_native.so to: /data/user/0/com.avira.android/files/appguard_monitor_libs/libarthook_native.so
06-02 20:38:28.159 31776-31776/? I/System.out: Extracting lib/armeabi-v7a/libarthook_native.so to: /data/user/0/com.avira.android/files/appguard_monitor_libs/libarthook_native.so
06-02 20:38:28.210 31800-31800/? I/dex2oat: /system/bin/dex2oat --dex-file=/data/local/tmp/monitor.apk --oat-file=/data/user/0/com.avira.android/files/appguard_monitor_odex/monitor.dex
06-02 20:38:28.933 31800-31800/? I/dex2oat: dex2oat took 723.846ms (threads: 4) arena alloc=829KB java alloc=499KB native alloc=3MB free=1939KB
06-02 20:38:28.949 31776-31776/? D/Monitor_server: Starting monitor TCP server...
06-02 20:38:28.954 31776-31810/? D/Monitor_server: Creating server socket bound to port 59701...
06-02 20:38:28.955 31776-31776/? D/Monitor_server: Starting monitor TCP server succeeded. Port used: 59701 PID: 31776
06-02 20:38:28.955 31776-31776/? I/Monitor_init: Monitor constructed successfully.
06-02 20:38:29.768 31776-31776/? D/AppDexLoader: Loading app-1464892576203.apk
06-02 20:38:30.641 31825-31825/? I/dex2oat: /system/bin/dex2oat --dex-file=/data/user/0/com.avira.android/app_appguard_dex/app-1464892576203.apk --oat-file=/data/user/0/com.avira.android/app_odex/app-1464892576203.dex
06-02 20:38:31.461 603-2341/? D/NetlinkSocketObserver: NeighborEvent{elapsedMs=20892929, 10.9.56.1, [002304FAEF80], RTM_NEWNEIGH, NUD_STALE}
06-02 20:38:32.414 31825-31825/? W/dex2oat: No verified method for method calling String.<init>: void org.json.JSONStringer.<init>(int)
06-02 20:38:33.002 31825-31828/? W/dex2oat: Compilation of com.google.c.a.c com.google.c.a.c.a() took 123.291ms
06-02 20:38:33.525 31825-31825/? I/dex2oat: dex2oat took 2.884s (threads: 4) arena alloc=8MB java alloc=3MB native alloc=18MB free=6MB
06-02 20:38:33.544 31776-31776/? I/Monitor_API_method_call: TId: 1 objCls: android.app.ActivityThread mthd: installContentProviders retCls: void params: android.content.Context com.srt.appguard.loader.MonitorLoaderApplication@79446e java.util.List [ContentProviderInfo{name=com.avira.android.idsafeguard_className=com.avira.android.idsafeguard.database.IdSafeguardContentProvider}] stacktrace: dalvik.system.VMStack.getThreadStackTrace(Native Method)->java.lang.Thread.getStackTrace(Thread.java:580)->org.droidmate.monitor_generator.generated.Monitor.getStackTrace(Monitor.java:446)->org.droidmate.monitor_generator.generated.Monitor.redir_android_app_ActivityThread_installContentProviders2(Monitor.java:708)->android.app.ActivityThread.handleBindApplication(ActivityThread.java:4688)->android.app.ActivityThread.-wrap1(ActivityThread.java)->android.app.ActivityThread$H.handleMessage(ActivityThread.java:1405)->android.os.Handler.dispatchMessage(Handler.java:102)->android.os.Looper.loop(Looper.java:148)->android.app.ActivityThread.main(ActivityThread.java:5417)->java.lang.reflect.Method.invoke(Native Method)->com.android.internal.os.ZygoteInit$MethodAndArgsCaller.run(ZygoteInit.java:726)->com.android.internal.os.ZygoteInit.main(ZygoteInit.java:616)
06-02 20:38:33.557 31776-31776/? D/ACRA: Retrieve application default SharedPreferences.
06-02 20:38:33.558 31776-31776/? D/ACRA: Set OnSharedPreferenceChangeListener.
06-02 20:38:33.559 31776-31776/? D/ACRA: ACRA is enabled for com.avira.android, intializing...
06-02 20:38:33.568 31776-31776/? D/ACRA: Looking for error files in /data/user/0/com.avira.android/files
06-02 20:38:33.894 603-1363/? I/WindowManager: Screenshot max retries 4 of Token{f815095 ActivityRecord{122384c u0 com.avira.android/.AviraMobileSecurityActivity t573 f}} appWin=Window{2a9c59b u0 Starting com.avira.android} drawState=4
06-02 20:38:34.031 31776-31776/? I/Monitor_API_method_call: TId: 1 objCls: android.telephony.TelephonyManager mthd: getDeviceId retCls: java.lang.String params:  stacktrace: dalvik.system.VMStack.getThreadStackTrace(Native Method)->java.lang.Thread.getStackTrace(Thread.java:580)->org.droidmate.monitor_generator.generated.Monitor.getStackTrace(Monitor.java:446)->org.droidmate.monitor_generator.generated.Monitor.redir_android_telephony_TelephonyManager_getDeviceId0(Monitor.java:1688)->com.avira.android.c.a.a(SourceFile:162)->com.avira.android.c.a.a(SourceFile:199)->com.avira.android.b.g.c(SourceFile:77)->com.avira.android.b.g.d(SourceFile:129)->com.avira.android.b.g.e(SourceFile:245)->com.avira.android.b.g.a(SourceFile:178)->com.avira.android.b.g.a(SourceFile:228)->com.avira.android.b.i.a(SourceFile:114)->com.avira.android.b.a.a(SourceFile:187)->com.avira.android.b.j.onCreate(SourceFile:369)->android.database.sqlite.SQLiteOpenHelper.getDatabaseLocked(SQLiteOpenHelper.java:251)->android.database.sqlite.SQLiteOpenHelper.getWritableDatabase(SQLiteOpenHelper.java:163)->com.avira.android.b.i.b(SourceFile:95)->com.avira.android.b.i.a(SourceFile:139)->com.avira.android.b.i.e(SourceFile:285)->com.avira.android.b.a.a(SourceFile:133)->com.avira.android.premium.b.b(SourceFile:90)->com.avira.android.ApplicationService.m(SourceFile:664)->com.avira.android.FreshInstallFlowControllerService.<init>(SourceFile:57)->java.lang.Class.newInstance(Native Method)->android.app.ActivityThread.handleCreateService(ActivityThread.java:2859)->android.app.ActivityThread.-wrap4(ActivityThread.java)->android.app.ActivityThread$H.handleMessage(ActivityThread.java:1427)->android.os.Handler.dispatchMessage(Handler.java:102)->android.os.Looper.loop(Looper.java:148)->android.app.ActivityThread.main(ActivityThread.java:5417)->java.lang.reflect.Method.invoke(Native Method)->com.android.internal.os.ZygoteInit$MethodAndArgsCaller.run(ZygoteInit.java:726)->com.android.internal.os.ZygoteInit.main(ZygoteInit.java:616)
06-02 20:38:34.081 603-613/? I/ActivityManager: START u0 {flg=0x10008000 cmp=com.avira.android/.welcome.WelcomeActivity} from uid 10127 on display 0
06-02 20:38:34.142 31776-31850/? I/Monitor_API_method_call: TId: 747 objCls: android.telephony.TelephonyManager mthd: getDeviceId retCls: java.lang.String params:  stacktrace: dalvik.system.VMStack.getThreadStackTrace(Native Method)->java.lang.Thread.getStackTrace(Thread.java:580)->org.droidmate.monitor_generator.generated.Monitor.getStackTrace(Monitor.java:446)->org.droidmate.monitor_generator.generated.Monitor.redir_android_telephony_TelephonyManager_getDeviceId0(Monitor.java:1688)->com.avira.android.c.a.a(SourceFile:162)->com.avira.android.c.a.a(SourceFile:199)->com.avira.android.sauth.api.b.<init>(SourceFile:56)->com.avira.android.sauth.SauthApiIntentService.onHandleIntent(SourceFile:50)->android.app.IntentService$ServiceHandler.handleMessage(IntentService.java:66)->android.os.Handler.dispatchMessage(Handler.java:102)->android.os.Looper.loop(Looper.java:148)->android.os.HandlerThread.run(HandlerThread.java:61)
06-02 20:38:34.146 31776-31850/? I/Monitor_API_method_call: TId: 747 objCls: android.telephony.TelephonyManager mthd: getDeviceId retCls: java.lang.String params:  stacktrace: dalvik.system.VMStack.getThreadStackTrace(Native Method)->java.lang.Thread.getStackTrace(Thread.java:580)->org.droidmate.monitor_generator.generated.Monitor.getStackTrace(Monitor.java:446)->org.droidmate.monitor_generator.generated.Monitor.redir_android_telephony_TelephonyManager_getDeviceId0(Monitor.java:1688)->com.avira.android.c.a.a(SourceFile:162)->com.avira.android.c.a.b(SourceFile:209)->com.avira.android.sauth.api.b.<init>(SourceFile:57)->com.avira.android.sauth.SauthApiIntentService.onHandleIntent(SourceFile:50)->android.app.IntentService$ServiceHandler.handleMessage(IntentService.java:66)->android.os.Handler.dispatchMessage(Handler.java:102)->android.os.Looper.loop(Looper.java:148)->android.os.HandlerThread.run(HandlerThread.java:61)
06-02 20:38:34.167 31776-31850/? I/Avira Mobile Security: STHAPIINTSRV - Sending Sauth Request
06-02 20:38:34.187 31776-31850/? I/Monitor_API_method_call: TId: 747 objCls: java.net.URL mthd: openConnection retCls: java.net.URLConnection params:  stacktrace: dalvik.system.VMStack.getThreadStackTrace(Native Method)->java.lang.Thread.getStackTrace(Thread.java:580)->org.droidmate.monitor_generator.generated.Monitor.getStackTrace(Monitor.java:446)->org.droidmate.monitor_generator.generated.Monitor.redir_java_net_URL_openConnection0(Monitor.java:1868)->com.avira.android.web.g.a(SourceFile:40)->com.avira.android.web.h.a(SourceFile:410)->com.avira.android.web.h.a(SourceFile:375)->com.avira.android.web.h.a(SourceFile:102)->com.avira.android.sauth.api.a.a(SourceFile:52)->com.avira.android.sauth.SauthApiIntentService.onHandleIntent(SourceFile:54)->android.app.IntentService$ServiceHandler.handleMessage(IntentService.java:66)->android.os.Handler.dispatchMessage(Handler.java:102)->android.os.Looper.loop(Looper.java:148)->android.os.HandlerThread.run(HandlerThread.java:61)
06-02 20:38:34.197 31776-31776/? I/Monitor_API_method_call: TId: 1 objCls: android.app.Activity mthd: onResume retCls: void params:  stacktrace: dalvik.system.VMStack.getThreadStackTrace(Native Method)->java.lang.Thread.getStackTrace(Thread.java:580)->org.droidmate.monitor_generator.generated.Monitor.getStackTrace(Monitor.java:446)->org.droidmate.monitor_generator.generated.Monitor.redir_android_app_Activity_onResume0(Monitor.java:718)->android.support.v4.app.FragmentActivity.onResume(SourceFile:436)->com.avira.android.welcome.WelcomeActivity.onResume(SourceFile:227)->android.app.Instrumentation.callActivityOnResume(Instrumentation.java:1258)->android.app.Activity.performResume(Activity.java:6327)->android.app.ActivityThread.performResumeActivity(ActivityThread.java:3092)->android.app.ActivityThread.handleResumeActivity(ActivityThread.java:3134)->android.app.ActivityThread.handleLaunchActivity(ActivityThread.java:2481)->android.app.ActivityThread.-wrap11(ActivityThread.java)->android.app.ActivityThread$H.handleMessage(ActivityThread.java:1344)->android.os.Handler.dispatchMessage(Handler.java:102)->android.os.Looper.loop(Looper.java:148)->android.app.ActivityThread.main(ActivityThread.java:5417)->java.lang.reflect.Method.invoke(Native Method)->com.android.internal.os.ZygoteInit$MethodAndArgsCaller.run(ZygoteInit.java:726)->com.android.internal.os.ZygoteInit.main(ZygoteInit.java:616)
06-02 20:38:34.323 31776-31850/? I/Monitor_API_method_call: TId: 747 objCls: java.net.Socket mthd: connect retCls: void params: java.net.SocketAddress api.mobile.avira.com/52.50.93.165:443 int 15000 stacktrace: dalvik.system.VMStack.getThreadStackTrace(Native Method)->java.lang.Thread.getStackTrace(Thread.java:580)->org.droidmate.monitor_generator.generated.Monitor.getStackTrace(Monitor.java:446)->org.droidmate.monitor_generator.generated.Monitor.redir_java_net_Socket_connect2(Monitor.java:1858)->com.android.okhttp.internal.Platform.connectSocket(Platform.java:117)->com.android.okhttp.internal.http.SocketConnector.connectRawSocket(SocketConnector.java:160)->com.android.okhttp.internal.http.SocketConnector.connectTls(SocketConnector.java:79)->com.android.okhttp.Connection.connect(Connection.java:143)->com.android.okhttp.Connection.connectAndSetOwner(Connection.java:185)->com.android.okhttp.OkHttpClient$1.connectAndSetOwner(OkHttpClient.java:128)->com.android.okhttp.internal.http.HttpEngine.nextConnection(HttpEngine.java:341)->com.android.okhttp.internal.http.HttpEngine.connect(HttpEngine.java:330)->com.android.okhttp.internal.http.HttpEngine.sendRequest(HttpEngine.java:248)->com.android.okhttp.internal.huc.HttpURLConnectionImpl.execute(HttpURLConnectionImpl.java:437)->com.android.okhttp.internal.huc.HttpURLConnectionImpl.connect(HttpURLConnectionImpl.java:114)->com.android.okhttp.internal.huc.HttpURLConnectionImpl.getOutputStream(HttpURLConnectionImpl.java:245)->com.android.okhttp.internal.huc.DelegatingHttpsURLConnection.getOutputStream(DelegatingHttpsURLConnection.java:218)->com.android.okhttp.internal.huc.HttpsURLConnectionImpl.getOutputStream(HttpsURLConnectionImpl.java)->com.avira.android.web.h.a(SourceFile:418)->com.avira.android.web.h.a(SourceFile:375)->com.avira.android.web.h.a(SourceFile:102)->com.avira.android.sauth.api.a.a(SourceFile:52)->com.avira.android.sauth.SauthApiIntentService.onHandleIntent(SourceFile:54)->android.app.IntentService$ServiceHandler.handleMessage(IntentService.java:66)->android.os.Handler.dispatchMessage(Handler.java:102)->android.os.Looper.loop(Looper.java:148)->android.os.HandlerThread.run(HandlerThread.java:61)
06-02 20:38:34.441 31776-31797/? I/art: Background partial concurrent mark sweep GC freed 2821(136KB) AllocSpace objects, 0(0B) LOS objects, 40% free, 15MB/25MB, paused 5.187ms total 43.640ms
06-02 20:38:34.569 31776-31850/? I/Avira Mobile Security: STHAPIINTSRV - Sauth Response OK
06-02 20:38:34.634 31776-31854/? I/Adreno-EGL: <qeglDrvAPI_eglInitialize:379>: QUALCOMM Build: 10/21/15, 369a2ea, I96aee987eb
06-02 20:38:34.914 603-621/? I/ActivityManager: Displayed com.avira.android/.welcome.WelcomeActivity: +804ms (total +6s866ms)
06-02 20:38:34.915 31761-31761/? D/AndroidRuntime: Shutting down VM
06-02 20:38:39.201 603-2341/? D/NetlinkSocketObserver: NeighborEvent{elapsedMs=20900669, 10.9.56.1, [002304FAEF80], RTM_NEWNEIGH, NUD_REACHABLE}
06-02 20:38:40.142 16093-16109/org.droidmate.uiautomator2daemon.UiAutomator2Daemon D/droidmate/uiad: Getting window hierarchy dump
06-02 20:38:40.142 16093-16109/org.droidmate.uiautomator2daemon.UiAutomator2Daemon D/droidmate/uiad: Dump data directory: /data/user/0/org.droidmate.uiautomator2daemon.UiAutomator2Daemon/files
06-02 20:38:40.142 16093-16109/org.droidmate.uiautomator2daemon.UiAutomator2Daemon D/droidmate/uiad: Dump data file: /data/user/0/org.droidmate.uiautomator2daemon.UiAutomator2Daemon/files/window_hierarchy_dump.xml
06-02 20:38:40.142 16093-16109/org.droidmate.uiautomator2daemon.UiAutomator2Daemon D/droidmate/uiad: Trying to create dump file '/data/user/0/org.droidmate.uiautomator2daemon.UiAutomator2Daemon/files/window_hierarchy_dump.xml'
06-02 20:38:40.142 16093-16109/org.droidmate.uiautomator2daemon.UiAutomator2Daemon D/droidmate/uiad: Executing dump
06-02 20:38:40.172 16093-16109/org.droidmate.uiautomator2daemon.UiAutomator2Daemon D/droidmate/uiad: Dump executed
06-02 20:38:40.178 16093-16109/org.droidmate.uiautomator2daemon.UiAutomator2Daemon D/droidmate/server: serverSocket.accept(59800)
06-02 20:38:40.191 16093-16109/org.droidmate.uiautomator2daemon.UiAutomator2Daemon D/droidmate/uiad: Getting window hierarchy dump
06-02 20:38:40.191 16093-16109/org.droidmate.uiautomator2daemon.UiAutomator2Daemon D/droidmate/uiad: Dump data directory: /data/user/0/org.droidmate.uiautomator2daemon.UiAutomator2Daemon/files
06-02 20:38:40.192 16093-16109/org.droidmate.uiautomator2daemon.UiAutomator2Daemon D/droidmate/uiad: Dump data file: /data/user/0/org.droidmate.uiautomator2daemon.UiAutomator2Daemon/files/window_hierarchy_dump.xml
06-02 20:38:40.192 16093-16109/org.droidmate.uiautomator2daemon.UiAutomator2Daemon D/droidmate/uiad: Trying to create dump file '/data/user/0/org.droidmate.uiautomator2daemon.UiAutomator2Daemon/files/window_hierarchy_dump.xml'
06-02 20:38:40.192 16093-16109/org.droidmate.uiautomator2daemon.UiAutomator2Daemon D/droidmate/uiad: Executing dump
06-02 20:38:40.220 16093-16109/org.droidmate.uiautomator2daemon.UiAutomator2Daemon D/droidmate/uiad: Dump executed
06-02 20:38:40.233 16093-16109/org.droidmate.uiautomator2daemon.UiAutomator2Daemon D/droidmate/server: serverSocket.accept(59800)
06-02 20:38:41.101 31893-31893/? D/AndroidRuntime: >>>>>> START com.android.internal.os.RuntimeInit uid 2000 <<<<<<
06-02 20:38:41.154 31893-31893/? D/ICU: No timezone override file found: /data/misc/zoneinfo/current/icu/icu_tzdata.dat
06-02 20:38:41.213 31893-31893/? I/Radio-JNI: register_android_hardware_Radio DONE
06-02 20:38:41.242 31893-31893/? D/AndroidRuntime: Calling main entry com.android.commands.pm.Pm
06-02 20:38:41.247 603-768/? I/ActivityManager: Force stopping com.avira.android appid=10127 user=0: clear data
06-02 20:38:41.247 603-768/? I/ActivityManager: Killing 31776:com.avira.android/u0a127 (adj 0): stop com.avira.android
06-02 20:38:41.267 603-767/? D/GraphicsStats: Buffer count: 9
06-02 20:38:41.267 603-1429/? I/WindowState: WIN DEATH: Window{8ee2762 u0 com.avira.android/com.avira.android.welcome.WelcomeActivity}
06-02 20:38:41.374 603-768/? W/ActivityManager: Scheduling restart of crashed service com.avira.android/.FreshInstallFlowControllerService in 1000ms
06-02 20:38:41.374 603-768/? W/ActivityManager: Force removing ActivityRecord{25db081 u0 com.avira.android/.welcome.WelcomeActivity t574}: app died, no saved state
06-02 20:38:41.395 603-767/? W/ActivityManager: Spurious death for ProcessRecord{c0b57ae 0:com.avira.android/u0a127}, curProc for 31776: null
06-02 20:38:41.511 31893-31893/? I/art: System.exit called, status: 0
06-02 20:38:41.511 31893-31893/? I/AndroidRuntime: VM exiting with result code 0.
06-02 20:38:46.533 16093-16109/org.droidmate.uiautomator2daemon.UiAutomator2Daemon D/droidmate/uiad: Getting window hierarchy dump
06-02 20:38:46.533 16093-16109/org.droidmate.uiautomator2daemon.UiAutomator2Daemon D/droidmate/uiad: Dump data directory: /data/user/0/org.droidmate.uiautomator2daemon.UiAutomator2Daemon/files
06-02 20:38:46.533 16093-16109/org.droidmate.uiautomator2daemon.UiAutomator2Daemon D/droidmate/uiad: Dump data file: /data/user/0/org.droidmate.uiautomator2daemon.UiAutomator2Daemon/files/window_hierarchy_dump.xml
06-02 20:38:46.533 16093-16109/org.droidmate.uiautomator2daemon.UiAutomator2Daemon D/droidmate/uiad: Trying to create dump file '/data/user/0/org.droidmate.uiautomator2daemon.UiAutomator2Daemon/files/window_hierarchy_dump.xml'
06-02 20:38:46.533 16093-16109/org.droidmate.uiautomator2daemon.UiAutomator2Daemon D/droidmate/uiad: Executing dump
06-02 20:38:46.604 16093-16109/org.droidmate.uiautomator2daemon.UiAutomator2Daemon D/droidmate/uiad: Dump executed
06-02 20:38:46.620 16093-16109/org.droidmate.uiautomator2daemon.UiAutomator2Daemon D/droidmate/server: serverSocket.accept(59800)
06-02 20:38:47.489 31935-31935/? D/AndroidRuntime: >>>>>> START com.android.internal.os.RuntimeInit uid 2000 <<<<<<
06-02 20:38:47.542 31935-31935/? D/ICU: No timezone override file found: /data/misc/zoneinfo/current/icu/icu_tzdata.dat
06-02 20:38:47.601 31935-31935/? I/Radio-JNI: register_android_hardware_Radio DONE
06-02 20:38:47.634 31935-31935/? D/AndroidRuntime: Calling main entry com.android.commands.pm.Pm
06-02 20:38:47.638 603-1369/? I/ActivityManager: Force stopping com.avira.android appid=10127 user=0: clear data
06-02 20:38:47.705 31935-31935/? I/art: System.exit called, status: 0
06-02 20:38:47.705 31935-31935/? I/AndroidRuntime: VM exiting with result code 0.
06-02 20:38:51.181 603-2341/? D/NetlinkSocketObserver: NeighborEvent{elapsedMs=20912649, 10.9.56.1, [002304FAEF80], RTM_NEWNEIGH, NUD_STALE}
06-02 20:38:53.541 31963-31963/? D/AndroidRuntime: >>>>>> START com.android.internal.os.RuntimeInit uid 2000 <<<<<<
06-02 20:38:53.593 31963-31963/? D/ICU: No timezone override file found: /data/misc/zoneinfo/current/icu/icu_tzdata.dat
06-02 20:38:53.651 31963-31963/? I/Radio-JNI: register_android_hardware_Radio DONE
06-02 20:38:53.687 31963-31963/? D/AndroidRuntime: Calling main entry com.android.commands.pm.Pm
06-02 20:38:53.694 603-616/? I/ActivityManager: Force stopping com.avira.android appid=10127 user=-1: uninstall pkg
06-02 20:38:53.698 603-627/? I/PackageManager: Removing old permission: com.avira.android.permission.C2D_MESSAGE from package com.avira.android
06-02 20:38:53.699 603-627/? I/PackageManager: Removing old permission: com.avira.android.permission.REMOTE_LOCK_SERVICE from package com.avira.android
06-02 20:38:53.699 603-627/? I/PackageManager: Removing old permission: com.avira.android.permission.INVOKE_WIPE_FEATURES from package com.avira.android
06-02 20:38:53.699 603-627/? I/PackageManager: Removing old permission: com.avira.android.permission.INVOKE_INTERNAL_HANDLER from package com.avira.android
06-02 20:38:53.699 603-627/? I/PackageManager: Removing old permission: com.avira.android.permission.MAPS_RECEIVE from package com.avira.android
06-02 20:38:53.834 603-627/? I/art: Starting a blocking GC Explicit
06-02 20:38:53.895 603-627/? I/art: Explicit concurrent mark sweep GC freed 27418(1710KB) AllocSpace objects, 5(100KB) LOS objects, 33% free, 19MB/29MB, paused 1.098ms total 57.922ms
06-02 20:38:53.900 603-627/? W/PackageManager: Couldn't remove dex file for package:  at location /data/app/com.avira.android-1/base.apk, retcode=-1
06-02 20:38:53.903 31963-31963/? I/art: System.exit called, status: 0
06-02 20:38:53.903 31963-31963/? I/AndroidRuntime: VM exiting with result code 0.
06-02 20:38:53.921 603-627/? I/ActivityManager: Force stopping com.avira.android appid=10127 user=0: pkg removed
06-02 20:38:53.949 1366-1366/? D/CarrierServiceBindHelper: Receive action: android.intent.action.PACKAGE_REMOVED
06-02 20:38:54.057 603-603/? D/JobSchedulerService: Receieved: android.intent.action.PACKAGE_REMOVED
06-02 20:38:54.192 10931-10931/? W/ContextImpl: Calling a method in the system process without a qualified user: android.app.ContextImpl.startService:1221 android.content.ContextWrapper.startService:581 android.content.ContextWrapper.startService:581 com.android.keychain.KeyChainBroadcastReceiver.onReceive:12 android.app.ActivityThread.handleReceiver:2725 
06-02 20:38:54.217 603-1429/? I/BroadcastQueue: Delay finish: com.google.android.apps.plus/.service.PackagesMediaMonitor
06-02 20:38:54.225 603-1413/? I/BroadcastQueue: Resuming delayed broadcast
06-02 20:38:54.283 1009-1840/? D/GCM: GcmService start Intent { act=com.google.android.gms.gcm.PACKAGE_FULLY_REMOVED cmp=com.google.android.gms/.gcm.GcmService (has extras) } com.google.android.gms.gcm.PACKAGE_FULLY_REMOVED
06-02 20:38:54.807 31993-31993/? D/AndroidRuntime: >>>>>> START com.android.internal.os.RuntimeInit uid 2000 <<<<<<
06-02 20:38:54.860 31993-31993/? D/ICU: No timezone override file found: /data/misc/zoneinfo/current/icu/icu_tzdata.dat
06-02 20:38:54.908 31993-31993/? I/Radio-JNI: register_android_hardware_Radio DONE
06-02 20:38:54.936 31993-31993/? D/AndroidRuntime: Calling main entry com.android.commands.pm.Pm
06-02 20:38:54.941 603-1369/? I/PackageManager: Package doesn't exist in get block uninstall com.babbel.mobile.android.en
06-02 20:38:54.941 603-627/? W/PackageManager: Package named 'com.babbel.mobile.android.en' doesn't exist.
06-02 20:38:54.941 603-627/? I/art: Starting a blocking GC Explicit
06-02 20:38:55.020 603-627/? I/art: Explicit concurrent mark sweep GC freed 20015(1346KB) AllocSpace objects, 1(20KB) LOS objects, 33% free, 19MB/29MB, paused 1.556ms total 75.164ms
06-02 20:38:55.023 31993-31993/? E/Pm: Failure details: Bundle[{android.content.pm.extra.STATUS=1, android.content.pm.extra.PACKAGE_NAME=com.babbel.mobile.android.en, android.content.pm.extra.LEGACY_STATUS=-1, android.content.pm.extra.STATUS_MESSAGE=DELETE_FAILED_INTERNAL_ERROR}]
06-02 20:38:55.028 31993-31993/? I/art: System.exit called, status: 1
06-02 20:38:55.028 31993-31993/? I/AndroidRuntime: VM exiting with result code 1.
06-02 20:38:59.071 603-2341/? D/NetlinkSocketObserver: NeighborEvent{elapsedMs=20920539, 10.9.56.1, [002304FAEF80], RTM_NEWNEIGH, NUD_REACHABLE}
06-02 20:39:00.821 603-646/? W/qcom_sensors_hal: hal_sensor1_data_cb: SENSOR1_MSG_TYPE_BROKEN_PIPE
